Archive member included to satisfy reference by file (symbol)

C:/devkitPro/devkitARM/bin/../lib/gcc/arm-none-eabi/14.1.0/thumb\libgcc.a(_call_via_rX.o)
                              mm_main_gba.o (_call_via_r1)
C:/devkitPro/devkitARM/bin/../lib/gcc/arm-none-eabi/14.1.0/thumb\libgcc.a(_aeabi_ldivmod.o)
                              bn_hw_text.o (__aeabi_ldivmod)
C:/devkitPro/devkitARM/bin/../lib/gcc/arm-none-eabi/14.1.0/thumb\libgcc.a(_aeabi_uldivmod.o)
                              bn_hw_text.o (__aeabi_uldivmod)
C:/devkitPro/devkitARM/bin/../lib/gcc/arm-none-eabi/14.1.0/thumb\libgcc.a(_sync_none.o)
                              (__sync_synchronize_none)
C:/devkitPro/devkitARM/bin/../lib/gcc/arm-none-eabi/14.1.0/thumb\libgcc.a(_udivmoddi4.o)
                              C:/devkitPro/devkitARM/bin/../lib/gcc/arm-none-eabi/14.1.0/thumb\libgcc.a(_aeabi_ldivmod.o) (__udivmoddi4)

Discarded input sections

 .text          0x00000000        0x0 C:/devkitPro/devkitARM/bin/../lib/gcc/arm-none-eabi/14.1.0/../../../../arm-none-eabi/lib/thumb/gba_crt0.o
 .data          0x00000000        0x0 C:/devkitPro/devkitARM/bin/../lib/gcc/arm-none-eabi/14.1.0/../../../../arm-none-eabi/lib/thumb/gba_crt0.o
 .bss           0x00000000        0x0 C:/devkitPro/devkitARM/bin/../lib/gcc/arm-none-eabi/14.1.0/../../../../arm-none-eabi/lib/thumb/gba_crt0.o
 .text          0x00000000        0x0 C:/devkitPro/devkitARM/bin/../lib/gcc/arm-none-eabi/14.1.0/thumb/crti.o
 .data          0x00000000        0x0 C:/devkitPro/devkitARM/bin/../lib/gcc/arm-none-eabi/14.1.0/thumb/crti.o
 .bss           0x00000000        0x0 C:/devkitPro/devkitARM/bin/../lib/gcc/arm-none-eabi/14.1.0/thumb/crti.o
 .text          0x00000000        0x0 C:/devkitPro/devkitARM/bin/../lib/gcc/arm-none-eabi/14.1.0/thumb/crtbegin.o
 .data          0x00000000        0x0 C:/devkitPro/devkitARM/bin/../lib/gcc/arm-none-eabi/14.1.0/thumb/crtbegin.o
 .bss           0x00000000        0x0 C:/devkitPro/devkitARM/bin/../lib/gcc/arm-none-eabi/14.1.0/thumb/crtbegin.o
 .rodata.all_implied_fbits
                0x00000000       0x24 C:/devkitPro/devkitARM/bin/../lib/gcc/arm-none-eabi/14.1.0/thumb/crtbegin.o
 .text          0x00000000        0x0 _bn_audio_soundbank.bin.o
 .data          0x00000000        0x0 _bn_audio_soundbank.bin.o
 .bss           0x00000000        0x0 _bn_audio_soundbank.bin.o
 .text          0x00000000        0x0 bead_purse_bn_gfx.o
 .data          0x00000000        0x0 bead_purse_bn_gfx.o
 .bss           0x00000000        0x0 bead_purse_bn_gfx.o
 .rodata        0x00000000       0xa0 bead_purse_bn_gfx.o
 .text          0x00000000        0x0 carson_bn_gfx.o
 .data          0x00000000        0x0 carson_bn_gfx.o
 .bss           0x00000000        0x0 carson_bn_gfx.o
 .rodata        0x00000000      0x220 carson_bn_gfx.o
 .text          0x00000000        0x0 fixed_32x64_font_bn_gfx.o
 .data          0x00000000        0x0 fixed_32x64_font_bn_gfx.o
 .bss           0x00000000        0x0 fixed_32x64_font_bn_gfx.o
 .rodata        0x00000000    0x1b820 fixed_32x64_font_bn_gfx.o
 .text          0x00000000        0x0 haha_house_bn_gfx.o
 .data          0x00000000        0x0 haha_house_bn_gfx.o
 .bss           0x00000000        0x0 haha_house_bn_gfx.o
 .text          0x00000000        0x0 hat_bn_gfx.o
 .data          0x00000000        0x0 hat_bn_gfx.o
 .bss           0x00000000        0x0 hat_bn_gfx.o
 .text          0x00000000        0x0 land_bn_gfx.o
 .data          0x00000000        0x0 land_bn_gfx.o
 .bss           0x00000000        0x0 land_bn_gfx.o
 .rodata        0x00000000      0x980 land_bn_gfx.o
 .text          0x00000000        0x0 land2_bn_gfx.o
 .data          0x00000000        0x0 land2_bn_gfx.o
 .bss           0x00000000        0x0 land2_bn_gfx.o
 .text          0x00000000        0x0 pecan_bn_gfx.o
 .data          0x00000000        0x0 pecan_bn_gfx.o
 .bss           0x00000000        0x0 pecan_bn_gfx.o
 .text          0x00000000        0x0 queenie_bn_gfx.o
 .data          0x00000000        0x0 queenie_bn_gfx.o
 .bss           0x00000000        0x0 queenie_bn_gfx.o
 .text          0x00000000        0x0 sook_bn_gfx.o
 .data          0x00000000        0x0 sook_bn_gfx.o
 .bss           0x00000000        0x0 sook_bn_gfx.o
 .text          0x00000000        0x0 sook_room_bn_gfx.o
 .data          0x00000000        0x0 sook_room_bn_gfx.o
 .bss           0x00000000        0x0 sook_room_bn_gfx.o
 .text          0x00000000        0x0 trees_bn_gfx.o
 .data          0x00000000        0x0 trees_bn_gfx.o
 .bss           0x00000000        0x0 trees_bn_gfx.o
 .text          0x00000000        0x0 truman_bn_gfx.o
 .data          0x00000000        0x0 truman_bn_gfx.o
 .bss           0x00000000        0x0 truman_bn_gfx.o
 .rodata        0x00000000      0x820 truman_bn_gfx.o
 .text          0x00000000        0x0 truman2_bn_gfx.o
 .data          0x00000000        0x0 truman2_bn_gfx.o
 .bss           0x00000000        0x0 truman2_bn_gfx.o
[...]
Memory Configuration

Name             Origin             Length             Attributes
rom              0x08000000         0x02000000
iwram            0x03000000         0x00008000
ewram            0x02000000         0x00040000
*default*        0x00000000         0xffffffff

Linker script and memory map

                0x00000000                        __sync_synchronize = __sync_synchronize_none
                0x08000000                        __text_start = ORIGIN (rom)
                0x02040000                        __eheap_end = (ORIGIN (ewram) + LENGTH (ewram))
                0x03000000                        __iwram_start = ORIGIN (iwram)
                0x03008000                        __iwram_top = (ORIGIN (iwram) + LENGTH (iwram))
                0x03007fa0                        __sp_irq = (__iwram_top - 0x60)
                0x03007f00                        __sp_usr = (__sp_irq - 0xa0)
                0x03007ff8                        __irq_flags = 0x3007ff8
                0x08000000                        . = __text_start

.crt0           0x08000000      0x210
 *(.crt0)
 .crt0          0x08000000      0x210 C:/devkitPro/devkitARM/bin/../lib/gcc/arm-none-eabi/14.1.0/../../../../arm-none-eabi/lib/thumb/gba_crt0.o
                0x08000000                _start
                0x080000c4                __boot_method
                0x080000c5                __slave_number
                0x080000e0                start_vector
                0x08000210                        . = ALIGN (0x4)

.init           0x08000210        0xc
 *(SORT_NONE(.init))
 .init          0x08000210        0x4 C:/devkitPro/devkitARM/bin/../lib/gcc/arm-none-eabi/14.1.0/thumb/crti.o
                0x08000210                _init
 .init          0x08000214        0x8 C:/devkitPro/devkitARM/bin/../lib/gcc/arm-none-eabi/14.1.0/thumb/crtn.o

.plt            0x0800021c        0x0
 *(.plt)
                0x0800021c                        . = ALIGN (0x4)

.text           0x08000220    0x17108
 *(EXCLUDE_FILE(*.iwram*) .text*)
 .text.__do_global_dtors_aux
                0x08000220       0x2c C:/devkitPro/devkitARM/bin/../lib/gcc/arm-none-eabi/14.1.0/thumb/crtbegin.o
 .text.frame_dummy
                0x0800024c       0x24 C:/devkitPro/devkitARM/bin/../lib/gcc/arm-none-eabi/14.1.0/thumb/crtbegin.o
 .text.startup.main
                0x08000270       0xd8 main.o
                0x08000270                main
 .text._Z14dialogue_sceneRN2bn21sprite_text_generatorERKNS_11string_viewE
                0x08000348       0x54 so_dialogue_scene.o
                0x08000348                dialogue_scene(bn::sprite_text_generator&, bn::string_view const&)
 .text._ZN3_bn6assert9show_argsIA22_cEEvPKcS4_S4_iRKT_
                0x0800039c       0x48 so_item.o
                0x0800039c                void _bn::assert::show_args<char [22]>(char const*, char const*, char const*, int, char const (&) [22])
 .text._ZN2so4ItemC2EiiNS_9ITEM_TYPEE
                0x080003e4       0xb0 so_item.o
                0x080003e4                so::Item::Item(int, int, so::ITEM_TYPE)
                0x080003e4                so::Item::Item(int, int, so::ITEM_TYPE)
 .text._ZN2so4Item11set_visibleEb
                0x08000494       0x38 so_item.o
                0x08000494                so::Item::set_visible(bool)
 .text._ZN2so3NpcC2EiiNS_8NPC_TYPEE
                0x080004cc       0xb0 so_npc.o
                0x080004cc                so::Npc::Npc(int, int, so::NPC_TYPE)
                0x080004cc                so::Npc::Npc(int, int, so::NPC_TYPE)
 .text._ZN2so6PlayerC2EN2bn10sprite_ptrE
                0x0800057c       0x28 so_player.o
                0x0800057c                so::Player::Player(bn::sprite_ptr)
                0x0800057c                so::Player::Player(bn::sprite_ptr)
 .text._ZN2so6Player3posEv
                0x080005a4       0x10 so_player.o
                0x080005a4                so::Player::pos()
 .text._ZN2so6Player5spawnEN2bn13fixed_point_tILi12EEE
                0x080005b4       0x2c so_player.o
                0x080005b4                so::Player::spawn(bn::fixed_point_t<12>)
 .text._ZN2so6Player11move_playerEv
                0x080005e0       0x70 so_player.o
                0x080005e0                so::Player::move_player()
 .text._ZN2so6Ending7executeEv
                0x08000650      0x114 so_scene_ending.o
                0x08000650                so::Ending::execute()
 .text._ZN2so3EveC2ERNS_6PlayerE
                0x08000764        0x4 so_scene_eve.o
                0x08000764                so::Eve::Eve(so::Player&)
                0x08000764                so::Eve::Eve(so::Player&)
 .text._ZN2so3Eve7executeEv
                0x08000768       0xa4 so_scene_eve.o
                0x08000768                so::Eve::execute()
 .text._ZN2so4GameC2ERNS_6PlayerE
                0x0800080c        0x4 so_scene_game.o
                0x0800080c                so::Game::Game(so::Player&)
                0x0800080c                so::Game::Game(so::Player&)
 .text._ZN2so4Game7executeEv
                0x08000810      0x204 so_scene_game.o
                0x08000810                so::Game::execute()
 .text._ZN2so5KitesC2ERNS_6PlayerE
                0x08000a14        0x4 so_scene_kites.o
                0x08000a14                so::Kites::Kites(so::Player&)
                0x08000a14                so::Kites::Kites(so::Player&)
 .text._ZN2so5Kites7executeEv
                0x08000a18       0x38 so_scene_kites.o
                0x08000a18                so::Kites::execute()
 .text._ZN2so7NextdayC2ERNS_6PlayerE
                0x08000a50        0x4 so_scene_nextday.o
                0x08000a50                so::Nextday::Nextday(so::Player&)
                0x08000a50                so::Nextday::Nextday(so::Player&)
 .text._ZN2so7Nextday7executeEv
                0x08000a54      0x148 so_scene_nextday.o
                0x08000a54                so::Nextday::execute()
 .text._ZN2so5Night7executeEv
                0x08000b9c       0xe8 so_scene_night.o
                0x08000b9c                so::Night::execute()
 .text._ZN2so4ShopC2ERNS_6PlayerE
                0x08000c84        0x4 so_scene_shop.o
                0x08000c84                so::Shop::Shop(so::Player&)
                0x08000c84                so::Shop::Shop(so::Player&)
 .text._ZN2so4Shop7executeEv
                0x08000c88       0x88 so_scene_shop.o
                0x08000c88                so::Shop::execute()
 .text._ZN2so5Title7executeEv
                0x08000d10       0xb0 so_scene_title.o
                0x08000d10                so::Title::execute()
 .text._ZN3_bn6assert9show_argsIA16_ciEEvPKcS4_S4_iRKT_RKT0_
                0x08000dc0       0x54 common_info.o
                0x08000dc0                void _bn::assert::show_args<char [16], int>(char const*, char const*, char const*, int, char const (&) [16], int const&)
 .text._ZN3_bn6assert9show_argsIA15_ciEEvPKcS4_S4_iRKT_RKT0_
                0x08000e14       0x54 common_stats.o
                0x08000e14                void _bn::assert::show_args<char [15], int>(char const*, char const*, char const*, int, char const (&) [15], int const&)
 .text._ZN2bn13ostringstream6appendILi12EEEvNS_7fixed_tIXT_EEE
                0x08000e68       0xa0 common_stats.o
                0x08000e68                void bn::ostringstream::append<12>(bn::fixed_t<12>)
 .text._ZN2bn13ostringstream11append_argsIiJA4_ciEEEvRKT_DpRKT0_.isra.0
                0x08000f08       0x24 bn_affine_bg_animate_actions.o
 .text._ZN3_bn6assert9show_argsIJA23_ciA4_ciEEEvPKcS5_S5_iDpRKT_
                0x08000f2c       0x58 bn_affine_bg_animate_actions.o
                0x08000f2c                void _bn::assert::show_args<char [23], int, char [4], int>(char const*, char const*, char const*, int, char const (&) [23], int const&, char const (&) [4], int const&)
 .text._ZN3_bn6assert9show_argsIA15_cEEvPKcS4_S4_iRKT_
                0x08000f84       0x48 bn_affine_bg_animate_actions.o
                0x08000f84                void _bn::assert::show_args<char [15]>(char const*, char const*, char const*, int, char const (&) [15])
 .text._ZN3_bn6assert9show_argsIA24_ciEEvPKcS4_S4_iRKT_RKT0_
                0x08000fcc       0x54 bn_affine_bg_animate_actions.o
                0x08000fcc                void _bn::assert::show_args<char [24], int>(char const*, char const*, char const*, int, char const (&) [24], int const&)
 .text._ZN3_bn6assert9show_argsIA28_ciEEvPKcS4_S4_iRKT_RKT0_
                0x08001020       0x54 bn_affine_bg_animate_actions.o
                0x08001020                void _bn::assert::show_args<char [28], int>(char const*, char const*, char const*, int, char const (&) [28], int const&)
 .text._ZN3_bn6assert9show_argsIJA19_ciA4_ciEEEvPKcS5_S5_iDpRKT_
                0x08001074       0x58 bn_affine_bg_animate_actions.o
                0x08001074                void _bn::assert::show_args<char [19], int, char [4], int>(char const*, char const*, char const*, int, char const (&) [19], int const&, char const (&) [4], int const&)
 .text._ZN2bn13audio_manager12_GLOBAL__N_111static_dataD2Ev
                0x080010cc        0x4 bn_audio_manager.o
 .text._ZN2bn13audio_manager4initEv
                0x080010d0       0x48 bn_audio_manager.o
                0x080010d0                bn::audio_manager::init()
 .text._ZN2bn13audio_manager7disableEv
                0x08001118        0xc bn_audio_manager.o
                0x08001118                bn::audio_manager::disable()
 .text._ZN2bn13audio_manager10sound_dataEt
                0x08001124       0x64 bn_audio_manager.o
                0x08001124                bn::audio_manager::sound_data(unsigned short)
 .text._ZN2bn13audio_manager6updateEv
                0x08001188        0xc bn_audio_manager.o
                0x08001188                bn::audio_manager::update()
 .text._ZN2bn13audio_manager6commitEv
                0x08001194        0xc bn_audio_manager.o
                0x08001194                bn::audio_manager::commit()
 .text._ZN2bn13audio_manager4stopEv
                0x080011a0       0x6c bn_audio_manager.o
                0x080011a0                bn::audio_manager::stop()
 .text._ZN3_bn6assert9show_argsIA18_ciEEvPKcS4_S4_iRKT_RKT0_
                0x0800120c       0x54 bn_audio_manager.o
                0x0800120c                void _bn::assert::show_args<char [18], int>(char const*, char const*, char const*, int, char const (&) [18], int const&)
 .text._ZN3_bn6assert9show_argsIA14_ciEEvPKcS4_S4_iRKT_RKT0_
                0x08001260       0x54 bn_audio_manager.o
                0x08001260                void _bn::assert::show_args<char [14], int>(char const*, char const*, char const*, int, char const (&) [14], int const&)
 .text._ZN3_bn6assert9show_argsIA26_ciEEvPKcS4_S4_iRKT_RKT0_
                0x080012b4       0x54 bn_audio_manager.o
                0x080012b4                void _bn::assert::show_args<char [26], int>(char const*, char const*, char const*, int, char const (&) [26], int const&)
 .text._ZN3_bn6assert9show_argsIA33_cEEvPKcS4_S4_iRKT_
                0x08001308       0x48 bn_audio_manager.o
                0x08001308                void _bn::assert::show_args<char [33]>(char const*, char const*, char const*, int, char const (&) [33])
 .text._ZN3_bn6assert9show_argsIA25_cEEvPKcS4_S4_iRKT_
                0x08001350       0x48 bn_audio_manager.o
                0x08001350                void _bn::assert::show_args<char [25]>(char const*, char const*, char const*, int, char const (&) [25])
 .text._ZN3_bn6assert9show_argsIA24_cEEvPKcS4_S4_iRKT_
                0x08001398       0x48 bn_audio_manager.o
                0x08001398                void _bn::assert::show_args<char [24]>(char const*, char const*, char const*, int, char const (&) [24])
 .text._ZN3_bn6assert9show_argsIA26_cEEvPKcS4_S4_iRKT_
                0x080013e0       0x48 bn_audio_manager.o
                0x080013e0                void _bn::assert::show_args<char [26]>(char const*, char const*, char const*, int, char const (&) [26])
 .text._ZN3_bn6assert9show_argsIA32_cEEvPKcS4_S4_iRKT_
                0x08001428       0x48 bn_audio_manager.o
                0x08001428                void _bn::assert::show_args<char [32]>(char const*, char const*, char const*, int, char const (&) [32])
 .text._ZN3_bn6assert9show_argsIA25_cN2bn7fixed_tILi12EEEEEvPKcS7_S7_iRKT_RKT0_
                0x08001470       0x54 bn_audio_manager.o
                0x08001470                void _bn::assert::show_args<char [25], bn::fixed_t<12> >(char const*, char const*, char const*, int, char const (&) [25], bn::fixed_t<12> const&)
 .text._ZN3_bn6assert9show_argsIA25_ciEEvPKcS4_S4_iRKT_RKT0_
                0x080014c4       0x54 bn_audio_manager.o
                0x080014c4                void _bn::assert::show_args<char [25], int>(char const*, char const*, char const*, int, char const (&) [25], int const&)
 .text._ZN2bn13audio_manager16execute_commandsEv
                0x08001518      0x6a8 bn_audio_manager.o
                0x08001518                bn::audio_manager::execute_commands()
 .text._ZN3_bn6assert9show_argsIA17_cEEvPKcS4_S4_iRKT_
                0x08001bc0       0x48 bn_audio_manager.o
                0x08001bc0                void _bn::assert::show_args<char [17]>(char const*, char const*, char const*, int, char const (&) [17])
 .text._ZN2bn14iunordered_mapIjNS_13audio_manager15sound_data_typeENS_15identity_hasherENS_8equal_toIjEEEclEjRKj
                0x08001c08      0x124 bn_audio_manager.o
                0x08001c08                bn::iunordered_map<unsigned int, bn::audio_manager::sound_data_type, bn::identity_hasher, bn::equal_to<unsigned int> >::operator()(unsigned int, unsigned int const&)
 .text._ZN2bn13audio_manager10play_soundEiNS_10sound_itemENS_7fixed_tILi12EEES3_S3_
                0x08001d2c      0x13c bn_audio_manager.o
                0x08001d2c                bn::audio_manager::play_sound(int, bn::sound_item, bn::fixed_t<12>, bn::fixed_t<12>, bn::fixed_t<12>)
 .text._ZNK2bn10sound_item4playENS_7fixed_tILi12EEE
                0x08001e68       0x44 bn_audio_manager.o
                0x08001e68                bn::sound_item::play(bn::fixed_t<12>) const
 .text.startup._GLOBAL__sub_I__ZN2bn5audio16update_on_vblankEv
                0x08001eac       0x98 bn_audio_manager.o
 .text._ZN3_bn6assert9show_argsIA23_cEEvPKcS4_S4_iRKT_
                0x08001f44       0x48 bn_best_fit_allocator.o
                0x08001f44                void _bn::assert::show_args<char [23]>(char const*, char const*, char const*, int, char const (&) [23])
 .text._ZN2bn18best_fit_allocatorD2Ev
                0x08001f8c       0x34 bn_best_fit_allocator.o
                0x08001f8c                bn::best_fit_allocator::~best_fit_allocator()
                0x08001f8c                bn::best_fit_allocator::~best_fit_allocator()
 .text._ZN3_bn6assert9show_argsIA20_ciEEvPKcS4_S4_iRKT_RKT0_
                0x08001fc0       0x54 bn_best_fit_allocator.o
                0x08001fc0                void _bn::assert::show_args<char [20], int>(char const*, char const*, char const*, int, char const (&) [20], int const&)
 .text._ZN3_bn6assert9show_argsIA14_cEEvPKcS4_S4_iRKT_
                0x08002014       0x48 bn_best_fit_allocator.o
                0x08002014                void _bn::assert::show_args<char [14]>(char const*, char const*, char const*, int, char const (&) [14])
 .text._ZN3_bn6assert9show_argsIA21_cEEvPKcS4_S4_iRKT_
                0x0800205c       0x48 bn_best_fit_allocator.o
                0x0800205c                void _bn::assert::show_args<char [21]>(char const*, char const*, char const*, int, char const (&) [21])
 .text._ZN2bn18best_fit_allocator5resetEPvi
                0x080020a4       0xbc bn_best_fit_allocator.o
                0x080020a4                bn::best_fit_allocator::reset(void*, int)
 .text._ZN2bn17bg_blocks_manager12_GLOBAL__N_117_hw_commit_offsetEPKtjtPt
                0x08002160       0x78 bn_bg_blocks_manager.o
 .text._ZN2bn13ostringstream11append_argsIiJA4_ctEEEvRKT_DpRKT0_.isra.0
                0x080021d8       0x24 bn_bg_blocks_manager.o
 .text._ZN2bn13ostringstream11append_argsIiJA4_ciEEEvRKT_DpRKT0_.isra.0
                0x080021fc       0x24 bn_bg_blocks_manager.o
 .text._ZNK2bn18regular_bg_map_ptr2idEv
                0x08002220       0x18 bn_bg_blocks_manager.o
                0x08002220                bn::regular_bg_map_ptr::id() const
 .text._ZNK2bn18regular_bg_map_ptr10dimensionsEv
                0x08002238       0x20 bn_bg_blocks_manager.o
                0x08002238                bn::regular_bg_map_ptr::dimensions() const
 .text._ZNK2bn18regular_bg_map_ptr3bigEv
                0x08002258       0x18 bn_bg_blocks_manager.o
                0x08002258                bn::regular_bg_map_ptr::big() const
 .text._ZNK2bn20regular_bg_tiles_ptr3cbbEv
                0x08002270       0x18 bn_bg_blocks_manager.o
                0x08002270                bn::regular_bg_tiles_ptr::cbb() const
 .text._ZNK2bn17affine_bg_map_ptr2idEv
                0x08002288       0x18 bn_bg_blocks_manager.o
                0x08002288                bn::affine_bg_map_ptr::id() const
 .text._ZNK2bn17affine_bg_map_ptr10dimensionsEv
                0x080022a0       0x20 bn_bg_blocks_manager.o
                0x080022a0                bn::affine_bg_map_ptr::dimensions() const
 .text._ZNK2bn19affine_bg_tiles_ptr3cbbEv
                0x080022c0       0x18 bn_bg_blocks_manager.o
                0x080022c0                bn::affine_bg_tiles_ptr::cbb() const
 .text._ZN2bn17bg_blocks_manager10log_statusEv
                0x080022d8      0x454 bn_bg_blocks_manager.o
                0x080022d8                bn::bg_blocks_manager::log_status()
 .text._ZN2bn17bg_blocks_manager15decrease_usagesEi
                0x0800272c       0x98 bn_bg_blocks_manager.o
                0x0800272c                bn::bg_blocks_manager::decrease_usages(int)
 .text._ZN2bn18regular_bg_map_ptrD2Ev
                0x080027c4       0x18 bn_bg_blocks_manager.o
                0x080027c4                bn::regular_bg_map_ptr::~regular_bg_map_ptr()
                0x080027c4                bn::regular_bg_map_ptr::~regular_bg_map_ptr()
 .text._ZN2bn17affine_bg_map_ptrD2Ev
                0x080027dc       0x18 bn_bg_blocks_manager.o
                0x080027dc                bn::affine_bg_map_ptr::~affine_bg_map_ptr()
                0x080027dc                bn::affine_bg_map_ptr::~affine_bg_map_ptr()
 .text._ZN2bn17bg_blocks_manager12_GLOBAL__N_111static_dataD2Ev
                0x080027f4       0x54 bn_bg_blocks_manager.o
 .text._ZN2bn17bg_blocks_manager4initEv
                0x08002848       0x8c bn_bg_blocks_manager.o
                0x08002848                bn::bg_blocks_manager::init()
 .text._ZN2bn17bg_blocks_manager11must_commitEi
                0x080028d4       0x18 bn_bg_blocks_manager.o
                0x080028d4                bn::bg_blocks_manager::must_commit(int)
 .text._ZN2bn17bg_blocks_manager6updateEv
                0x080028ec      0x258 bn_bg_blocks_manager.o
                0x080028ec                bn::bg_blocks_manager::update()
 .text._ZN3_bn6assert9show_argsIA52_ctEEvPKcS4_S4_iRKT_RKT0_
                0x08002b44       0x54 bn_bg_blocks_manager.o
                0x08002b44                void _bn::assert::show_args<char [52], unsigned short>(char const*, char const*, char const*, int, char const (&) [52], unsigned short const&)
 .text._ZN3_bn6assert9show_argsIJA20_ciA4_ctEEEvPKcS5_S5_iDpRKT_
                0x08002b98       0x58 bn_bg_blocks_manager.o
                0x08002b98                void _bn::assert::show_args<char [20], int, char [4], unsigned short>(char const*, char const*, char const*, int, char const (&) [20], int const&, char const (&) [4], unsigned short const&)
 .text._ZN3_bn6assert9show_argsIJA22_ciA4_ciEEEvPKcS5_S5_iDpRKT_
                0x08002bf0       0x58 bn_bg_blocks_manager.o
                0x08002bf0                void _bn::assert::show_args<char [22], int, char [4], int>(char const*, char const*, char const*, int, char const (&) [22], int const&, char const (&) [4], int const&)
 .text._ZN3_bn6assert9show_argsIJA58_ciA4_ciEEEvPKcS5_S5_iDpRKT_
                0x08002c48       0x58 bn_bg_blocks_manager.o
                0x08002c48                void _bn::assert::show_args<char [58], int, char [4], int>(char const*, char const*, char const*, int, char const (&) [58], int const&, char const (&) [4], int const&)
 .text._ZN3_bn6assert9show_argsIA38_cEEvPKcS4_S4_iRKT_
                0x08002ca0       0x48 bn_bg_blocks_manager.o
                0x08002ca0                void _bn::assert::show_args<char [38]>(char const*, char const*, char const*, int, char const (&) [38])
 .text._ZN3_bn6assert9show_argsIA27_ciEEvPKcS4_S4_iRKT_RKT0_
                0x08002ce8       0x54 bn_bg_blocks_manager.o
                0x08002ce8                void _bn::assert::show_args<char [27], int>(char const*, char const*, char const*, int, char const (&) [27], int const&)
 .text._ZN2bn17bg_blocks_manager12_GLOBAL__N_110_hw_commitEPKtNS_16compression_typeEibPt
                0x08002d3c       0x6c bn_bg_blocks_manager.o
 .text._ZN3_bn6assert9show_argsIA22_ciEEvPKcS4_S4_iRKT_RKT0_
                0x08002da8       0x54 bn_bg_blocks_manager.o
                0x08002da8                void _bn::assert::show_args<char [22], int>(char const*, char const*, char const*, int, char const (&) [22], int const&)
 .text._ZN3_bn6assert9show_argsIA19_cEEvPKcS4_S4_iRKT_
                0x08002dfc       0x48 bn_bg_blocks_manager.o
                0x08002dfc                void _bn::assert::show_args<char [19]>(char const*, char const*, char const*, int, char const (&) [19])
 .text._ZN2bn17bg_blocks_manager12_GLOBAL__N_116_find_tiles_implEPKtNS_16compression_typeEib
                0x08002e44      0x100 bn_bg_blocks_manager.o
 .text._ZNK2bn18regular_bg_map_ptr5tilesEv
                0x08002f44       0x48 bn_bg_blocks_manager.o
                0x08002f44                bn::regular_bg_map_ptr::tiles() const
 .text._ZNK2bn17affine_bg_map_ptr5tilesEv
                0x08002f8c       0x48 bn_bg_blocks_manager.o
                0x08002f8c                bn::affine_bg_map_ptr::tiles() const
 .text._ZNK2bn18regular_bg_map_ptr3bppEv
                0x08002fd4       0x4c bn_bg_blocks_manager.o
                0x08002fd4                bn::regular_bg_map_ptr::bpp() const
 .text._ZN2bn17bg_blocks_manager21update_affine_map_rowEiii
                0x08003020      0x168 bn_bg_blocks_manager.o
                0x08003020                bn::bg_blocks_manager::update_affine_map_row(int, int, int)
 .text._ZN2bn17bg_blocks_manager28update_affine_map_bottom_rowEiii
                0x08003188       0x2c bn_bg_blocks_manager.o
                0x08003188                bn::bg_blocks_manager::update_affine_map_bottom_row(int, int, int)
 .text._ZN2bn17bg_blocks_manager23set_affine_map_positionEiii
                0x080031b4      0x214 bn_bg_blocks_manager.o
                0x080031b4                bn::bg_blocks_manager::set_affine_map_position(int, int, int)
 .text._ZN2bn17bg_blocks_manager21update_affine_map_colEiii
                0x080033c8      0x334 bn_bg_blocks_manager.o
                0x080033c8                bn::bg_blocks_manager::update_affine_map_col(int, int, int)
 .text._ZN2bn17bg_blocks_manager27update_affine_map_right_colEiii
                0x080036fc       0x2c bn_bg_blocks_manager.o
                0x080036fc                bn::bg_blocks_manager::update_affine_map_right_col(int, int, int)
 .text._ZN2bn17bg_blocks_manager22update_regular_map_rowEiii
                0x08003728      0x194 bn_bg_blocks_manager.o
                0x08003728                bn::bg_blocks_manager::update_regular_map_row(int, int, int)
 .text._ZN2bn17bg_blocks_manager22update_regular_map_colEiii
                0x080038bc      0x1fc bn_bg_blocks_manager.o
                0x080038bc                bn::bg_blocks_manager::update_regular_map_col(int, int, int)
 .text._ZN2bn17bg_blocks_manager24set_regular_map_positionEiii
                0x08003ab8      0x24c bn_bg_blocks_manager.o
                0x08003ab8                bn::bg_blocks_manager::set_regular_map_position(int, int, int)
 .text._ZN2bn17bg_blocks_manager21set_regular_map_tilesEiONS_20regular_bg_tiles_ptrE
                0x08003d04      0x258 bn_bg_blocks_manager.o
                0x08003d04                bn::bg_blocks_manager::set_regular_map_tiles(int, bn::regular_bg_tiles_ptr&&)
 .text._ZN2bn17bg_blocks_manager23set_regular_map_paletteEiONS_14bg_palette_ptrE
                0x08003f5c      0x220 bn_bg_blocks_manager.o
                0x08003f5c                bn::bg_blocks_manager::set_regular_map_palette(int, bn::bg_palette_ptr&&)
 .text._ZN2bn17bg_blocks_manager12_GLOBAL__N_112_commit_itemERKNS1_9item_typeEb
                0x0800417c      0x1f0 bn_bg_blocks_manager.o
 .text._ZN2bn17bg_blocks_manager12_GLOBAL__N_112_create_itemEiibONS1_11create_dataE
                0x0800436c      0x840 bn_bg_blocks_manager.o
 .text._ZN2bn17bg_blocks_manager12_GLOBAL__N_112_create_implEONS1_11create_dataE
                0x08004bac      0x1fc bn_bg_blocks_manager.o
 .text._ZN2bn17bg_blocks_manager19commit_uncompressedEb
                0x08004da8       0x58 bn_bg_blocks_manager.o
                0x08004da8                bn::bg_blocks_manager::commit_uncompressed(bool)
 .text._ZN2bn17bg_blocks_manager17commit_compressedEv
                0x08004e00       0x48 bn_bg_blocks_manager.o
                0x08004e00                bn::bg_blocks_manager::commit_compressed()
 .text._ZN3_bn6assert9show_argsIJA32_cA15_cPKtA16_ciA17_ciA34_cN2bn11string_viewEEEEvPKcSC_SC_iDpRKT_
                0x08004e48       0x90 bn_bg_blocks_manager.o
                0x08004e48                void _bn::assert::show_args<char [32], char [15], unsigned short const*, char [16], int, char [17], int, char [34], bn::string_view>(char const*, char const*, char const*, int, char const (&) [32], char const (&) [15], unsigned short const* const&, char const (&) [16], int const&, char const (&) [17], int const&, char const (&) [34], bn::string_view const&)
 .text._ZN2bn17bg_blocks_manager20create_regular_tilesERKNS_21regular_bg_tiles_itemEb
                0x08004ed8      0x138 bn_bg_blocks_manager.o
                0x08004ed8                bn::bg_blocks_manager::create_regular_tiles(bn::regular_bg_tiles_item const&, bool)
 .text._ZN3_bn6assert9show_argsIJA30_cA13_cPKtA14_ciA15_ciA17_ciA34_cN2bn11string_viewEEEEvPKcSD_SD_iDpRKT_
                0x08005010       0xa0 bn_bg_blocks_manager.o
                0x08005010                void _bn::assert::show_args<char [30], char [13], unsigned short const*, char [14], int, char [15], int, char [17], int, char [34], bn::string_view>(char const*, char const*, char const*, int, char const (&) [30], char const (&) [13], unsigned short const* const&, char const (&) [14], int const&, char const (&) [15], int const&, char const (&) [17], int const&, char const (&) [34], bn::string_view const&)
 .text._ZN3_bn6assert9show_argsIA31_cEEvPKcS4_S4_iRKT_
                0x080050b0       0x48 bn_bg_blocks_manager.o
                0x080050b0                void _bn::assert::show_args<char [31]>(char const*, char const*, char const*, int, char const (&) [31])
 .text._ZN3_bn6assert9show_argsIJA37_ciA4_ciEEEvPKcS5_S5_iDpRKT_
                0x080050f8       0x58 bn_bg_blocks_manager.o
                0x080050f8                void _bn::assert::show_args<char [37], int, char [4], int>(char const*, char const*, char const*, int, char const (&) [37], int const&, char const (&) [4], int const&)
 .text._ZN2bn17bg_blocks_manager33set_regular_map_tiles_and_paletteEiONS_20regular_bg_tiles_ptrEONS_14bg_palette_ptrE
                0x08005150      0x2e4 bn_bg_blocks_manager.o
                0x08005150                bn::bg_blocks_manager::set_regular_map_tiles_and_palette(int, bn::regular_bg_tiles_ptr&&, bn::bg_palette_ptr&&)
 .text._ZN2bn17bg_blocks_manager12_GLOBAL__N_122_find_regular_map_implERKNS_19regular_bg_map_itemEPKtRKNS_20regular_bg_tiles_ptrERKNS_14bg_palette_ptrE
                0x08005434      0x2e4 bn_bg_blocks_manager.o
 .text._ZN2bn17bg_blocks_manager18create_regular_mapERKNS_19regular_bg_map_itemEPKtONS_20regular_bg_tiles_ptrEONS_14bg_palette_ptrEb
                0x08005718      0x284 bn_bg_blocks_manager.o
                0x08005718                bn::bg_blocks_manager::create_regular_map(bn::regular_bg_map_item const&, unsigned short const*, bn::regular_bg_tiles_ptr&&, bn::bg_palette_ptr&&, bool)
 .text._ZN2bn18regular_bg_map_ptr6createERKNS_15regular_bg_itemEi
                0x0800599c       0xdc bn_bg_blocks_manager.o
                0x0800599c                bn::regular_bg_map_ptr::create(bn::regular_bg_item const&, int)
 .text._ZN3_bn6assert9show_argsIA39_ciEEvPKcS4_S4_iRKT_RKT0_
                0x08005a78       0x54 bn_bg_blocks_manager.o
                0x08005a78                void _bn::assert::show_args<char [39], int>(char const*, char const*, char const*, int, char const (&) [39], int const&)
 .text.startup._GLOBAL__sub_I__ZN2bn7bg_maps16used_cells_countEv
                0x08005acc       0x88 bn_bg_blocks_manager.o
 .text._ZN2bn11bgs_manager12_GLOBAL__N_129_check_unique_regular_big_mapERNS1_9item_typeE
                0x08005b54       0x68 bn_bgs_manager.o
 .text._ZN2bn11bgs_manager12_GLOBAL__N_111static_dataD2Ev
                0x08005bbc       0x10 bn_bgs_manager.o
 .text._ZN2bn11bgs_manager12_GLOBAL__N_133_update_item_hw_affine_attributesERKNS1_9item_typeE
                0x08005bcc       0x48 bn_bgs_manager.o
 .text._ZN2bn11bgs_manager4initEv
                0x08005c14       0x8c bn_bgs_manager.o
                0x08005c14                bn::bgs_manager::init()
 .text._ZN2bn11bgs_manager5hw_idEPv
                0x08005ca0        0x8 bn_bgs_manager.o
                0x08005ca0                bn::bgs_manager::hw_id(void*)
 .text._ZN2bn11bgs_manager11hw_positionEPv
                0x08005ca8        0x4 bn_bgs_manager.o
                0x08005ca8                bn::bgs_manager::hw_position(void*)
 .text._ZN2bn11bgs_manager14mat_attributesEPv
                0x08005cac        0x4 bn_bgs_manager.o
                0x08005cac                bn::bgs_manager::mat_attributes(void*)
 .text._ZN2bn11bgs_manager20update_windows_flagsEPj
                0x08005cb0       0x7c bn_bgs_manager.o
                0x08005cb0                bn::bgs_manager::update_windows_flags(unsigned int*)
 .text._ZN2bn11bgs_manager10set_cameraEPvONS_10camera_ptrE
                0x08005d2c      0x17c bn_bgs_manager.o
                0x08005d2c                bn::bgs_manager::set_camera(void*, bn::camera_ptr&&)
 .text._ZN2bn14regular_bg_ptr10set_cameraERKNS_10camera_ptrE
                0x08005ea8       0x24 bn_bgs_manager.o
                0x08005ea8                bn::regular_bg_ptr::set_camera(bn::camera_ptr const&)
 .text._ZN2bn11bgs_manager14update_camerasEv
                0x08005ecc      0x14c bn_bgs_manager.o
                0x08005ecc                bn::bgs_manager::update_cameras()
 .text._ZN2bn11bgs_manager28update_regular_map_tiles_cbbEii
                0x08006018       0xa8 bn_bgs_manager.o
                0x08006018                bn::bgs_manager::update_regular_map_tiles_cbb(int, int)
 .text._ZN2bn11bgs_manager30update_regular_map_palette_bppEiNS_8bpp_modeE
                0x080060c0       0xac bn_bgs_manager.o
                0x080060c0                bn::bgs_manager::update_regular_map_palette_bpp(int, bn::bpp_mode)
 .text._ZN2bn11bgs_manager36fill_hblank_effect_regular_positionsEiPKNS_7fixed_tILi12EEEPt
                0x0800616c       0x38 bn_bgs_manager.o
                0x0800616c                bn::bgs_manager::fill_hblank_effect_regular_positions(int, bn::fixed_t<12> const*, unsigned short*)
 .text._ZN2bn11bgs_manager45fill_hblank_effect_pivot_horizontal_positionsEPvPKNS_7fixed_tILi12EEEPj
                0x080061a4       0x24 bn_bgs_manager.o
                0x080061a4                bn::bgs_manager::fill_hblank_effect_pivot_horizontal_positions(void*, bn::fixed_t<12> const*, unsigned int*)
 .text._ZN2bn11bgs_manager43fill_hblank_effect_pivot_vertical_positionsEPvPKNS_7fixed_tILi12EEEPj
                0x080061c8       0x24 bn_bgs_manager.o
                0x080061c8                bn::bgs_manager::fill_hblank_effect_pivot_vertical_positions(void*, bn::fixed_t<12> const*, unsigned int*)
 .text._ZN2bn11bgs_manager6commitEb
                0x080061ec       0x58 bn_bgs_manager.o
                0x080061ec                bn::bgs_manager::commit(bool)
 .text._ZN2bn11bgs_manager4stopEv
                0x08006244       0x28 bn_bgs_manager.o
                0x08006244                bn::bgs_manager::stop()
 .text._ZN3_bn6assert9show_argsIA17_ciEEvPKcS4_S4_iRKT_RKT0_
                0x0800626c       0x54 bn_bgs_manager.o
                0x0800626c                void _bn::assert::show_args<char [17], int>(char const*, char const*, char const*, int, char const (&) [17], int const&)
 .text._ZN3_bn6assert9show_argsIA30_cEEvPKcS4_S4_iRKT_
                0x080062c0       0x48 bn_bgs_manager.o
                0x080062c0                void _bn::assert::show_args<char [30]>(char const*, char const*, char const*, int, char const (&) [30])
 .text._ZN3_bn6assert9show_argsIA27_cEEvPKcS4_S4_iRKT_
                0x08006308       0x48 bn_bgs_manager.o
                0x08006308                void _bn::assert::show_args<char [27]>(char const*, char const*, char const*, int, char const (&) [27])
 .text._ZN3_bn6assert9show_argsIA46_cEEvPKcS4_S4_iRKT_
                0x08006350       0x48 bn_bgs_manager.o
                0x08006350                void _bn::assert::show_args<char [46]>(char const*, char const*, char const*, int, char const (&) [46])
 .text._ZN2bn11bgs_manager15rebuild_handlesEv.part.0
                0x08006398      0x1a8 bn_bgs_manager.o
 .text._ZN2bn18regular_bg_builder11release_mapEv
                0x08006540       0x78 bn_bgs_manager.o
                0x08006540                bn::regular_bg_builder::release_map()
 .text._ZN2bn11bgs_manager37fill_hblank_effect_regular_attributesEPvPKNS_21regular_bg_attributesEPt
                0x080065b8      0x100 bn_bgs_manager.o
                0x080065b8                bn::bgs_manager::fill_hblank_effect_regular_attributes(void*, bn::regular_bg_attributes const*, unsigned short*)
 .text._ZN2bn11bgs_manager6updateEv
                0x080066b8      0x16c bn_bgs_manager.o
                0x080066b8                bn::bgs_manager::update()
 .text._ZN2bn11bgs_manager15commit_big_mapsEv
                0x08006824      0x1d0 bn_bgs_manager.o
                0x08006824                bn::bgs_manager::commit_big_maps()
 .text._ZN2bn11bgs_manager12_GLOBAL__N_19item_type18update_regular_mapEv
                0x080069f4      0x1c8 bn_bgs_manager.o
 .text._ZN2bn11bgs_manager36fill_hblank_effect_affine_attributesEPvPKNS_20affine_bg_attributesEPt
                0x08006bbc      0x104 bn_bgs_manager.o
                0x08006bbc                bn::bgs_manager::fill_hblank_effect_affine_attributes(void*, bn::affine_bg_attributes const*, unsigned short*)
 .text._ZN2bn11bgs_manager10affine_mapEPv
                0x08006cc0       0x34 bn_bgs_manager.o
                0x08006cc0                bn::bgs_manager::affine_map(void*)
 .text._ZN2bn11bgs_manager11regular_mapEPv
                0x08006cf4       0x34 bn_bgs_manager.o
                0x08006cf4                bn::bgs_manager::regular_map(void*)
 .text._ZN2bn11bgs_manager12_GLOBAL__N_112_insert_itemERNS1_9item_typeE
                0x08006d28      0x104 bn_bgs_manager.o
 .text._ZN3_bn6assert9show_argsIA13_cEEvPKcS4_S4_iRKT_
                0x08006e2c       0x48 bn_bgs_manager.o
                0x08006e2c                void _bn::assert::show_args<char [13]>(char const*, char const*, char const*, int, char const (&) [13])
 .text._ZN2bn11bgs_manager6createEONS_18regular_bg_builderE
                0x08006e74      0x1d4 bn_bgs_manager.o
                0x08006e74                bn::bgs_manager::create(bn::regular_bg_builder&&)
 .text._ZNK2bn15regular_bg_item9create_bgENS_7fixed_tILi12EEES2_
                0x08007048       0x78 bn_bgs_manager.o
                0x08007048                bn::regular_bg_item::create_bg(bn::fixed_t<12>, bn::fixed_t<12>) const
 .text._ZN2bn5eraseIPNS_11bgs_manager12_GLOBAL__N_19item_typeEEENS_7ivectorIT_E9size_typeERS7_RKS6_.constprop.0.isra.0
                0x080070c0      0x13c bn_bgs_manager.o
 .text._ZN2bn11bgs_manager15decrease_usagesEPv
                0x080071fc       0xa8 bn_bgs_manager.o
                0x080071fc                bn::bgs_manager::decrease_usages(void*)
 .text._ZN2bn14regular_bg_ptrD2Ev
                0x080072a4       0x18 bn_bgs_manager.o
                0x080072a4                bn::regular_bg_ptr::~regular_bg_ptr()
                0x080072a4                bn::regular_bg_ptr::~regular_bg_ptr()
 .text.startup._GLOBAL__sub_I__ZN2bn3bgs16used_items_countEv
                0x080072bc       0x90 bn_bgs_manager.o
 .text._ZN2bn10camera_ptrC2ERKS0_
                0x0800734c       0x20 bn_cameras_manager.o
                0x0800734c                bn::camera_ptr::camera_ptr(bn::camera_ptr const&)
                0x0800734c                bn::camera_ptr::camera_ptr(bn::camera_ptr const&)
 .text._ZN2bn10camera_ptrD2Ev
                0x0800736c       0x38 bn_cameras_manager.o
                0x0800736c                bn::camera_ptr::~camera_ptr()
                0x0800736c                bn::camera_ptr::~camera_ptr()
 .text._ZNK2bn10camera_ptr1xEv
                0x080073a4       0x14 bn_cameras_manager.o
                0x080073a4                bn::camera_ptr::x() const
 .text._ZN2bn10camera_ptr5set_xENS_7fixed_tILi12EEE
                0x080073b8       0x24 bn_cameras_manager.o
                0x080073b8                bn::camera_ptr::set_x(bn::fixed_t<12>)
 .text._ZNK2bn10camera_ptr8positionEv
                0x080073dc       0x14 bn_cameras_manager.o
                0x080073dc                bn::camera_ptr::position() const
 .text._ZN2bn15cameras_manager4initEv
                0x080073f0       0x24 bn_cameras_manager.o
                0x080073f0                bn::cameras_manager::init()
 .text._ZN2bn15cameras_manager6updateEv
                0x08007414       0x28 bn_cameras_manager.o
                0x08007414                bn::cameras_manager::update()
 .text._ZN2bn10camera_ptr6createENS_7fixed_tILi12EEES2_
                0x0800743c       0x58 bn_cameras_manager.o
                0x0800743c                bn::camera_ptr::create(bn::fixed_t<12>, bn::fixed_t<12>)
 .text.startup._GLOBAL__sub_I__ZN2bn7cameras16used_items_countEv
                0x08007494       0x24 bn_cameras_manager.o
 .text._ZN2bn4core12_GLOBAL__N_14stopEb
                0x080074b8       0x54 bn_core.o
 .text._ZN2bn4core12_GLOBAL__N_111update_implEv
                0x0800750c      0x110 bn_core.o
 .text._ZN2bn11string_viewC2EPKc
                0x0800761c       0x1c bn_core.o
                0x0800761c                bn::string_view::string_view(char const*)
                0x0800761c                bn::string_view::string_view(char const*)
 .text._ZN3_bn6assert12_GLOBAL__N_110_show_implEPKcS3_S3_iRKN2bn11string_viewE
                0x08007638       0x80 bn_core.o
 .text._ZN2bn4core6updateEv
                0x080076b8       0x78 bn_core.o
                0x080076b8                bn::core::update()
 .text._ZN2bn4core4initERKNS_8optionalINS_5colorEEERKNS_11string_viewE
                0x08007730      0x128 bn_core.o
                0x08007730                bn::core::init(bn::optional<bn::color> const&, bn::string_view const&)
 .text._ZN2bn4core4initEv
                0x08007858       0x24 bn_core.o
                0x08007858                bn::core::init()
 .text._ZN2bn4core9on_vblankEv
                0x0800787c       0x2c bn_core.o
                0x0800787c                bn::core::on_vblank()
 .text._ZN3_bn6assert4showEPKcS2_S2_iRKN2bn12istring_baseE
                0x080078a8       0x18 bn_core.o
                0x080078a8                _bn::assert::show(char const*, char const*, char const*, int, bn::istring_base const&)
 .text.startup._GLOBAL__sub_I__ZN2bn4core4initEv
                0x080078c0       0x4c bn_core.o
 .text._ZN2bn15display_manager12_GLOBAL__N_111static_dataD2Ev
                0x0800790c       0x34 bn_display_manager.o
 .text._ZN2bn15display_manager12_GLOBAL__N_134_update_rect_windows_hw_boundariesEi
                0x08007940       0x7c bn_display_manager.o
 .text._ZN2bn15display_manager4initEv
                0x080079bc       0xa4 bn_display_manager.o
                0x080079bc                bn::display_manager::init()
 .text._ZN2bn15display_manager8set_modeEi
                0x08007a60       0x1c bn_display_manager.o
                0x08007a60                bn::display_manager::set_mode(int)
 .text._ZN2bn15display_manager14set_bg_enabledEib
                0x08007a7c       0x18 bn_display_manager.o
                0x08007a7c                bn::display_manager::set_bg_enabled(int, bool)
 .text._ZN2bn15display_manager15disable_all_bgsEv
                0x08007a94       0x14 bn_display_manager.o
                0x08007a94                bn::display_manager::disable_all_bgs()
 .text._ZN2bn15display_manager36fill_mosaic_hblank_effect_attributesEPKNS_17mosaic_attributesEPt
                0x08007aa8       0xb4 bn_display_manager.o
                0x08007aa8                bn::display_manager::fill_mosaic_hblank_effect_attributes(bn::mosaic_attributes const*, unsigned short*)
 .text._ZN2bn15display_manager27set_blending_top_bg_enabledEib
                0x08007b5c       0x20 bn_display_manager.o
                0x08007b5c                bn::display_manager::set_blending_top_bg_enabled(int, bool)
 .text._ZN2bn15display_manager30set_blending_bottom_bg_enabledEib
                0x08007b7c       0x20 bn_display_manager.o
                0x08007b7c                bn::display_manager::set_blending_bottom_bg_enabled(int, bool)
 .text._ZN2bn15display_manager32blending_transparency_top_weightEv
                0x08007b9c       0x18 bn_display_manager.o
                0x08007b9c                bn::display_manager::blending_transparency_top_weight()
 .text._ZN2bn15display_manager35blending_transparency_bottom_weightEv
                0x08007bb4       0x28 bn_display_manager.o
                0x08007bb4                bn::display_manager::blending_transparency_bottom_weight()
 .text._ZN2bn15display_manager51fill_blending_transparency_hblank_effect_attributesEPKNS_32blending_transparency_attributesEPt
                0x08007bdc       0x30 bn_display_manager.o
                0x08007bdc                bn::display_manager::fill_blending_transparency_hblank_effect_attributes(bn::blending_transparency_attributes const*, unsigned short*)
 .text._ZN2bn15display_manager21blending_fade_enabledEv
                0x08007c0c        0xc bn_display_manager.o
                0x08007c0c                bn::display_manager::blending_fade_enabled()
 .text._ZN2bn15display_manager39fill_blending_fade_hblank_effect_alphasEPKNS_19blending_fade_alphaEPt
                0x08007c18       0x24 bn_display_manager.o
                0x08007c18                bn::display_manager::fill_blending_fade_hblank_effect_alphas(bn::blending_fade_alpha const*, unsigned short*)
 .text._ZN2bn15display_manager26update_windows_visible_bgsEv
                0x08007c3c       0x14 bn_display_manager.o
                0x08007c3c                bn::display_manager::update_windows_visible_bgs()
 .text._ZN2bn15display_manager36rect_window_hw_horizontal_boundariesEi
                0x08007c50       0x18 bn_display_manager.o
                0x08007c50                bn::display_manager::rect_window_hw_horizontal_boundaries(int)
 .text._ZN2bn15display_manager34rect_window_hw_vertical_boundariesEi
                0x08007c68       0x18 bn_display_manager.o
                0x08007c68                bn::display_manager::rect_window_hw_vertical_boundaries(int)
 .text._ZN2bn15display_manager52fill_rect_window_hblank_effect_horizontal_boundariesERKSt4pairIiiEPKS1_INS_7fixed_tILi12EEES6_EPt
                0x08007c80      0x134 bn_display_manager.o
                0x08007c80                bn::display_manager::fill_rect_window_hblank_effect_horizontal_boundaries(std::pair<int, int> const&, std::pair<bn::fixed_t<12>, bn::fixed_t<12> > const*, unsigned short*)
 .text._ZN2bn15display_manager50fill_rect_window_hblank_effect_vertical_boundariesERKSt4pairIiiEPKS1_INS_7fixed_tILi12EEES6_EPt
                0x08007db4      0x134 bn_display_manager.o
                0x08007db4                bn::display_manager::fill_rect_window_hblank_effect_vertical_boundaries(std::pair<int, int> const&, std::pair<bn::fixed_t<12>, bn::fixed_t<12> > const*, unsigned short*)
 .text._ZN2bn15display_manager36fill_green_swap_hblank_effect_statesEPKbPt
                0x08007ee8       0x38 bn_display_manager.o
                0x08007ee8                bn::display_manager::fill_green_swap_hblank_effect_states(bool const*, unsigned short*)
 .text._ZN2bn15display_manager14update_camerasEv
                0x08007f20       0x40 bn_display_manager.o
                0x08007f20                bn::display_manager::update_cameras()
 .text._ZN2bn15display_manager6updateEv
                0x08007f60      0x254 bn_display_manager.o
                0x08007f60                bn::display_manager::update()
 .text._ZN2bn15display_manager6commitEv
                0x080081b4      0x12c bn_display_manager.o
                0x080081b4                bn::display_manager::commit()
 .text._ZN2bn15display_manager4stopEv
                0x080082e0       0x28 bn_display_manager.o
                0x080082e0                bn::display_manager::stop()
 .text._ZN3_bn6assert9show_argsIA66_cEEvPKcS4_S4_iRKT_
                0x08008308       0x48 bn_display_manager.o
                0x08008308                void _bn::assert::show_args<char [66]>(char const*, char const*, char const*, int, char const (&) [66])
 .text.startup._GLOBAL__sub_I__ZNK2bn6window7show_bgERKNS_14regular_bg_ptrE
                0x08008350       0xa4 bn_display_manager.o
 .text._ZN2bn12gpio_manager5sleepEv
                0x080083f4       0x28 bn_gpio_manager.o
                0x080083f4                bn::gpio_manager::sleep()
 .text._ZN2bn22hblank_effects_manager12_GLOBAL__N_19item_type18_output_values_ptrEv
                0x0800841c       0x40 bn_hblank_effects_manager.o
 .text._ZN2bn22hblank_effects_manager7disableEv
                0x0800845c       0x24 bn_hblank_effects_manager.o
                0x0800845c                bn::hblank_effects_manager::disable()
 .text._ZN2bn22hblank_effects_manager6commitEv
                0x08008480       0x78 bn_hblank_effects_manager.o
                0x08008480                bn::hblank_effects_manager::commit()
 .text._ZN2bn22hblank_effects_manager12_GLOBAL__N_110_is_uint32ENS0_12handler_typeE
                0x080084f8       0x64 bn_hblank_effects_manager.o
 .text._ZN2bn22hblank_effects_manager12_GLOBAL__N_19item_type12check_updateEv
                0x0800855c     0x1640 bn_hblank_effects_manager.o
 .text._ZN3_bn6assert9show_argsIA18_cEEvPKcS4_S4_iRKT_
                0x08009b9c       0x48 bn_hblank_effects_manager.o
                0x08009b9c                void _bn::assert::show_args<char [18]>(char const*, char const*, char const*, int, char const (&) [18])
 .text._ZN2bn22hblank_effects_manager6updateEv
                0x08009be4      0x1ec bn_hblank_effects_manager.o
                0x08009be4                bn::hblank_effects_manager::update()
 .text._ZN2bn22hblank_effects_manager4initEv
                0x08009dd0      0x190 bn_hblank_effects_manager.o
                0x08009dd0                bn::hblank_effects_manager::init()
 .text.startup._GLOBAL__sub_I__ZN2bn4hbes10used_countEv
                0x08009f60       0xe8 bn_hblank_effects_manager.o
 .text._ZN2bn12hdma_manager4initEv
                0x0800a048       0x40 bn_hdma_manager.o
                0x0800a048                bn::hdma_manager::init()
 .text._ZN2bn12hdma_manager10force_stopEv
                0x0800a088       0x3c bn_hdma_manager.o
                0x0800a088                bn::hdma_manager::force_stop()
 .text._ZN2bn12hdma_manager7disableEv
                0x0800a0c4       0x30 bn_hdma_manager.o
                0x0800a0c4                bn::hdma_manager::disable()
 .text._ZN2bn12hdma_manager6updateEv
                0x0800a0f4       0x6c bn_hdma_manager.o
                0x0800a0f4                bn::hdma_manager::update()
 .text._ZN2bn12hdma_manager6commitEb
                0x0800a160      0x120 bn_hdma_manager.o
                0x0800a160                bn::hdma_manager::commit(bool)
 .text.startup._GLOBAL__sub_I__ZN2bn4hdma7runningEv
                0x0800a280       0x34 bn_hdma_manager.o
 .text._ZN2bn6keypad13start_pressedEv
                0x0800a2b4       0x10 bn_keypad_manager.o
                0x0800a2b4                bn::keypad::start_pressed()
 .text._ZN2bn6keypad10right_heldEv
                0x0800a2c4       0x10 bn_keypad_manager.o
                0x0800a2c4                bn::keypad::right_held()
 .text._ZN2bn6keypad9left_heldEv
                0x0800a2d4       0x10 bn_keypad_manager.o
                0x0800a2d4                bn::keypad::left_held()
 .text._ZN2bn6keypad7up_heldEv
                0x0800a2e4       0x10 bn_keypad_manager.o
                0x0800a2e4                bn::keypad::up_held()
 .text._ZN2bn6keypad9down_heldEv
                0x0800a2f4        0xc bn_keypad_manager.o
                0x0800a2f4                bn::keypad::down_held()
 .text._ZN2bn14keypad_manager4stopEv
                0x0800a300        0x4 bn_keypad_manager.o
                0x0800a300                bn::keypad_manager::stop()
 .text._ZN2bn14keypad_manager6updateEv
                0x0800a304       0xa8 bn_keypad_manager.o
                0x0800a304                bn::keypad_manager::update()
 .text._ZN2bn14keypad_manager4initERKNS_11string_viewE
                0x0800a3ac       0x64 bn_keypad_manager.o
                0x0800a3ac                bn::keypad_manager::init(bn::string_view const&)
 .text._ZN3_bn6assert9show_argsIA16_cEEvPKcS4_S4_iRKT_
                0x0800a410       0x48 bn_keypad_manager.o
                0x0800a410                void _bn::assert::show_args<char [16]>(char const*, char const*, char const*, int, char const (&) [16])
 .text._ZN2bn12link_manager4initEv
                0x0800a458        0xc bn_link_manager.o
                0x0800a458                bn::link_manager::init()
 .text._ZN2bn12link_manager6activeEv
                0x0800a464        0xc bn_link_manager.o
                0x0800a464                bn::link_manager::active()
 .text._ZN2bn12link_manager7disableEv
                0x0800a470       0x18 bn_link_manager.o
                0x0800a470                bn::link_manager::disable()
 .text._ZN2bn14memory_manager12_GLOBAL__N_111static_dataD2Ev
                0x0800a488       0x10 bn_memory_manager.o
 .text._ZN2bn14memory_manager4initEv
                0x0800a498       0x2c bn_memory_manager.o
                0x0800a498                bn::memory_manager::init()
 .text.startup._GLOBAL__sub_I__Znwj
                0x0800a4c4       0x20 bn_memory_manager.o
 .text._ZN2bn16palettes_manager12_GLOBAL__N_111static_dataD2Ev
                0x0800a4e4        0x4 bn_palettes_manager.o
 .text._ZN2bn2hw8palettes9grayscaleEPKNS_5colorEiiPS2_.part.0
                0x0800a4e8       0x40 bn_palettes_manager.o
 .text._ZN2bn11bg_palettes21set_transparent_colorENS_5colorE
                0x0800a528       0x40 bn_palettes_manager.o
                0x0800a528                bn::bg_palettes::set_transparent_color(bn::color)
 .text._ZN2bn14bg_palette_ptrC2ERKS0_
                0x0800a568       0x2c bn_palettes_manager.o
                0x0800a568                bn::bg_palette_ptr::bg_palette_ptr(bn::bg_palette_ptr const&)
                0x0800a568                bn::bg_palette_ptr::bg_palette_ptr(bn::bg_palette_ptr const&)
 .text._ZNK2bn14bg_palette_ptr3bppEv
                0x0800a594       0x20 bn_palettes_manager.o
                0x0800a594                bn::bg_palette_ptr::bpp() const
 .text._ZN2bn18sprite_palette_ptrC2ERKS0_
                0x0800a5b4       0x1c bn_palettes_manager.o
                0x0800a5b4                bn::sprite_palette_ptr::sprite_palette_ptr(bn::sprite_palette_ptr const&)
                0x0800a5b4                bn::sprite_palette_ptr::sprite_palette_ptr(bn::sprite_palette_ptr const&)
 .text._ZNK2bn18sprite_palette_ptr3bppEv
                0x0800a5d0       0x1c bn_palettes_manager.o
                0x0800a5d0                bn::sprite_palette_ptr::bpp() const
 .text._ZNK2bn13palettes_bank10log_statusEv
                0x0800a5ec      0x178 bn_palettes_manager.o
                0x0800a5ec                bn::palettes_bank::log_status() const
 .text._ZN2bn13palettes_bank10find_bpp_4ERKNS_4spanIKNS_5colorEEEt
                0x0800a764      0x118 bn_palettes_manager.o
                0x0800a764                bn::palettes_bank::find_bpp_4(bn::span<bn::color const> const&, unsigned short)
 .text._ZNK2bn13palettes_bank20retrieve_commit_dataEv
                0x0800a87c       0x4c bn_palettes_manager.o
                0x0800a87c                bn::palettes_bank::retrieve_commit_data() const
 .text._ZNK2bn13palettes_bank21_apply_global_effectsEiPNS_5colorE
                0x0800a8c8      0x13c bn_palettes_manager.o
                0x0800a8c8                bn::palettes_bank::_apply_global_effects(int, bn::color*) const
 .text._ZNK2bn13palettes_bank25fill_hblank_effect_colorsEPKNS_5colorEPt
                0x0800aa04       0x30 bn_palettes_manager.o
                0x0800aa04                bn::palettes_bank::fill_hblank_effect_colors(bn::color const*, unsigned short*) const
 .text._ZNK2bn13palettes_bank7palette13apply_effectsEiPNS_5colorE
                0x0800aa34       0xbc bn_palettes_manager.o
                0x0800aa34                bn::palettes_bank::palette::apply_effects(int, bn::color*) const
 .text._ZNK2bn13palettes_bank25fill_hblank_effect_colorsEiPKNS_5colorEPt
                0x0800aaf0       0x44 bn_palettes_manager.o
                0x0800aaf0                bn::palettes_bank::fill_hblank_effect_colors(int, bn::color const*, unsigned short*) const
 .text._ZN2bn13palettes_bank15_update_paletteEi
                0x0800ab34       0x6c bn_palettes_manager.o
                0x0800ab34                bn::palettes_bank::_update_palette(int)
 .text._ZN2bn13palettes_bank6updateEv
                0x0800aba0      0x130 bn_palettes_manager.o
                0x0800aba0                bn::palettes_bank::update()
 .text._ZN2bn13palettes_bankC2Ev
                0x0800acd0       0xd4 bn_palettes_manager.o
                0x0800acd0                bn::palettes_bank::palettes_bank()
                0x0800acd0                bn::palettes_bank::palettes_bank()
 .text._ZN2bn16palettes_manager4initERKNS_8optionalINS_5colorEEE
                0x0800ada4      0x184 bn_palettes_manager.o
                0x0800ada4                bn::palettes_manager::init(bn::optional<bn::color> const&)
 .text._ZN2bn16palettes_manager20sprite_palettes_bankEv
                0x0800af28        0x8 bn_palettes_manager.o
                0x0800af28                bn::palettes_manager::sprite_palettes_bank()
 .text._ZN2bn16palettes_manager16bg_palettes_bankEv
                0x0800af30        0x8 bn_palettes_manager.o
                0x0800af30                bn::palettes_manager::bg_palettes_bank()
 .text._ZN2bn16palettes_manager6updateEv
                0x0800af38       0x20 bn_palettes_manager.o
                0x0800af38                bn::palettes_manager::update()
 .text._ZN2bn16palettes_manager6commitEb
                0x0800af58      0x104 bn_palettes_manager.o
                0x0800af58                bn::palettes_manager::commit(bool)
 .text._ZN2bn16palettes_manager4stopEv
                0x0800b05c       0x20 bn_palettes_manager.o
                0x0800b05c                bn::palettes_manager::stop()
 .text._ZN3_bn6assert9show_argsIA35_cEEvPKcS4_S4_iRKT_
                0x0800b07c       0x48 bn_palettes_manager.o
                0x0800b07c                void _bn::assert::show_args<char [35]>(char const*, char const*, char const*, int, char const (&) [35])
 .text._ZN2bn13palettes_bank11colors_hashERKNS_4spanIKNS_5colorEEE
                0x0800b0c4       0x48 bn_palettes_manager.o
                0x0800b0c4                bn::palettes_bank::colors_hash(bn::span<bn::color const> const&)
 .text._ZN3_bn6assert9show_argsIJA43_ciA36_cA42_cEEEvPKcS6_S6_iDpRKT_
                0x0800b10c       0x64 bn_palettes_manager.o
                0x0800b10c                void _bn::assert::show_args<char [43], int, char [36], char [42]>(char const*, char const*, char const*, int, char const (&) [43], int const&, char const (&) [36], char const (&) [42])
 .text._ZN2bn13palettes_bank12create_bpp_8ERKNS_4spanIKNS_5colorEEENS_16compression_typeEb
                0x0800b170      0x22c bn_palettes_manager.o
                0x0800b170                bn::palettes_bank::create_bpp_8(bn::span<bn::color const> const&, bn::compression_type, bool)
 .text._ZNK2bn19sprite_palette_item10decompressENS_4spanINS_5colorEEE
                0x0800b39c      0x16c bn_palettes_manager.o
                0x0800b39c                bn::sprite_palette_item::decompress(bn::span<bn::color>) const
 .text._ZNK2bn15bg_palette_item10decompressENS_4spanINS_5colorEEE
                0x0800b508      0x16c bn_palettes_manager.o
                0x0800b508                bn::bg_palette_item::decompress(bn::span<bn::color>) const
 .text._ZN2bn13palettes_bank12create_bpp_4ERKNS_4spanIKNS_5colorEEEtb
                0x0800b674      0x27c bn_palettes_manager.o
                0x0800b674                bn::palettes_bank::create_bpp_4(bn::span<bn::color const> const&, unsigned short, bool)
 .text._ZN2bn12_GLOBAL__N_112_create_implERKNS_15bg_palette_itemEb
                0x0800b8f0       0x94 bn_palettes_manager.o
 .text._ZN2bn14bg_palette_ptr6createERKNS_15bg_palette_itemE
                0x0800b984       0x54 bn_palettes_manager.o
                0x0800b984                bn::bg_palette_ptr::create(bn::bg_palette_item const&)
 .text._ZNK2bn15bg_palette_item14create_paletteEv
                0x0800b9d8       0x10 bn_palettes_manager.o
                0x0800b9d8                bn::bg_palette_item::create_palette() const
 .text._ZN2bn12_GLOBAL__N_112_create_implERKNS_19sprite_palette_itemEb
                0x0800b9e8       0x7c bn_palettes_manager.o
 .text._ZNK2bn19sprite_palette_item14create_paletteEv
                0x0800ba64       0x48 bn_palettes_manager.o
                0x0800ba64                bn::sprite_palette_item::create_palette() const
 .text._ZN2bn14iunordered_mapItsNS_15identity_hasherENS_8equal_toItEEE5eraseERKNS4_14const_iteratorE.isra.0
                0x0800baac      0x1b4 bn_palettes_manager.o
 .text._ZN2bn13palettes_bank15decrease_usagesEi.part.0
                0x0800bc60       0xdc bn_palettes_manager.o
 .text._ZN2bn14bg_palette_ptrD2Ev
                0x0800bd3c       0x3c bn_palettes_manager.o
                0x0800bd3c                bn::bg_palette_ptr::~bg_palette_ptr()
                0x0800bd3c                bn::bg_palette_ptr::~bg_palette_ptr()
 .text._ZN2bn18sprite_palette_ptrD2Ev
                0x0800bd78       0x30 bn_palettes_manager.o
                0x0800bd78                bn::sprite_palette_ptr::~sprite_palette_ptr()
                0x0800bd78                bn::sprite_palette_ptr::~sprite_palette_ptr()
 .text._ZN2bn14bg_palette_ptraSERKS0_
                0x0800bda8       0x5c bn_palettes_manager.o
                0x0800bda8                bn::bg_palette_ptr::operator=(bn::bg_palette_ptr const&)
 .text.startup._GLOBAL__sub_I__ZN2bn11bg_palettes17used_colors_countEv
                0x0800be04       0x34 bn_palettes_manager.o
 .text._ZN2bn26sprite_affine_mats_manager12_GLOBAL__N_119_sprite_double_sizeILi32ELi16EEEbiiiii
                0x0800be38       0x84 bn_sprite_affine_mats_manager.o
 .text._ZN2bn26sprite_affine_mats_manager12_GLOBAL__N_119_sprite_double_sizeILi16ELi32EEEbiiiii
                0x0800bebc       0x84 bn_sprite_affine_mats_manager.o
 .text._ZN2bn26sprite_affine_mats_manager12_GLOBAL__N_111static_dataD2Ev
                0x0800bf40       0x3c bn_sprite_affine_mats_manager.o
 .text._ZNK2bn26sprite_affine_mats_manager12_GLOBAL__N_19item_type18sprite_double_sizeEiRKNS_17sprite_shape_sizeE.isra.0
                0x0800bf7c      0x1ac bn_sprite_affine_mats_manager.o
 .text._ZNK2bn21sprite_affine_mat_ptr15horizontal_flipEv
                0x0800c128       0x18 bn_sprite_affine_mats_manager.o
                0x0800c128                bn::sprite_affine_mat_ptr::horizontal_flip() const
 .text._ZNK2bn21sprite_affine_mat_ptr13vertical_flipEv
                0x0800c140       0x18 bn_sprite_affine_mats_manager.o
                0x0800c140                bn::sprite_affine_mat_ptr::vertical_flip() const
 .text._ZNK2bn21sprite_affine_mat_ptr16flipped_identityEv
                0x0800c158       0x14 bn_sprite_affine_mats_manager.o
                0x0800c158                bn::sprite_affine_mat_ptr::flipped_identity() const
 .text._ZN2bn26sprite_affine_mats_manager13attach_spriteEiRNS_24intrusive_list_node_typeE
                0x0800c16c       0x2c bn_sprite_affine_mats_manager.o
                0x0800c16c                bn::sprite_affine_mats_manager::attach_sprite(int, bn::intrusive_list_node_type&)
 .text._ZN2bn26sprite_affine_mats_manager18sprite_double_sizeEiRKNS_17sprite_shape_sizeE
                0x0800c198       0x4c bn_sprite_affine_mats_manager.o
                0x0800c198                bn::sprite_affine_mats_manager::sprite_double_size(int, bn::sprite_shape_size const&)
 .text._ZN2bn26sprite_affine_mats_manager20retrieve_commit_dataEv
                0x0800c1e4       0x38 bn_sprite_affine_mats_manager.o
                0x0800c1e4                bn::sprite_affine_mats_manager::retrieve_commit_data()
 .text._ZN3_bn6assert9show_argsIA37_cEEvPKcS4_S4_iRKT_
                0x0800c21c       0x48 bn_sprite_affine_mats_manager.o
                0x0800c21c                void _bn::assert::show_args<char [37]>(char const*, char const*, char const*, int, char const (&) [37])
 .text._ZN2bn26sprite_affine_mats_manager15decrease_usagesEi.part.0
                0x0800c264       0x70 bn_sprite_affine_mats_manager.o
 .text._ZN2bn21sprite_affine_mat_ptrD2Ev
                0x0800c2d4       0x34 bn_sprite_affine_mats_manager.o
                0x0800c2d4                bn::sprite_affine_mat_ptr::~sprite_affine_mat_ptr()
                0x0800c2d4                bn::sprite_affine_mat_ptr::~sprite_affine_mat_ptr()
 .text._ZN2bn26sprite_affine_mats_manager6updateEv
                0x0800c308      0x2d0 bn_sprite_affine_mats_manager.o
                0x0800c308                bn::sprite_affine_mats_manager::update()
 .text._ZN2bn26sprite_affine_mats_manager4initEPv
                0x0800c5d8      0x108 bn_sprite_affine_mats_manager.o
                0x0800c5d8                bn::sprite_affine_mats_manager::init(void*)
 .text._ZN2bn26sprite_affine_mats_manager14dettach_spriteEiRNS_24intrusive_list_node_typeE
                0x0800c6e0       0x50 bn_sprite_affine_mats_manager.o
                0x0800c6e0                bn::sprite_affine_mats_manager::dettach_sprite(int, bn::intrusive_list_node_type&)
 .text.startup._GLOBAL__sub_I__ZN2bn18sprite_affine_mats10used_countEv
                0x0800c730       0xb4 bn_sprite_affine_mats_manager.o
 .text._ZN2bn21sprite_text_generator5_initEv
                0x0800c7e4      0x180 bn_sprite_text_generator.o
                0x0800c7e4                bn::sprite_text_generator::_init()
 .text._ZN2bn21sprite_text_generatorC2ERKNS_11sprite_fontE
                0x0800c964       0x2c bn_sprite_text_generator.o
                0x0800c964                bn::sprite_text_generator::sprite_text_generator(bn::sprite_font const&)
                0x0800c964                bn::sprite_text_generator::sprite_text_generator(bn::sprite_font const&)
 .text._ZN3_bn6assert9show_argsIA54_cEEvPKcS4_S4_iRKT_
                0x0800c990       0x48 bn_sprite_text_generator.o
                0x0800c990                void _bn::assert::show_args<char [54]>(char const*, char const*, char const*, int, char const (&) [54])
 .text._ZN3_bn6assert9show_argsIJA25_ciA4_ctEEEvPKcS5_S5_iDpRKT_
                0x0800c9d8       0x64 bn_sprite_text_generator.o
                0x0800c9d8                void _bn::assert::show_args<char [25], int, char [4], unsigned short>(char const*, char const*, char const*, int, char const (&) [25], int const&, char const (&) [4], unsigned short const&)
 .text._ZN2bn14utf8_characterC2ERKc
                0x0800ca3c      0x140 bn_sprite_text_generator.o
                0x0800ca3c                bn::utf8_character::utf8_character(char const&)
                0x0800ca3c                bn::utf8_character::utf8_character(char const&)
 .text._ZN2bn12_GLOBAL__N_115_graphics_indexEcRKNS_23utf8_characters_map_refEPKcRi.part.0
                0x0800cb7c       0x8c bn_sprite_text_generator.o
 .text._ZN3_bn6assert9show_argsIJA20_ccA9_cN2bn11string_viewEA2_cEEEvPKcS8_S8_iDpRKT_
                0x0800cc08       0x6c bn_sprite_text_generator.o
                0x0800cc08                void _bn::assert::show_args<char [20], char, char [9], bn::string_view, char [2]>(char const*, char const*, char const*, int, char const (&) [20], char const&, char const (&) [9], bn::string_view const&, char const (&) [2])
 .text._ZNK2bn21sprite_text_generator5widthERKNS_11string_viewE
                0x0800cc74      0x244 bn_sprite_text_generator.o
                0x0800cc74                bn::sprite_text_generator::width(bn::string_view const&) const
 .text._ZN3_bn6assert9show_argsIA55_cEEvPKcS4_S4_iRKT_
                0x0800ceb8       0x48 bn_sprite_text_generator.o
                0x0800ceb8                void _bn::assert::show_args<char [55]>(char const*, char const*, char const*, int, char const (&) [55])
 .text._ZN2bn12_GLOBAL__N_120_build_sprite_assertILNS_11sprite_sizeE2EEEPNS_4tileERKNS_21sprite_text_generatorERKNS_18sprite_palette_ptrERKNS_13fixed_point_tILi12EEERNS_7ivectorINS_10sprite_ptrEEE
                0x0800cf00      0x1bc bn_sprite_text_generator.o
 .text._ZN2bn12_GLOBAL__N_120_build_sprite_assertILNS_11sprite_sizeE1EEEPNS_4tileERKNS_21sprite_text_generatorERKNS_18sprite_palette_ptrERKNS_13fixed_point_tILi12EEERNS_7ivectorINS_10sprite_ptrEEE
                0x0800d0bc      0x1bc bn_sprite_text_generator.o
 .text._ZN2bn12_GLOBAL__N_19_generateILb0EEEbRKNS_21sprite_text_generatorERKNS_13fixed_point_tILi12EEERKNS_11string_viewERKNS_23utf8_characters_map_refEiibRNS_7ivectorINS_10sprite_ptrEEE.isra.0
                0x0800d278     0x11c0 bn_sprite_text_generator.o
 .text._ZNK2bn21sprite_text_generator8generateENS_7fixed_tILi12EEES2_RKNS_11string_viewERNS_7ivectorINS_10sprite_ptrEEE
                0x0800e438       0x40 bn_sprite_text_generator.o
                0x0800e438                bn::sprite_text_generator::generate(bn::fixed_t<12>, bn::fixed_t<12>, bn::string_view const&, bn::ivector<bn::sprite_ptr>&) const
 .text._ZNK2bn16sprite_tiles_ptr2idEv
                0x0800e478       0x18 bn_sprite_tiles_manager.o
                0x0800e478                bn::sprite_tiles_ptr::id() const
 .text._ZNK2bn16sprite_tiles_ptr11tiles_countEv
                0x0800e490       0x18 bn_sprite_tiles_manager.o
                0x0800e490                bn::sprite_tiles_ptr::tiles_count() const
 .text._ZN2bn20sprite_tiles_manager10log_statusEv
                0x0800e4a8      0x1ec bn_sprite_tiles_manager.o
                0x0800e4a8                bn::sprite_tiles_manager::log_status()
 .text._ZN2bn20sprite_tiles_manager19commit_uncompressedEb
                0x0800e694       0xdc bn_sprite_tiles_manager.o
                0x0800e694                bn::sprite_tiles_manager::commit_uncompressed(bool)
 .text._ZN3_bn6assert9show_argsIA27_chEEvPKcS4_S4_iRKT_RKT0_
                0x0800e770       0x54 bn_sprite_tiles_manager.o
                0x0800e770                void _bn::assert::show_args<char [27], unsigned char>(char const*, char const*, char const*, int, char const (&) [27], unsigned char const&)
 .text._ZN3_bn6assert9show_argsIJA44_cPKN2bn4tileEA4_cS6_EEEvPKcS9_S9_iDpRKT_
                0x0800e7c4       0x64 bn_sprite_tiles_manager.o
                0x0800e7c4                void _bn::assert::show_args<char [44], bn::tile const*, char [4], bn::tile const*>(char const*, char const*, char const*, int, char const (&) [44], bn::tile const* const&, char const (&) [4], bn::tile const* const&)
 .text._ZN3_bn6assert9show_argsIJA46_ciA4_cjEEEvPKcS5_S5_iDpRKT_
                0x0800e828       0x64 bn_sprite_tiles_manager.o
                0x0800e828                void _bn::assert::show_args<char [46], int, char [4], unsigned int>(char const*, char const*, char const*, int, char const (&) [46], int const&, char const (&) [4], unsigned int const&)
 .text._ZN2bn20sprite_tiles_manager12_GLOBAL__N_110_hw_commitEPKNS_4tileENS_16compression_typeEii
                0x0800e88c       0x9c bn_sprite_tiles_manager.o
 .text._ZN2bn20sprite_tiles_manager17commit_compressedEv
                0x0800e928       0x68 bn_sprite_tiles_manager.o
                0x0800e928                bn::sprite_tiles_manager::commit_compressed()
 .text._ZN3_bn6assert9show_argsIJA28_cA15_cPKN2bn4tileEA16_ciA34_cNS4_11string_viewEEEEvPKcSC_SC_iDpRKT_
                0x0800e990       0x7c bn_sprite_tiles_manager.o
                0x0800e990                void _bn::assert::show_args<char [28], char [15], bn::tile const*, char [16], int, char [34], bn::string_view>(char const*, char const*, char const*, int, char const (&) [28], char const (&) [15], bn::tile const* const&, char const (&) [16], int const&, char const (&) [34], bn::string_view const&)
 .text._ZN3_bn6assert9show_argsIJA44_ciA34_cN2bn11string_viewEEEEvPKcS7_S7_iDpRKT_
                0x0800ea0c       0x64 bn_sprite_tiles_manager.o
                0x0800ea0c                void _bn::assert::show_args<char [44], int, char [34], bn::string_view>(char const*, char const*, char const*, int, char const (&) [44], int const&, char const (&) [34], bn::string_view const&)
 .text._ZN2bn20sprite_tiles_manager4initEv
                0x0800ea70      0x190 bn_sprite_tiles_manager.o
                0x0800ea70                bn::sprite_tiles_manager::init()
 .text._ZN2bn20sprite_tiles_manager12_GLOBAL__N_122_insert_to_commit_itemEiRNS1_9item_typeE.part.0
                0x0800ec00       0x6c bn_sprite_tiles_manager.o
 .text._ZN2bn20sprite_tiles_manager12_GLOBAL__N_117_insert_free_itemEiPt
                0x0800ec6c       0xcc bn_sprite_tiles_manager.o
 .text._ZN2bn20sprite_tiles_manager12_GLOBAL__N_116_erase_free_itemEi
                0x0800ed38       0xe4 bn_sprite_tiles_manager.o
 .text._ZN2bn20sprite_tiles_manager12_GLOBAL__N_121_erase_to_commit_itemEiRNS1_9item_typeE
                0x0800ee1c      0x100 bn_sprite_tiles_manager.o
 .text._ZN2bn20sprite_tiles_manager15decrease_usagesEi
                0x0800ef1c      0x134 bn_sprite_tiles_manager.o
                0x0800ef1c                bn::sprite_tiles_manager::decrease_usages(int)
 .text._ZN2bn16sprite_tiles_ptrD2Ev
                0x0800f050       0x18 bn_sprite_tiles_manager.o
                0x0800f050                bn::sprite_tiles_ptr::~sprite_tiles_ptr()
                0x0800f050                bn::sprite_tiles_ptr::~sprite_tiles_ptr()
 .text._ZN2bn20sprite_tiles_manager12_GLOBAL__N_110_find_implEPKNS_4tileENS_16compression_typeEi
                0x0800f068      0x28c bn_sprite_tiles_manager.o
 .text._ZN2bn20sprite_tiles_manager4vramEi
                0x0800f2f4       0x4c bn_sprite_tiles_manager.o
                0x0800f2f4                bn::sprite_tiles_manager::vram(int)
 .text._ZN2bn16sprite_tiles_ptr4vramEv
                0x0800f340       0x14 bn_sprite_tiles_manager.o
                0x0800f340                bn::sprite_tiles_ptr::vram()
 .text._ZN2bn14iunordered_mapIPKNS_4tileEiNS_4hashIS3_EENS_8equal_toIS3_EEE5eraseERKNS8_14const_iteratorE.isra.0
                0x0800f354      0x1b4 bn_sprite_tiles_manager.o
 .text._ZN2bn20sprite_tiles_manager12_GLOBAL__N_112_create_itemEiPKNS_4tileENS_16compression_typeEib
                0x0800f508      0x268 bn_sprite_tiles_manager.o
 .text._ZN2bn20sprite_tiles_manager12_GLOBAL__N_114_allocate_implEi
                0x0800f770       0xf8 bn_sprite_tiles_manager.o
 .text._ZN2bn20sprite_tiles_manager8allocateEiNS_8bpp_modeE
                0x0800f868       0xc4 bn_sprite_tiles_manager.o
                0x0800f868                bn::sprite_tiles_manager::allocate(int, bn::bpp_mode)
 .text._ZN2bn16sprite_tiles_ptr8allocateEiNS_8bpp_modeE
                0x0800f92c       0x18 bn_sprite_tiles_manager.o
                0x0800f92c                bn::sprite_tiles_ptr::allocate(int, bn::bpp_mode)
 .text._ZN2bn20sprite_tiles_manager6updateEv
                0x0800f944      0x238 bn_sprite_tiles_manager.o
                0x0800f944                bn::sprite_tiles_manager::update()
 .text._ZN2bn20sprite_tiles_manager12_GLOBAL__N_112_create_implEPKNS_4tileENS_16compression_typeEi
                0x0800fb7c      0x200 bn_sprite_tiles_manager.o
 .text._ZN2bn20sprite_tiles_manager6createERKNS_4spanIKNS_4tileEEENS_16compression_typeE
                0x0800fd7c      0x140 bn_sprite_tiles_manager.o
                0x0800fd7c                bn::sprite_tiles_manager::create(bn::span<bn::tile const> const&, bn::compression_type)
 .text._ZN2bn16sprite_tiles_ptr6createERKNS_17sprite_tiles_itemE
                0x0800febc       0x84 bn_sprite_tiles_manager.o
                0x0800febc                bn::sprite_tiles_ptr::create(bn::sprite_tiles_item const&)
 .text._ZNK2bn17sprite_tiles_item12create_tilesEv
                0x0800ff40       0x10 bn_sprite_tiles_manager.o
                0x0800ff40                bn::sprite_tiles_item::create_tiles() const
 .text._ZN2bn16sprite_tiles_ptr6createERKNS_17sprite_tiles_itemEi
                0x0800ff50       0xbc bn_sprite_tiles_manager.o
                0x0800ff50                bn::sprite_tiles_ptr::create(bn::sprite_tiles_item const&, int)
 .text._ZNK2bn17sprite_tiles_item12create_tilesEi
                0x0801000c       0xbc bn_sprite_tiles_manager.o
                0x0801000c                bn::sprite_tiles_item::create_tiles(int) const
 .text.startup._GLOBAL__sub_I__ZN2bn12sprite_tiles16used_tiles_countEv
                0x080100c8      0x12c bn_sprite_tiles_manager.o
 .text._ZN2bn15sprites_manager12_GLOBAL__N_132_always_update_indexes_to_commitERKNS_20sprites_manager_itemE
                0x080101f4       0x48 bn_sprites_manager.o
 .text._ZN2bn15sprites_manager12_GLOBAL__N_111static_dataD2Ev
                0x0801023c       0x44 bn_sprites_manager.o
 .text._ZN2bn13ostringstream11append_argsIiJA4_ciEEEvRKT_DpRKT0_.isra.0
                0x08010280       0x24 bn_sprites_manager.o
 .text._ZN2bn15sprites_manager12_GLOBAL__N_123_update_item_dimensionsERNS_20sprites_manager_itemE
                0x080102a4       0xc8 bn_sprites_manager.o
 .text._ZN2bn10sprite_ptrC2ERKS0_
                0x0801036c        0xc bn_sprites_manager.o
                0x0801036c                bn::sprite_ptr::sprite_ptr(bn::sprite_ptr const&)
                0x0801036c                bn::sprite_ptr::sprite_ptr(bn::sprite_ptr const&)
 .text._ZN2bn10sprite_ptr5set_xENS_7fixed_tILi12EEE
                0x08010378       0x48 bn_sprites_manager.o
                0x08010378                bn::sprite_ptr::set_x(bn::fixed_t<12>)
 .text._ZN2bn10sprite_ptr5set_yENS_7fixed_tILi12EEE
                0x080103c0       0x48 bn_sprites_manager.o
                0x080103c0                bn::sprite_ptr::set_y(bn::fixed_t<12>)
 .text._ZN2bn10sprite_ptr11set_visibleEb
                0x08010408       0x64 bn_sprites_manager.o
                0x08010408                bn::sprite_ptr::set_visible(bool)
 .text._ZN2bn15sprites_manager4initEv
                0x0801046c       0xd0 bn_sprites_manager.o
                0x0801046c                bn::sprites_manager::init()
 .text._ZN2bn15sprites_manager5hw_idEPv
                0x0801053c        0x8 bn_sprites_manager.o
                0x0801053c                bn::sprites_manager::hw_id(void*)
 .text._ZN2bn15sprites_manager5shapeEPv
                0x08010544        0x8 bn_sprites_manager.o
                0x08010544                bn::sprites_manager::shape(void*)
 .text._ZN2bn15sprites_manager4sizeEPv
                0x0801054c        0x8 bn_sprites_manager.o
                0x0801054c                bn::sprites_manager::size(void*)
 .text._ZN2bn15sprites_manager10shape_sizeEPv
                0x08010554       0x14 bn_sprites_manager.o
                0x08010554                bn::sprites_manager::shape_size(void*)
 .text._ZN2bn15sprites_manager11hw_positionEPv
                0x08010568        0x4 bn_sprites_manager.o
                0x08010568                bn::sprites_manager::hw_position(void*)
 .text._ZN2bn15sprites_manager9view_modeEPv
                0x0801056c        0xc bn_sprites_manager.o
                0x0801056c                bn::sprites_manager::view_mode(void*)
 .text._ZN2bn15sprites_manager10affine_matEPv
                0x08010578        0x4 bn_sprites_manager.o
                0x08010578                bn::sprites_manager::affine_mat(void*)
 .text._ZN2bn15sprites_manager39fill_hblank_effect_horizontal_positionsEPviPKNS_7fixed_tILi12EEEPt
                0x0801057c       0x44 bn_sprites_manager.o
                0x0801057c                bn::sprites_manager::fill_hblank_effect_horizontal_positions(void*, int, bn::fixed_t<12> const*, unsigned short*)
 .text._ZN2bn15sprites_manager37fill_hblank_effect_vertical_positionsEPviPKNS_7fixed_tILi12EEEPt
                0x080105c0       0x44 bn_sprites_manager.o
                0x080105c0                bn::sprites_manager::fill_hblank_effect_vertical_positions(void*, int, bn::fixed_t<12> const*, unsigned short*)
 .text._ZN2bn15sprites_manager35fill_hblank_effect_first_attributesEiNS_12sprite_shapeENS_8bpp_modeEiPKNS_23sprite_first_attributesEPt
                0x08010604       0xdc bn_sprites_manager.o
                0x08010604                bn::sprites_manager::fill_hblank_effect_first_attributes(int, bn::sprite_shape, bn::bpp_mode, int, bn::sprite_first_attributes const*, unsigned short*)
 .text._ZN2bn15sprites_manager44fill_hblank_effect_regular_second_attributesEPviNS_11sprite_sizeEPKNS_32sprite_regular_second_attributesEPt
                0x080106e0       0x60 bn_sprites_manager.o
                0x080106e0                bn::sprites_manager::fill_hblank_effect_regular_second_attributes(void*, int, bn::sprite_size, bn::sprite_regular_second_attributes const*, unsigned short*)
 .text._ZN2bn15sprites_manager43fill_hblank_effect_affine_second_attributesEPviNS_11sprite_sizeEPKNS_31sprite_affine_second_attributesEPt
                0x08010740       0x58 bn_sprites_manager.o
                0x08010740                bn::sprites_manager::fill_hblank_effect_affine_second_attributes(void*, int, bn::sprite_size, bn::sprite_affine_second_attributes const*, unsigned short*)
 .text._ZN2bn15sprites_manager14update_camerasEv
                0x08010798       0x20 bn_sprites_manager.o
                0x08010798                bn::sprites_manager::update_cameras()
 .text._ZN2bn15sprites_manager23update_auto_double_sizeEPv
                0x080107b8       0x2c bn_sprites_manager.o
                0x080107b8                bn::sprites_manager::update_auto_double_size(void*)
 .text._ZN2bn15sprites_manager6commitEb
                0x080107e4       0xa4 bn_sprites_manager.o
                0x080107e4                bn::sprites_manager::commit(bool)
 .text._ZNK2bn17sprite_shape_size11tiles_countENS_8bpp_modeE.isra.0
                0x08010888      0x150 bn_sprites_manager.o
 .text._ZN2bn15sprites_manager12_GLOBAL__N_118_remove_affine_matERNS_20sprites_manager_itemE
                0x080109d8       0xe4 bn_sprites_manager.o
 .text._ZN2bn15sprites_manager42remove_identity_affine_mat_when_not_neededEPv
                0x08010abc        0xc bn_sprites_manager.o
                0x08010abc                bn::sprites_manager::remove_identity_affine_mat_when_not_needed(void*)
 .text._ZN2bn14sprite_builder15release_paletteEv
                0x08010ac8       0x78 bn_sprites_manager.o
                0x08010ac8                bn::sprite_builder::release_palette()
 .text._ZN2bn14sprite_builder13release_tilesEv
                0x08010b40       0x78 bn_sprites_manager.o
                0x08010b40                bn::sprite_builder::release_tiles()
 .text._ZN2bn15sprites_manager7paletteEPv
                0x08010bb8       0x34 bn_sprites_manager.o
                0x08010bb8                bn::sprites_manager::palette(void*)
 .text._ZN2bn20sprites_manager_item13_builder_initERKNS_14sprite_builderE
                0x08010bec      0x350 bn_sprites_manager.o
                0x08010bec                bn::sprites_manager_item::_builder_init(bn::sprite_builder const&)
 .text._ZN2bn14sprite_builder11set_z_orderEi
                0x08010f3c       0x48 bn_sprites_manager.o
                0x08010f3c                bn::sprite_builder::set_z_order(int)
 .text._ZN2bn14sprite_builderC2ERKNS_17sprite_shape_sizeENS_16sprite_tiles_ptrENS_18sprite_palette_ptrE
                0x08010f84      0x120 bn_sprites_manager.o
                0x08010f84                bn::sprite_builder::sprite_builder(bn::sprite_shape_size const&, bn::sprite_tiles_ptr, bn::sprite_palette_ptr)
                0x08010f84                bn::sprite_builder::sprite_builder(bn::sprite_shape_size const&, bn::sprite_tiles_ptr, bn::sprite_palette_ptr)
 .text._ZN2bn14sprite_builder15set_bg_priorityEi
                0x080110a4       0x38 bn_sprites_manager.o
                0x080110a4                bn::sprite_builder::set_bg_priority(int)
 .text._ZN2bn15sprites_manager6updateEv
                0x080110dc      0x158 bn_sprites_manager.o
                0x080110dc                bn::sprites_manager::update()
 .text._ZN3_bn6assert9show_argsIJA27_ciA4_ciEEEvPKcS5_S5_iDpRKT_
                0x08011234       0x58 bn_sprites_manager.o
                0x08011234                void _bn::assert::show_args<char [27], int, char [4], int>(char const*, char const*, char const*, int, char const (&) [27], int const&, char const (&) [4], int const&)
 .text._ZN2bn15sprites_manager35fill_hblank_effect_third_attributesENS_17sprite_shape_sizeEPKNS_23sprite_third_attributesEPt
                0x0801128c       0xc4 bn_sprites_manager.o
                0x0801128c                bn::sprites_manager::fill_hblank_effect_third_attributes(bn::sprite_shape_size, bn::sprite_third_attributes const*, unsigned short*)
 .text._ZN2bn14sorted_sprites6sorter6insertERNS_20sprites_manager_itemE
                0x08011350      0x170 bn_sprites_manager.o
                0x08011350                bn::sorted_sprites::sorter::insert(bn::sprites_manager_item&)
 .text._ZN2bn15sprites_manager6createERKNS_13fixed_point_tILi12EEERKNS_17sprite_shape_sizeEONS_16sprite_tiles_ptrEONS_18sprite_palette_ptrE
                0x080114c0      0x1dc bn_sprites_manager.o
                0x080114c0                bn::sprites_manager::create(bn::fixed_point_t<12> const&, bn::sprite_shape_size const&, bn::sprite_tiles_ptr&&, bn::sprite_palette_ptr&&)
 .text._ZNK2bn11sprite_item13create_spriteENS_7fixed_tILi12EEES2_
                0x0801169c       0x44 bn_sprites_manager.o
                0x0801169c                bn::sprite_item::create_sprite(bn::fixed_t<12>, bn::fixed_t<12>) const
 .text._ZN2bn15sprites_manager6createEONS_14sprite_builderE
                0x080116e0      0x180 bn_sprites_manager.o
                0x080116e0                bn::sprites_manager::create(bn::sprite_builder&&)
 .text._ZN2bn10sprite_ptr6createEONS_14sprite_builderE
                0x08011860       0x14 bn_sprites_manager.o
                0x08011860                bn::sprite_ptr::create(bn::sprite_builder&&)
 .text._ZN2bn15sprites_manager9put_aboveEPv
                0x08011874       0x74 bn_sprites_manager.o
                0x08011874                bn::sprites_manager::put_above(void*)
 .text._ZN2bn10sprite_ptr9put_aboveEv
                0x080118e8       0x10 bn_sprites_manager.o
                0x080118e8                bn::sprite_ptr::put_above()
 .text._ZN2bn15sprites_manager15decrease_usagesEPv
                0x080118f8      0x180 bn_sprites_manager.o
                0x080118f8                bn::sprites_manager::decrease_usages(void*)
 .text._ZN2bn10sprite_ptrD2Ev
                0x08011a78       0x18 bn_sprites_manager.o
                0x08011a78                bn::sprite_ptr::~sprite_ptr()
                0x08011a78                bn::sprite_ptr::~sprite_ptr()
 .text.startup._GLOBAL__sub_I__ZN2bn7sprites16used_items_countEv
                0x08011a90       0xac bn_sprites_manager.o
 .text._ZN2bn13ostringstreamC2ERNS_12istring_baseE
                0x08011b3c        0x8 bn_sstream.o
                0x08011b3c                bn::ostringstream::ostringstream(bn::istring_base&)
                0x08011b3c                bn::ostringstream::ostringstream(bn::istring_base&)
 .text._ZNK2bn13ostringstream4sizeEv
                0x08011b44        0x8 bn_sstream.o
                0x08011b44                bn::ostringstream::size() const
 .text._ZN2bn13ostringstream6appendEPKc
                0x08011b4c       0x94 bn_sstream.o
                0x08011b4c                bn::ostringstream::append(char const*)
 .text._ZN2bn13ostringstream6appendEi
                0x08011be0       0xb0 bn_sstream.o
                0x08011be0                bn::ostringstream::append(int)
 .text._ZN2bn13ostringstream6appendERKNS_11string_viewE
                0x08011c90       0x9c bn_sstream.o
                0x08011c90                bn::ostringstream::append(bn::string_view const&)
 .text._ZN2bn13ostringstream6appendEj
                0x08011d2c       0xb0 bn_sstream.o
                0x08011d2c                bn::ostringstream::append(unsigned int)
 .text._ZN2bn13ostringstream6appendEPKv
                0x08011ddc      0x100 bn_sstream.o
                0x08011ddc                bn::ostringstream::append(void const*)
 .text._ZN2bn13ostringstream16_append_fractionEji
                0x08011edc      0x114 bn_sstream.o
                0x08011edc                bn::ostringstream::_append_fraction(unsigned int, int)
 .text._ZN2bn13ostringstream6appendEc
                0x08011ff0       0x44 bn_sstream.o
                0x08011ff0                bn::ostringstream::append(char)
 .text._ZN2bn18igeneric_pool_baseC2EPci
                0x08012034       0x10 bn_translation_unit.o
                0x08012034                bn::igeneric_pool_base::igeneric_pool_base(char*, int)
                0x08012034                bn::igeneric_pool_base::igeneric_pool_base(char*, int)
 .text._ZN2bn18igeneric_pool_base5_freeEPc
                0x08012044       0x10 bn_translation_unit.o
                0x08012044                bn::igeneric_pool_base::_free(char*)
 .text._ZN2bn5timerC2Ev
                0x08012054       0x24 bn_translation_unit.o
                0x08012054                bn::timer::timer()
                0x08012054                bn::timer::timer()
 .text._ZNK2bn5timer13elapsed_ticksEv
                0x08012078       0x3c bn_translation_unit.o
                0x08012078                bn::timer::elapsed_ticks() const
 .text._ZN2bn5timer7restartEv
                0x080120b4       0x24 bn_translation_unit.o
                0x080120b4                bn::timer::restart()
 .text._ZN2bn3logERKNS_12istring_baseE
                0x080120d8       0x58 bn_translation_unit.o
                0x080120d8                bn::log(bn::istring_base const&)
 .text._ZN2bn18igeneric_pool_baseD2Ev
                0x08012130       0x30 bn_translation_unit.o
                0x08012130                bn::igeneric_pool_base::~igeneric_pool_base()
                0x08012130                bn::igeneric_pool_base::~igeneric_pool_base()
 .text._ZN2bn18igeneric_pool_base9_allocateEv
                0x08012160       0x48 bn_translation_unit.o
                0x08012160                bn::igeneric_pool_base::_allocate()
 .text._ZN2bn2hw5audio12_GLOBAL__N_111static_dataD2Ev
                0x080121a8       0x18 bn_hw_audio.o
 .text._ZN2bn2hw5audio12_GLOBAL__N_17_commitEv
                0x080121c0       0x48 bn_hw_audio.o
 .text._ZN2bn2hw5audio12_GLOBAL__N_115_vblank_handlerEv
                0x08012208       0x24 bn_hw_audio.o
 .text._ZN2bn2hw5audio4initEv
                0x0801222c       0x9c bn_hw_audio.o
                0x0801222c                bn::hw::audio::init()
 .text._ZN2bn2hw5audio7disableEv
                0x080122c8       0x34 bn_hw_audio.o
                0x080122c8                bn::hw::audio::disable()
 .text._ZN2bn2hw5audio13music_playingEv
                0x080122fc       0x20 bn_hw_audio.o
                0x080122fc                bn::hw::audio::music_playing()
 .text._ZN2bn2hw5audio10play_musicEib
                0x0801231c       0x1c bn_hw_audio.o
                0x0801231c                bn::hw::audio::play_music(int, bool)
 .text._ZN2bn2hw5audio10stop_musicEv
                0x08012338       0x18 bn_hw_audio.o
                0x08012338                bn::hw::audio::stop_music()
 .text._ZN2bn2hw5audio11pause_musicEv
                0x08012350       0x18 bn_hw_audio.o
                0x08012350                bn::hw::audio::pause_music()
 .text._ZN2bn2hw5audio12resume_musicEv
                0x08012368       0x18 bn_hw_audio.o
                0x08012368                bn::hw::audio::resume_music()
 .text._ZN2bn2hw5audio17dmg_music_playingEv
                0x08012380       0x2c bn_hw_audio.o
                0x08012380                bn::hw::audio::dmg_music_playing()
 .text._ZN2bn2hw5audio14stop_dmg_musicEv
                0x080123ac       0x28 bn_hw_audio.o
                0x080123ac                bn::hw::audio::stop_dmg_music()
 .text._ZN2bn2hw5audio15pause_dmg_musicEv
                0x080123d4       0x28 bn_hw_audio.o
                0x080123d4                bn::hw::audio::pause_dmg_music()
 .text._ZN2bn2hw5audio16resume_dmg_musicEv
                0x080123fc       0x28 bn_hw_audio.o
                0x080123fc                bn::hw::audio::resume_dmg_music()
 .text._ZN2bn2hw5audio18dmg_music_positionERiS2_
                0x08012424       0x2c bn_hw_audio.o
                0x08012424                bn::hw::audio::dmg_music_position(int&, int&)
 .text._ZN2bn2hw5audio6updateEv
                0x08012450       0x14 bn_hw_audio.o
                0x08012450                bn::hw::audio::update()
 .text._ZN3_bn6assert9show_argsIA47_ciEEvPKcS4_S4_iRKT_RKT0_
                0x08012464       0x54 bn_hw_audio.o
                0x08012464                void _bn::assert::show_args<char [47], int>(char const*, char const*, char const*, int, char const (&) [47], int const&)
 .text._ZN2bn2hw5audio14play_dmg_musicEPKvNS_14dmg_music_typeEib
                0x080124b8       0x8c bn_hw_audio.o
                0x080124b8                bn::hw::audio::play_dmg_music(void const*, bn::dmg_music_type, int, bool)
 .text._ZN2bn2hw5audio22set_dmg_music_positionEii
                0x08012544       0x54 bn_hw_audio.o
                0x08012544                bn::hw::audio::set_dmg_music_position(int, int)
 .text._ZN2bn2hw5audio20set_dmg_music_volumeEii
                0x08012598       0x40 bn_hw_audio.o
                0x08012598                bn::hw::audio::set_dmg_music_volume(int, int)
 .text._ZN3_bn6assert9show_argsIA20_cjEEvPKcS4_S4_iRKT_RKT0_
                0x080125d8       0x54 bn_hw_audio.o
                0x080125d8                void _bn::assert::show_args<char [20], unsigned int>(char const*, char const*, char const*, int, char const (&) [20], unsigned int const&)
 .text._ZN2bn2hw5audio6commitEv
                0x0801262c       0x58 bn_hw_audio.o
                0x0801262c                bn::hw::audio::commit()
 .text._ZN2bn2hw5audio12_GLOBAL__N_119_add_sound_to_queueEit
                0x08012684       0xa0 bn_hw_audio.o
 .text._ZN2bn2hw5audio12_GLOBAL__N_123_erase_sound_from_queueEt
                0x08012724       0x90 bn_hw_audio.o
 .text._ZN2bn2hw5audio10stop_soundEt
                0x080127b4       0x20 bn_hw_audio.o
                0x080127b4                bn::hw::audio::stop_sound(unsigned short)
 .text._ZN2bn2hw5audio13release_soundEt
                0x080127d4       0x20 bn_hw_audio.o
                0x080127d4                bn::hw::audio::release_sound(unsigned short)
 .text._ZN2bn2hw5audio15stop_all_soundsEv
                0x080127f4       0x68 bn_hw_audio.o
                0x080127f4                bn::hw::audio::stop_all_sounds()
 .text._ZN2bn2hw5audio12_GLOBAL__N_119_check_sounds_queueEv.part.0
                0x0801285c       0x98 bn_hw_audio.o
 .text._ZN2bn2hw5audio10play_soundEiiiii
                0x080128f4       0x48 bn_hw_audio.o
                0x080128f4                bn::hw::audio::play_sound(int, int, int, int, int)
 .text._ZN2bn2hw5audio10play_soundEii
                0x0801293c       0x34 bn_hw_audio.o
                0x0801293c                bn::hw::audio::play_sound(int, int)
 .text._ZN2bn2hw5audio19update_sounds_queueEv
                0x08012970       0x90 bn_hw_audio.o
                0x08012970                bn::hw::audio::update_sounds_queue()
 .text.startup._GLOBAL__sub_I__ZN2bn2hw5audio4initEv
                0x08012a00       0x40 bn_hw_audio.o
 .text.__libc_init_array
                0x08012a40       0x50 bn_hw_common.bn_noflto.o
                0x08012a40                __libc_init_array
 .text.__aeabi_atexit
                0x08012a90        0x4 bn_hw_common.bn_noflto.o
                0x08012a90                __aeabi_atexit
 .text._ZN3_bn6assert9show_argsIA40_cEEvPKcS4_S4_iRKT_
                0x08012a94       0x48 bn_hw_common.bn_noflto.o
                0x08012a94                void _bn::assert::show_args<char [40]>(char const*, char const*, char const*, int, char const (&) [40])
 .text.__aeabi_idiv0
                0x08012adc       0x24 bn_hw_common.bn_noflto.o
                0x08012adc                __aeabi_idiv0
 .text._ZN2bn2hw3irq4initEv
                0x08012b00        0xc bn_hw_irq.o
                0x08012b00                bn::hw::irq::init()
 .text._ZN2bn2hw3irq7set_isrENS1_2idEPFvvE
                0x08012b0c       0x10 bn_hw_irq.o
                0x08012b0c                bn::hw::irq::set_isr(bn::hw::irq::id, void (*)())