Archive member included to satisfy reference by file (symbol)

C:/devkitPro/devkitARM/bin/../lib/gcc/arm-none-eabi/14.1.0/thumb\libgcc.a(_call_via_rX.o)
                              mm_main_gba.o (_call_via_r1)
C:/devkitPro/devkitARM/bin/../lib/gcc/arm-none-eabi/14.1.0/thumb\libgcc.a(_aeabi_ldivmod.o)
                              bn_hw_text.o (__aeabi_ldivmod)
C:/devkitPro/devkitARM/bin/../lib/gcc/arm-none-eabi/14.1.0/thumb\libgcc.a(_aeabi_uldivmod.o)
                              bn_hw_text.o (__aeabi_uldivmod)
C:/devkitPro/devkitARM/bin/../lib/gcc/arm-none-eabi/14.1.0/thumb\libgcc.a(_sync_none.o)
                              (__sync_synchronize_none)
C:/devkitPro/devkitARM/bin/../lib/gcc/arm-none-eabi/14.1.0/thumb\libgcc.a(_udivmoddi4.o)
                              C:/devkitPro/devkitARM/bin/../lib/gcc/arm-none-eabi/14.1.0/thumb\libgcc.a(_aeabi_ldivmod.o) (__udivmoddi4)

Discarded input sections

 .text          0x00000000        0x0 C:/devkitPro/devkitARM/bin/../lib/gcc/arm-none-eabi/14.1.0/../../../../arm-none-eabi/lib/thumb/gba_crt0.o
 .data          0x00000000        0x0 C:/devkitPro/devkitARM/bin/../lib/gcc/arm-none-eabi/14.1.0/../../../../arm-none-eabi/lib/thumb/gba_crt0.o
 .bss           0x00000000        0x0 C:/devkitPro/devkitARM/bin/../lib/gcc/arm-none-eabi/14.1.0/../../../../arm-none-eabi/lib/thumb/gba_crt0.o
 .text          0x00000000        0x0 C:/devkitPro/devkitARM/bin/../lib/gcc/arm-none-eabi/14.1.0/thumb/crti.o
 .data          0x00000000        0x0 C:/devkitPro/devkitARM/bin/../lib/gcc/arm-none-eabi/14.1.0/thumb/crti.o
 .bss           0x00000000        0x0 C:/devkitPro/devkitARM/bin/../lib/gcc/arm-none-eabi/14.1.0/thumb/crti.o
 .text          0x00000000        0x0 C:/devkitPro/devkitARM/bin/../lib/gcc/arm-none-eabi/14.1.0/thumb/crtbegin.o
 .data          0x00000000        0x0 C:/devkitPro/devkitARM/bin/../lib/gcc/arm-none-eabi/14.1.0/thumb/crtbegin.o
 .bss           0x00000000        0x0 C:/devkitPro/devkitARM/bin/../lib/gcc/arm-none-eabi/14.1.0/thumb/crtbegin.o
 .rodata.all_implied_fbits
                0x00000000       0x24 C:/devkitPro/devkitARM/bin/../lib/gcc/arm-none-eabi/14.1.0/thumb/crtbegin.o
 .text          0x00000000        0x0 _bn_audio_soundbank.bin.o
 .data          0x00000000        0x0 _bn_audio_soundbank.bin.o
 .bss           0x00000000        0x0 _bn_audio_soundbank.bin.o
 .text          0x00000000        0x0 bead_purse_bn_gfx.o
 .data          0x00000000        0x0 bead_purse_bn_gfx.o
 .bss           0x00000000        0x0 bead_purse_bn_gfx.o
 .rodata        0x00000000       0xa0 bead_purse_bn_gfx.o
 .text          0x00000000        0x0 carson_bn_gfx.o
 .data          0x00000000        0x0 carson_bn_gfx.o
 .bss           0x00000000        0x0 carson_bn_gfx.o
 .rodata        0x00000000      0x220 carson_bn_gfx.o
 .text          0x00000000        0x0 fixed_32x64_font_bn_gfx.o
 .data          0x00000000        0x0 fixed_32x64_font_bn_gfx.o
 .bss           0x00000000        0x0 fixed_32x64_font_bn_gfx.o
 .rodata        0x00000000    0x1b820 fixed_32x64_font_bn_gfx.o
 .text          0x00000000        0x0 haha_house_bn_gfx.o
 .data          0x00000000        0x0 haha_house_bn_gfx.o
 .bss           0x00000000        0x0 haha_house_bn_gfx.o
 .text          0x00000000        0x0 hat_bn_gfx.o
 .data          0x00000000        0x0 hat_bn_gfx.o
 .bss           0x00000000        0x0 hat_bn_gfx.o
 .text          0x00000000        0x0 land_bn_gfx.o
 .data          0x00000000        0x0 land_bn_gfx.o
 .bss           0x00000000        0x0 land_bn_gfx.o
 .rodata        0x00000000      0xa40 land_bn_gfx.o
 .text          0x00000000        0x0 land2_bn_gfx.o
 .data          0x00000000        0x0 land2_bn_gfx.o
 .bss           0x00000000        0x0 land2_bn_gfx.o
 .text          0x00000000        0x0 queenie_bn_gfx.o
 .data          0x00000000        0x0 queenie_bn_gfx.o
 .bss           0x00000000        0x0 queenie_bn_gfx.o
 .text          0x00000000        0x0 sook_bn_gfx.o
 .data          0x00000000        0x0 sook_bn_gfx.o
 .bss           0x00000000        0x0 sook_bn_gfx.o
 .text          0x00000000        0x0 sook_room_bn_gfx.o
 .data          0x00000000        0x0 sook_room_bn_gfx.o
 .bss           0x00000000        0x0 sook_room_bn_gfx.o
 .text          0x00000000        0x0 trees_bn_gfx.o
 .data          0x00000000        0x0 trees_bn_gfx.o
 .bss           0x00000000        0x0 trees_bn_gfx.o
 .text          0x00000000        0x0 truman_bn_gfx.o
 .data          0x00000000        0x0 truman_bn_gfx.o
 .bss           0x00000000        0x0 truman_bn_gfx.o
 .rodata        0x00000000      0x820 truman_bn_gfx.o
 .text          0x00000000        0x0 truman2_bn_gfx.o
 .data          0x00000000        0x0 truman2_bn_gfx.o
 .bss           0x00000000        0x0 truman2_bn_gfx.o
 .text          0x00000000        0x0 common_fixed_8x16_font_bn_gfx.o
 .data          0x00000000        0x0 common_fixed_8x16_font_bn_gfx.o
 .bss           0x00000000        0x0 common_fixed_8x16_font_bn_gfx.o
[...]
Memory Configuration

Name             Origin             Length             Attributes
rom              0x08000000         0x02000000
iwram            0x03000000         0x00008000
ewram            0x02000000         0x00040000
*default*        0x00000000         0xffffffff

Linker script and memory map

                0x00000000                        __sync_synchronize = __sync_synchronize_none
                0x08000000                        __text_start = ORIGIN (rom)
                0x02040000                        __eheap_end = (ORIGIN (ewram) + LENGTH (ewram))
                0x03000000                        __iwram_start = ORIGIN (iwram)
                0x03008000                        __iwram_top = (ORIGIN (iwram) + LENGTH (iwram))
                0x03007fa0                        __sp_irq = (__iwram_top - 0x60)
                0x03007f00                        __sp_usr = (__sp_irq - 0xa0)
                0x03007ff8                        __irq_flags = 0x3007ff8
                0x08000000                        . = __text_start

.crt0           0x08000000      0x210
 *(.crt0)
 .crt0          0x08000000      0x210 C:/devkitPro/devkitARM/bin/../lib/gcc/arm-none-eabi/14.1.0/../../../../arm-none-eabi/lib/thumb/gba_crt0.o
                0x08000000                _start
                0x080000c4                __boot_method
                0x080000c5                __slave_number
                0x080000e0                start_vector
                0x08000210                        . = ALIGN (0x4)

.init           0x08000210        0xc
 *(SORT_NONE(.init))
 .init          0x08000210        0x4 C:/devkitPro/devkitARM/bin/../lib/gcc/arm-none-eabi/14.1.0/thumb/crti.o
                0x08000210                _init
 .init          0x08000214        0x8 C:/devkitPro/devkitARM/bin/../lib/gcc/arm-none-eabi/14.1.0/thumb/crtn.o

.plt            0x0800021c        0x0
 *(.plt)
                0x0800021c                        . = ALIGN (0x4)

.text           0x08000220    0x17050
 *(EXCLUDE_FILE(*.iwram*) .text*)
 .text.__do_global_dtors_aux
                0x08000220       0x2c C:/devkitPro/devkitARM/bin/../lib/gcc/arm-none-eabi/14.1.0/thumb/crtbegin.o
 .text.frame_dummy
                0x0800024c       0x24 C:/devkitPro/devkitARM/bin/../lib/gcc/arm-none-eabi/14.1.0/thumb/crtbegin.o
 .text.startup.main
                0x08000270       0xd8 main.o
                0x08000270                main
 .text._Z14dialogue_sceneRN2bn21sprite_text_generatorERKNS_11string_viewE
                0x08000348       0x54 so_dialogue_scene.o
                0x08000348                dialogue_scene(bn::sprite_text_generator&, bn::string_view const&)
 .text._ZN3_bn6assert9show_argsIA22_cEEvPKcS4_S4_iRKT_
                0x0800039c       0x48 so_item.o
                0x0800039c                void _bn::assert::show_args<char [22]>(char const*, char const*, char const*, int, char const (&) [22])
 .text._ZN2so4ItemC2EiiNS_9ITEM_TYPEE
                0x080003e4       0x88 so_item.o
                0x080003e4                so::Item::Item(int, int, so::ITEM_TYPE)
                0x080003e4                so::Item::Item(int, int, so::ITEM_TYPE)
 .text._ZN2so3NpcC2EiiNS_8NPC_TYPEE
                0x0800046c       0xb0 so_npc.o
                0x0800046c                so::Npc::Npc(int, int, so::NPC_TYPE)
                0x0800046c                so::Npc::Npc(int, int, so::NPC_TYPE)
 .text._ZN2so6PlayerC2EN2bn10sprite_ptrE
                0x0800051c       0x28 so_player.o
                0x0800051c                so::Player::Player(bn::sprite_ptr)
                0x0800051c                so::Player::Player(bn::sprite_ptr)
 .text._ZN2so6Player3posEv
                0x08000544       0x10 so_player.o
                0x08000544                so::Player::pos()
 .text._ZN2so6Player5spawnEN2bn13fixed_point_tILi12EEE
                0x08000554       0x2c so_player.o
                0x08000554                so::Player::spawn(bn::fixed_point_t<12>)
 .text._ZN2so6Player11move_playerEv
                0x08000580       0x70 so_player.o
                0x08000580                so::Player::move_player()
 .text._ZN2so6Ending7executeEv
                0x080005f0      0x114 so_scene_ending.o
                0x080005f0                so::Ending::execute()
 .text._ZN2so3EveC2ERNS_6PlayerE
                0x08000704        0x4 so_scene_eve.o
                0x08000704                so::Eve::Eve(so::Player&)
                0x08000704                so::Eve::Eve(so::Player&)
 .text._ZN2so3Eve7executeEv
                0x08000708       0x88 so_scene_eve.o
                0x08000708                so::Eve::execute()
 .text._ZN2so4GameC2ERNS_6PlayerE
                0x08000790        0x4 so_scene_game.o
                0x08000790                so::Game::Game(so::Player&)
                0x08000790                so::Game::Game(so::Player&)
 .text._ZN2so4Game7executeEv
                0x08000794      0x1c8 so_scene_game.o
                0x08000794                so::Game::execute()
 .text._ZN2so5KitesC2ERNS_6PlayerE
                0x0800095c        0x4 so_scene_kites.o
                0x0800095c                so::Kites::Kites(so::Player&)
                0x0800095c                so::Kites::Kites(so::Player&)
 .text._ZN2so5Kites7executeEv
                0x08000960       0x38 so_scene_kites.o
                0x08000960                so::Kites::execute()
 .text._ZN2so7NextdayC2ERNS_6PlayerE
                0x08000998        0x4 so_scene_nextday.o
                0x08000998                so::Nextday::Nextday(so::Player&)
                0x08000998                so::Nextday::Nextday(so::Player&)
 .text._ZN2so7Nextday7executeEv
                0x0800099c      0x148 so_scene_nextday.o
                0x0800099c                so::Nextday::execute()
 .text._ZN2so5Night7executeEv
                0x08000ae4       0xe8 so_scene_night.o
                0x08000ae4                so::Night::execute()
 .text._ZN2so4ShopC2ERNS_6PlayerE
                0x08000bcc        0x4 so_scene_shop.o
                0x08000bcc                so::Shop::Shop(so::Player&)
                0x08000bcc                so::Shop::Shop(so::Player&)
 .text._ZN2so4Shop7executeEv
                0x08000bd0       0x88 so_scene_shop.o
                0x08000bd0                so::Shop::execute()
 .text._ZN2so5Title7executeEv
                0x08000c58       0xb0 so_scene_title.o
                0x08000c58                so::Title::execute()
 .text._ZN3_bn6assert9show_argsIA16_ciEEvPKcS4_S4_iRKT_RKT0_
                0x08000d08       0x54 common_info.o
                0x08000d08                void _bn::assert::show_args<char [16], int>(char const*, char const*, char const*, int, char const (&) [16], int const&)
 .text._ZN3_bn6assert9show_argsIA15_ciEEvPKcS4_S4_iRKT_RKT0_
                0x08000d5c       0x54 common_stats.o
                0x08000d5c                void _bn::assert::show_args<char [15], int>(char const*, char const*, char const*, int, char const (&) [15], int const&)
 .text._ZN2bn13ostringstream6appendILi12EEEvNS_7fixed_tIXT_EEE
                0x08000db0       0xa0 common_stats.o
                0x08000db0                void bn::ostringstream::append<12>(bn::fixed_t<12>)
 .text._ZN2bn13ostringstream11append_argsIiJA4_ciEEEvRKT_DpRKT0_.isra.0
                0x08000e50       0x24 bn_affine_bg_animate_actions.o
 .text._ZN3_bn6assert9show_argsIJA23_ciA4_ciEEEvPKcS5_S5_iDpRKT_
                0x08000e74       0x58 bn_affine_bg_animate_actions.o
                0x08000e74                void _bn::assert::show_args<char [23], int, char [4], int>(char const*, char const*, char const*, int, char const (&) [23], int const&, char const (&) [4], int const&)
 .text._ZN3_bn6assert9show_argsIA15_cEEvPKcS4_S4_iRKT_
                0x08000ecc       0x48 bn_affine_bg_animate_actions.o
                0x08000ecc                void _bn::assert::show_args<char [15]>(char const*, char const*, char const*, int, char const (&) [15])
 .text._ZN3_bn6assert9show_argsIA24_ciEEvPKcS4_S4_iRKT_RKT0_
                0x08000f14       0x54 bn_affine_bg_animate_actions.o
                0x08000f14                void _bn::assert::show_args<char [24], int>(char const*, char const*, char const*, int, char const (&) [24], int const&)
 .text._ZN3_bn6assert9show_argsIA28_ciEEvPKcS4_S4_iRKT_RKT0_
                0x08000f68       0x54 bn_affine_bg_animate_actions.o
                0x08000f68                void _bn::assert::show_args<char [28], int>(char const*, char const*, char const*, int, char const (&) [28], int const&)
 .text._ZN3_bn6assert9show_argsIJA19_ciA4_ciEEEvPKcS5_S5_iDpRKT_
                0x08000fbc       0x58 bn_affine_bg_animate_actions.o
                0x08000fbc                void _bn::assert::show_args<char [19], int, char [4], int>(char const*, char const*, char const*, int, char const (&) [19], int const&, char const (&) [4], int const&)
 .text._ZN2bn13audio_manager12_GLOBAL__N_111static_dataD2Ev
                0x08001014        0x4 bn_audio_manager.o
 .text._ZN2bn13audio_manager4initEv
                0x08001018       0x48 bn_audio_manager.o
                0x08001018                bn::audio_manager::init()
 .text._ZN2bn13audio_manager7disableEv
                0x08001060        0xc bn_audio_manager.o
                0x08001060                bn::audio_manager::disable()
 .text._ZN2bn13audio_manager10sound_dataEt
                0x0800106c       0x64 bn_audio_manager.o
                0x0800106c                bn::audio_manager::sound_data(unsigned short)
 .text._ZN2bn13audio_manager6updateEv
                0x080010d0        0xc bn_audio_manager.o
                0x080010d0                bn::audio_manager::update()
 .text._ZN2bn13audio_manager6commitEv
                0x080010dc        0xc bn_audio_manager.o
                0x080010dc                bn::audio_manager::commit()
 .text._ZN2bn13audio_manager4stopEv
                0x080010e8       0x6c bn_audio_manager.o
                0x080010e8                bn::audio_manager::stop()
 .text._ZN3_bn6assert9show_argsIA18_ciEEvPKcS4_S4_iRKT_RKT0_
                0x08001154       0x54 bn_audio_manager.o
                0x08001154                void _bn::assert::show_args<char [18], int>(char const*, char const*, char const*, int, char const (&) [18], int const&)
 .text._ZN3_bn6assert9show_argsIA14_ciEEvPKcS4_S4_iRKT_RKT0_
                0x080011a8       0x54 bn_audio_manager.o
                0x080011a8                void _bn::assert::show_args<char [14], int>(char const*, char const*, char const*, int, char const (&) [14], int const&)
 .text._ZN3_bn6assert9show_argsIA26_ciEEvPKcS4_S4_iRKT_RKT0_
                0x080011fc       0x54 bn_audio_manager.o
                0x080011fc                void _bn::assert::show_args<char [26], int>(char const*, char const*, char const*, int, char const (&) [26], int const&)
 .text._ZN3_bn6assert9show_argsIA33_cEEvPKcS4_S4_iRKT_
                0x08001250       0x48 bn_audio_manager.o
                0x08001250                void _bn::assert::show_args<char [33]>(char const*, char const*, char const*, int, char const (&) [33])
 .text._ZN3_bn6assert9show_argsIA25_cEEvPKcS4_S4_iRKT_
                0x08001298       0x48 bn_audio_manager.o
                0x08001298                void _bn::assert::show_args<char [25]>(char const*, char const*, char const*, int, char const (&) [25])
 .text._ZN3_bn6assert9show_argsIA24_cEEvPKcS4_S4_iRKT_
                0x080012e0       0x48 bn_audio_manager.o
                0x080012e0                void _bn::assert::show_args<char [24]>(char const*, char const*, char const*, int, char const (&) [24])
 .text._ZN3_bn6assert9show_argsIA26_cEEvPKcS4_S4_iRKT_
                0x08001328       0x48 bn_audio_manager.o
                0x08001328                void _bn::assert::show_args<char [26]>(char const*, char const*, char const*, int, char const (&) [26])
 .text._ZN3_bn6assert9show_argsIA32_cEEvPKcS4_S4_iRKT_
                0x08001370       0x48 bn_audio_manager.o
                0x08001370                void _bn::assert::show_args<char [32]>(char const*, char const*, char const*, int, char const (&) [32])
 .text._ZN3_bn6assert9show_argsIA25_cN2bn7fixed_tILi12EEEEEvPKcS7_S7_iRKT_RKT0_
                0x080013b8       0x54 bn_audio_manager.o
                0x080013b8                void _bn::assert::show_args<char [25], bn::fixed_t<12> >(char const*, char const*, char const*, int, char const (&) [25], bn::fixed_t<12> const&)
 .text._ZN3_bn6assert9show_argsIA25_ciEEvPKcS4_S4_iRKT_RKT0_
                0x0800140c       0x54 bn_audio_manager.o
                0x0800140c                void _bn::assert::show_args<char [25], int>(char const*, char const*, char const*, int, char const (&) [25], int const&)
 .text._ZN2bn13audio_manager16execute_commandsEv
                0x08001460      0x6a8 bn_audio_manager.o
                0x08001460                bn::audio_manager::execute_commands()
 .text._ZN3_bn6assert9show_argsIA17_cEEvPKcS4_S4_iRKT_
                0x08001b08       0x48 bn_audio_manager.o
                0x08001b08                void _bn::assert::show_args<char [17]>(char const*, char const*, char const*, int, char const (&) [17])
 .text._ZN2bn14iunordered_mapIjNS_13audio_manager15sound_data_typeENS_15identity_hasherENS_8equal_toIjEEEclEjRKj
                0x08001b50      0x124 bn_audio_manager.o
                0x08001b50                bn::iunordered_map<unsigned int, bn::audio_manager::sound_data_type, bn::identity_hasher, bn::equal_to<unsigned int> >::operator()(unsigned int, unsigned int const&)
 .text._ZN2bn13audio_manager10play_soundEiNS_10sound_itemENS_7fixed_tILi12EEES3_S3_
                0x08001c74      0x13c bn_audio_manager.o
                0x08001c74                bn::audio_manager::play_sound(int, bn::sound_item, bn::fixed_t<12>, bn::fixed_t<12>, bn::fixed_t<12>)
 .text._ZNK2bn10sound_item4playENS_7fixed_tILi12EEE
                0x08001db0       0x44 bn_audio_manager.o
                0x08001db0                bn::sound_item::play(bn::fixed_t<12>) const
 .text.startup._GLOBAL__sub_I__ZN2bn5audio16update_on_vblankEv
                0x08001df4       0x98 bn_audio_manager.o
 .text._ZN3_bn6assert9show_argsIA23_cEEvPKcS4_S4_iRKT_
                0x08001e8c       0x48 bn_best_fit_allocator.o
                0x08001e8c                void _bn::assert::show_args<char [23]>(char const*, char const*, char const*, int, char const (&) [23])
 .text._ZN2bn18best_fit_allocatorD2Ev
                0x08001ed4       0x34 bn_best_fit_allocator.o
                0x08001ed4                bn::best_fit_allocator::~best_fit_allocator()
                0x08001ed4                bn::best_fit_allocator::~best_fit_allocator()
 .text._ZN3_bn6assert9show_argsIA20_ciEEvPKcS4_S4_iRKT_RKT0_
                0x08001f08       0x54 bn_best_fit_allocator.o
                0x08001f08                void _bn::assert::show_args<char [20], int>(char const*, char const*, char const*, int, char const (&) [20], int const&)
 .text._ZN3_bn6assert9show_argsIA14_cEEvPKcS4_S4_iRKT_
                0x08001f5c       0x48 bn_best_fit_allocator.o
                0x08001f5c                void _bn::assert::show_args<char [14]>(char const*, char const*, char const*, int, char const (&) [14])
 .text._ZN3_bn6assert9show_argsIA21_cEEvPKcS4_S4_iRKT_
                0x08001fa4       0x48 bn_best_fit_allocator.o
                0x08001fa4                void _bn::assert::show_args<char [21]>(char const*, char const*, char const*, int, char const (&) [21])
 .text._ZN2bn18best_fit_allocator5resetEPvi
                0x08001fec       0xbc bn_best_fit_allocator.o
                0x08001fec                bn::best_fit_allocator::reset(void*, int)
 .text._ZN2bn17bg_blocks_manager12_GLOBAL__N_117_hw_commit_offsetEPKtjtPt
                0x080020a8       0x78 bn_bg_blocks_manager.o
 .text._ZN2bn13ostringstream11append_argsIiJA4_ctEEEvRKT_DpRKT0_.isra.0
                0x08002120       0x24 bn_bg_blocks_manager.o
 .text._ZN2bn13ostringstream11append_argsIiJA4_ciEEEvRKT_DpRKT0_.isra.0
                0x08002144       0x24 bn_bg_blocks_manager.o
 .text._ZNK2bn18regular_bg_map_ptr2idEv
                0x08002168       0x18 bn_bg_blocks_manager.o
                0x08002168                bn::regular_bg_map_ptr::id() const
 .text._ZNK2bn18regular_bg_map_ptr10dimensionsEv
                0x08002180       0x20 bn_bg_blocks_manager.o
                0x08002180                bn::regular_bg_map_ptr::dimensions() const
 .text._ZNK2bn18regular_bg_map_ptr3bigEv
                0x080021a0       0x18 bn_bg_blocks_manager.o
                0x080021a0                bn::regular_bg_map_ptr::big() const
 .text._ZNK2bn20regular_bg_tiles_ptr3cbbEv
                0x080021b8       0x18 bn_bg_blocks_manager.o
                0x080021b8                bn::regular_bg_tiles_ptr::cbb() const
 .text._ZNK2bn17affine_bg_map_ptr2idEv
                0x080021d0       0x18 bn_bg_blocks_manager.o
                0x080021d0                bn::affine_bg_map_ptr::id() const
 .text._ZNK2bn17affine_bg_map_ptr10dimensionsEv
                0x080021e8       0x20 bn_bg_blocks_manager.o
                0x080021e8                bn::affine_bg_map_ptr::dimensions() const
 .text._ZNK2bn19affine_bg_tiles_ptr3cbbEv
                0x08002208       0x18 bn_bg_blocks_manager.o
                0x08002208                bn::affine_bg_tiles_ptr::cbb() const
 .text._ZN2bn17bg_blocks_manager10log_statusEv
                0x08002220      0x454 bn_bg_blocks_manager.o
                0x08002220                bn::bg_blocks_manager::log_status()
 .text._ZN2bn17bg_blocks_manager15decrease_usagesEi
                0x08002674       0x98 bn_bg_blocks_manager.o
                0x08002674                bn::bg_blocks_manager::decrease_usages(int)
 .text._ZN2bn18regular_bg_map_ptrD2Ev
                0x0800270c       0x18 bn_bg_blocks_manager.o
                0x0800270c                bn::regular_bg_map_ptr::~regular_bg_map_ptr()
                0x0800270c                bn::regular_bg_map_ptr::~regular_bg_map_ptr()
 .text._ZN2bn17affine_bg_map_ptrD2Ev
                0x08002724       0x18 bn_bg_blocks_manager.o
                0x08002724                bn::affine_bg_map_ptr::~affine_bg_map_ptr()
                0x08002724                bn::affine_bg_map_ptr::~affine_bg_map_ptr()
 .text._ZN2bn17bg_blocks_manager12_GLOBAL__N_111static_dataD2Ev
                0x0800273c       0x54 bn_bg_blocks_manager.o
 .text._ZN2bn17bg_blocks_manager4initEv
                0x08002790       0x8c bn_bg_blocks_manager.o
                0x08002790                bn::bg_blocks_manager::init()
 .text._ZN2bn17bg_blocks_manager11must_commitEi
                0x0800281c       0x18 bn_bg_blocks_manager.o
                0x0800281c                bn::bg_blocks_manager::must_commit(int)
 .text._ZN2bn17bg_blocks_manager6updateEv
                0x08002834      0x258 bn_bg_blocks_manager.o
                0x08002834                bn::bg_blocks_manager::update()
 .text._ZN3_bn6assert9show_argsIA52_ctEEvPKcS4_S4_iRKT_RKT0_
                0x08002a8c       0x54 bn_bg_blocks_manager.o
                0x08002a8c                void _bn::assert::show_args<char [52], unsigned short>(char const*, char const*, char const*, int, char const (&) [52], unsigned short const&)
 .text._ZN3_bn6assert9show_argsIJA20_ciA4_ctEEEvPKcS5_S5_iDpRKT_
                0x08002ae0       0x58 bn_bg_blocks_manager.o
                0x08002ae0                void _bn::assert::show_args<char [20], int, char [4], unsigned short>(char const*, char const*, char const*, int, char const (&) [20], int const&, char const (&) [4], unsigned short const&)
 .text._ZN3_bn6assert9show_argsIJA22_ciA4_ciEEEvPKcS5_S5_iDpRKT_
                0x08002b38       0x58 bn_bg_blocks_manager.o
                0x08002b38                void _bn::assert::show_args<char [22], int, char [4], int>(char const*, char const*, char const*, int, char const (&) [22], int const&, char const (&) [4], int const&)
 .text._ZN3_bn6assert9show_argsIJA58_ciA4_ciEEEvPKcS5_S5_iDpRKT_
                0x08002b90       0x58 bn_bg_blocks_manager.o
                0x08002b90                void _bn::assert::show_args<char [58], int, char [4], int>(char const*, char const*, char const*, int, char const (&) [58], int const&, char const (&) [4], int const&)
 .text._ZN3_bn6assert9show_argsIA38_cEEvPKcS4_S4_iRKT_
                0x08002be8       0x48 bn_bg_blocks_manager.o
                0x08002be8                void _bn::assert::show_args<char [38]>(char const*, char const*, char const*, int, char const (&) [38])
 .text._ZN3_bn6assert9show_argsIA27_ciEEvPKcS4_S4_iRKT_RKT0_
                0x08002c30       0x54 bn_bg_blocks_manager.o
                0x08002c30                void _bn::assert::show_args<char [27], int>(char const*, char const*, char const*, int, char const (&) [27], int const&)
 .text._ZN2bn17bg_blocks_manager12_GLOBAL__N_110_hw_commitEPKtNS_16compression_typeEibPt
                0x08002c84       0x6c bn_bg_blocks_manager.o
 .text._ZN3_bn6assert9show_argsIA22_ciEEvPKcS4_S4_iRKT_RKT0_
                0x08002cf0       0x54 bn_bg_blocks_manager.o
                0x08002cf0                void _bn::assert::show_args<char [22], int>(char const*, char const*, char const*, int, char const (&) [22], int const&)
 .text._ZN3_bn6assert9show_argsIA19_cEEvPKcS4_S4_iRKT_
                0x08002d44       0x48 bn_bg_blocks_manager.o
                0x08002d44                void _bn::assert::show_args<char [19]>(char const*, char const*, char const*, int, char const (&) [19])
 .text._ZN2bn17bg_blocks_manager12_GLOBAL__N_116_find_tiles_implEPKtNS_16compression_typeEib
                0x08002d8c      0x100 bn_bg_blocks_manager.o
 .text._ZNK2bn18regular_bg_map_ptr5tilesEv
                0x08002e8c       0x48 bn_bg_blocks_manager.o
                0x08002e8c                bn::regular_bg_map_ptr::tiles() const
 .text._ZNK2bn17affine_bg_map_ptr5tilesEv
                0x08002ed4       0x48 bn_bg_blocks_manager.o
                0x08002ed4                bn::affine_bg_map_ptr::tiles() const
 .text._ZNK2bn18regular_bg_map_ptr3bppEv
                0x08002f1c       0x4c bn_bg_blocks_manager.o
                0x08002f1c                bn::regular_bg_map_ptr::bpp() const
 .text._ZN2bn17bg_blocks_manager21update_affine_map_rowEiii
                0x08002f68      0x168 bn_bg_blocks_manager.o
                0x08002f68                bn::bg_blocks_manager::update_affine_map_row(int, int, int)
 .text._ZN2bn17bg_blocks_manager28update_affine_map_bottom_rowEiii
                0x080030d0       0x2c bn_bg_blocks_manager.o
                0x080030d0                bn::bg_blocks_manager::update_affine_map_bottom_row(int, int, int)
 .text._ZN2bn17bg_blocks_manager23set_affine_map_positionEiii
                0x080030fc      0x214 bn_bg_blocks_manager.o
                0x080030fc                bn::bg_blocks_manager::set_affine_map_position(int, int, int)
 .text._ZN2bn17bg_blocks_manager21update_affine_map_colEiii
                0x08003310      0x334 bn_bg_blocks_manager.o
                0x08003310                bn::bg_blocks_manager::update_affine_map_col(int, int, int)
 .text._ZN2bn17bg_blocks_manager27update_affine_map_right_colEiii
                0x08003644       0x2c bn_bg_blocks_manager.o
                0x08003644                bn::bg_blocks_manager::update_affine_map_right_col(int, int, int)
 .text._ZN2bn17bg_blocks_manager22update_regular_map_rowEiii
                0x08003670      0x194 bn_bg_blocks_manager.o
                0x08003670                bn::bg_blocks_manager::update_regular_map_row(int, int, int)
 .text._ZN2bn17bg_blocks_manager22update_regular_map_colEiii
                0x08003804      0x1fc bn_bg_blocks_manager.o
                0x08003804                bn::bg_blocks_manager::update_regular_map_col(int, int, int)
 .text._ZN2bn17bg_blocks_manager24set_regular_map_positionEiii
                0x08003a00      0x24c bn_bg_blocks_manager.o
                0x08003a00                bn::bg_blocks_manager::set_regular_map_position(int, int, int)
 .text._ZN2bn17bg_blocks_manager21set_regular_map_tilesEiONS_20regular_bg_tiles_ptrE
                0x08003c4c      0x258 bn_bg_blocks_manager.o
                0x08003c4c                bn::bg_blocks_manager::set_regular_map_tiles(int, bn::regular_bg_tiles_ptr&&)
 .text._ZN2bn17bg_blocks_manager23set_regular_map_paletteEiONS_14bg_palette_ptrE
                0x08003ea4      0x220 bn_bg_blocks_manager.o
                0x08003ea4                bn::bg_blocks_manager::set_regular_map_palette(int, bn::bg_palette_ptr&&)
 .text._ZN2bn17bg_blocks_manager12_GLOBAL__N_112_commit_itemERKNS1_9item_typeEb
                0x080040c4      0x1f0 bn_bg_blocks_manager.o
 .text._ZN2bn17bg_blocks_manager12_GLOBAL__N_112_create_itemEiibONS1_11create_dataE
                0x080042b4      0x840 bn_bg_blocks_manager.o
 .text._ZN2bn17bg_blocks_manager12_GLOBAL__N_112_create_implEONS1_11create_dataE
                0x08004af4      0x1fc bn_bg_blocks_manager.o
 .text._ZN2bn17bg_blocks_manager19commit_uncompressedEb
                0x08004cf0       0x58 bn_bg_blocks_manager.o
                0x08004cf0                bn::bg_blocks_manager::commit_uncompressed(bool)
 .text._ZN2bn17bg_blocks_manager17commit_compressedEv
                0x08004d48       0x48 bn_bg_blocks_manager.o
                0x08004d48                bn::bg_blocks_manager::commit_compressed()
 .text._ZN3_bn6assert9show_argsIJA32_cA15_cPKtA16_ciA17_ciA34_cN2bn11string_viewEEEEvPKcSC_SC_iDpRKT_
                0x08004d90       0x90 bn_bg_blocks_manager.o
                0x08004d90                void _bn::assert::show_args<char [32], char [15], unsigned short const*, char [16], int, char [17], int, char [34], bn::string_view>(char const*, char const*, char const*, int, char const (&) [32], char const (&) [15], unsigned short const* const&, char const (&) [16], int const&, char const (&) [17], int const&, char const (&) [34], bn::string_view const&)
 .text._ZN2bn17bg_blocks_manager20create_regular_tilesERKNS_21regular_bg_tiles_itemEb
                0x08004e20      0x138 bn_bg_blocks_manager.o
                0x08004e20                bn::bg_blocks_manager::create_regular_tiles(bn::regular_bg_tiles_item const&, bool)
 .text._ZN3_bn6assert9show_argsIJA30_cA13_cPKtA14_ciA15_ciA17_ciA34_cN2bn11string_viewEEEEvPKcSD_SD_iDpRKT_
                0x08004f58       0xa0 bn_bg_blocks_manager.o
                0x08004f58                void _bn::assert::show_args<char [30], char [13], unsigned short const*, char [14], int, char [15], int, char [17], int, char [34], bn::string_view>(char const*, char const*, char const*, int, char const (&) [30], char const (&) [13], unsigned short const* const&, char const (&) [14], int const&, char const (&) [15], int const&, char const (&) [17], int const&, char const (&) [34], bn::string_view const&)
 .text._ZN3_bn6assert9show_argsIA31_cEEvPKcS4_S4_iRKT_
                0x08004ff8       0x48 bn_bg_blocks_manager.o
                0x08004ff8                void _bn::assert::show_args<char [31]>(char const*, char const*, char const*, int, char const (&) [31])
 .text._ZN3_bn6assert9show_argsIJA37_ciA4_ciEEEvPKcS5_S5_iDpRKT_
                0x08005040       0x58 bn_bg_blocks_manager.o
                0x08005040                void _bn::assert::show_args<char [37], int, char [4], int>(char const*, char const*, char const*, int, char const (&) [37], int const&, char const (&) [4], int const&)
 .text._ZN2bn17bg_blocks_manager33set_regular_map_tiles_and_paletteEiONS_20regular_bg_tiles_ptrEONS_14bg_palette_ptrE
                0x08005098      0x2e4 bn_bg_blocks_manager.o
                0x08005098                bn::bg_blocks_manager::set_regular_map_tiles_and_palette(int, bn::regular_bg_tiles_ptr&&, bn::bg_palette_ptr&&)
 .text._ZN2bn17bg_blocks_manager12_GLOBAL__N_122_find_regular_map_implERKNS_19regular_bg_map_itemEPKtRKNS_20regular_bg_tiles_ptrERKNS_14bg_palette_ptrE
                0x0800537c      0x2e4 bn_bg_blocks_manager.o
 .text._ZN2bn17bg_blocks_manager18create_regular_mapERKNS_19regular_bg_map_itemEPKtONS_20regular_bg_tiles_ptrEONS_14bg_palette_ptrEb
                0x08005660      0x284 bn_bg_blocks_manager.o
                0x08005660                bn::bg_blocks_manager::create_regular_map(bn::regular_bg_map_item const&, unsigned short const*, bn::regular_bg_tiles_ptr&&, bn::bg_palette_ptr&&, bool)
 .text._ZN2bn18regular_bg_map_ptr6createERKNS_15regular_bg_itemEi
                0x080058e4       0xdc bn_bg_blocks_manager.o
                0x080058e4                bn::regular_bg_map_ptr::create(bn::regular_bg_item const&, int)
 .text._ZN3_bn6assert9show_argsIA39_ciEEvPKcS4_S4_iRKT_RKT0_
                0x080059c0       0x54 bn_bg_blocks_manager.o
                0x080059c0                void _bn::assert::show_args<char [39], int>(char const*, char const*, char const*, int, char const (&) [39], int const&)
 .text.startup._GLOBAL__sub_I__ZN2bn7bg_maps16used_cells_countEv
                0x08005a14       0x88 bn_bg_blocks_manager.o
 .text._ZN2bn11bgs_manager12_GLOBAL__N_129_check_unique_regular_big_mapERNS1_9item_typeE
                0x08005a9c       0x68 bn_bgs_manager.o
 .text._ZN2bn11bgs_manager12_GLOBAL__N_111static_dataD2Ev
                0x08005b04       0x10 bn_bgs_manager.o
 .text._ZN2bn11bgs_manager12_GLOBAL__N_133_update_item_hw_affine_attributesERKNS1_9item_typeE
                0x08005b14       0x48 bn_bgs_manager.o
 .text._ZN2bn11bgs_manager4initEv
                0x08005b5c       0x8c bn_bgs_manager.o
                0x08005b5c                bn::bgs_manager::init()
 .text._ZN2bn11bgs_manager5hw_idEPv
                0x08005be8        0x8 bn_bgs_manager.o
                0x08005be8                bn::bgs_manager::hw_id(void*)
 .text._ZN2bn11bgs_manager11hw_positionEPv
                0x08005bf0        0x4 bn_bgs_manager.o
                0x08005bf0                bn::bgs_manager::hw_position(void*)
 .text._ZN2bn11bgs_manager14mat_attributesEPv
                0x08005bf4        0x4 bn_bgs_manager.o
                0x08005bf4                bn::bgs_manager::mat_attributes(void*)
 .text._ZN2bn11bgs_manager20update_windows_flagsEPj
                0x08005bf8       0x7c bn_bgs_manager.o
                0x08005bf8                bn::bgs_manager::update_windows_flags(unsigned int*)
 .text._ZN2bn11bgs_manager10set_cameraEPvONS_10camera_ptrE
                0x08005c74      0x17c bn_bgs_manager.o
                0x08005c74                bn::bgs_manager::set_camera(void*, bn::camera_ptr&&)
 .text._ZN2bn14regular_bg_ptr10set_cameraERKNS_10camera_ptrE
                0x08005df0       0x24 bn_bgs_manager.o
                0x08005df0                bn::regular_bg_ptr::set_camera(bn::camera_ptr const&)
 .text._ZN2bn11bgs_manager14update_camerasEv
                0x08005e14      0x14c bn_bgs_manager.o
                0x08005e14                bn::bgs_manager::update_cameras()
 .text._ZN2bn11bgs_manager28update_regular_map_tiles_cbbEii
                0x08005f60       0xa8 bn_bgs_manager.o
                0x08005f60                bn::bgs_manager::update_regular_map_tiles_cbb(int, int)
 .text._ZN2bn11bgs_manager30update_regular_map_palette_bppEiNS_8bpp_modeE
                0x08006008       0xac bn_bgs_manager.o
                0x08006008                bn::bgs_manager::update_regular_map_palette_bpp(int, bn::bpp_mode)
 .text._ZN2bn11bgs_manager36fill_hblank_effect_regular_positionsEiPKNS_7fixed_tILi12EEEPt
                0x080060b4       0x38 bn_bgs_manager.o
                0x080060b4                bn::bgs_manager::fill_hblank_effect_regular_positions(int, bn::fixed_t<12> const*, unsigned short*)
 .text._ZN2bn11bgs_manager45fill_hblank_effect_pivot_horizontal_positionsEPvPKNS_7fixed_tILi12EEEPj
                0x080060ec       0x24 bn_bgs_manager.o
                0x080060ec                bn::bgs_manager::fill_hblank_effect_pivot_horizontal_positions(void*, bn::fixed_t<12> const*, unsigned int*)
 .text._ZN2bn11bgs_manager43fill_hblank_effect_pivot_vertical_positionsEPvPKNS_7fixed_tILi12EEEPj
                0x08006110       0x24 bn_bgs_manager.o
                0x08006110                bn::bgs_manager::fill_hblank_effect_pivot_vertical_positions(void*, bn::fixed_t<12> const*, unsigned int*)
 .text._ZN2bn11bgs_manager6commitEb
                0x08006134       0x58 bn_bgs_manager.o
                0x08006134                bn::bgs_manager::commit(bool)
 .text._ZN2bn11bgs_manager4stopEv
                0x0800618c       0x28 bn_bgs_manager.o
                0x0800618c                bn::bgs_manager::stop()
 .text._ZN3_bn6assert9show_argsIA17_ciEEvPKcS4_S4_iRKT_RKT0_
                0x080061b4       0x54 bn_bgs_manager.o
                0x080061b4                void _bn::assert::show_args<char [17], int>(char const*, char const*, char const*, int, char const (&) [17], int const&)
 .text._ZN3_bn6assert9show_argsIA30_cEEvPKcS4_S4_iRKT_
                0x08006208       0x48 bn_bgs_manager.o
                0x08006208                void _bn::assert::show_args<char [30]>(char const*, char const*, char const*, int, char const (&) [30])
 .text._ZN3_bn6assert9show_argsIA27_cEEvPKcS4_S4_iRKT_
                0x08006250       0x48 bn_bgs_manager.o
                0x08006250                void _bn::assert::show_args<char [27]>(char const*, char const*, char const*, int, char const (&) [27])
 .text._ZN3_bn6assert9show_argsIA46_cEEvPKcS4_S4_iRKT_
                0x08006298       0x48 bn_bgs_manager.o
                0x08006298                void _bn::assert::show_args<char [46]>(char const*, char const*, char const*, int, char const (&) [46])
 .text._ZN2bn11bgs_manager15rebuild_handlesEv.part.0
                0x080062e0      0x1a8 bn_bgs_manager.o
 .text._ZN2bn18regular_bg_builder11release_mapEv
                0x08006488       0x78 bn_bgs_manager.o
                0x08006488                bn::regular_bg_builder::release_map()
 .text._ZN2bn11bgs_manager37fill_hblank_effect_regular_attributesEPvPKNS_21regular_bg_attributesEPt
                0x08006500      0x100 bn_bgs_manager.o
                0x08006500                bn::bgs_manager::fill_hblank_effect_regular_attributes(void*, bn::regular_bg_attributes const*, unsigned short*)
 .text._ZN2bn11bgs_manager6updateEv
                0x08006600      0x16c bn_bgs_manager.o
                0x08006600                bn::bgs_manager::update()
 .text._ZN2bn11bgs_manager15commit_big_mapsEv
                0x0800676c      0x1d0 bn_bgs_manager.o
                0x0800676c                bn::bgs_manager::commit_big_maps()
 .text._ZN2bn11bgs_manager12_GLOBAL__N_19item_type18update_regular_mapEv
                0x0800693c      0x1c8 bn_bgs_manager.o
 .text._ZN2bn11bgs_manager36fill_hblank_effect_affine_attributesEPvPKNS_20affine_bg_attributesEPt
                0x08006b04      0x104 bn_bgs_manager.o
                0x08006b04                bn::bgs_manager::fill_hblank_effect_affine_attributes(void*, bn::affine_bg_attributes const*, unsigned short*)
 .text._ZN2bn11bgs_manager10affine_mapEPv
                0x08006c08       0x34 bn_bgs_manager.o
                0x08006c08                bn::bgs_manager::affine_map(void*)
 .text._ZN2bn11bgs_manager11regular_mapEPv
                0x08006c3c       0x34 bn_bgs_manager.o
                0x08006c3c                bn::bgs_manager::regular_map(void*)
 .text._ZN2bn11bgs_manager12_GLOBAL__N_112_insert_itemERNS1_9item_typeE
                0x08006c70      0x104 bn_bgs_manager.o
 .text._ZN3_bn6assert9show_argsIA13_cEEvPKcS4_S4_iRKT_
                0x08006d74       0x48 bn_bgs_manager.o
                0x08006d74                void _bn::assert::show_args<char [13]>(char const*, char const*, char const*, int, char const (&) [13])
 .text._ZN2bn11bgs_manager6createEONS_18regular_bg_builderE
                0x08006dbc      0x1d4 bn_bgs_manager.o
                0x08006dbc                bn::bgs_manager::create(bn::regular_bg_builder&&)
 .text._ZNK2bn15regular_bg_item9create_bgENS_7fixed_tILi12EEES2_
                0x08006f90       0x78 bn_bgs_manager.o
                0x08006f90                bn::regular_bg_item::create_bg(bn::fixed_t<12>, bn::fixed_t<12>) const
 .text._ZN2bn5eraseIPNS_11bgs_manager12_GLOBAL__N_19item_typeEEENS_7ivectorIT_E9size_typeERS7_RKS6_.constprop.0.isra.0
                0x08007008      0x13c bn_bgs_manager.o
 .text._ZN2bn11bgs_manager15decrease_usagesEPv
                0x08007144       0xa8 bn_bgs_manager.o
                0x08007144                bn::bgs_manager::decrease_usages(void*)
 .text._ZN2bn14regular_bg_ptrD2Ev
                0x080071ec       0x18 bn_bgs_manager.o
                0x080071ec                bn::regular_bg_ptr::~regular_bg_ptr()
                0x080071ec                bn::regular_bg_ptr::~regular_bg_ptr()
 .text.startup._GLOBAL__sub_I__ZN2bn3bgs16used_items_countEv
                0x08007204       0x90 bn_bgs_manager.o
 .text._ZN2bn10camera_ptrC2ERKS0_
                0x08007294       0x20 bn_cameras_manager.o
                0x08007294                bn::camera_ptr::camera_ptr(bn::camera_ptr const&)
                0x08007294                bn::camera_ptr::camera_ptr(bn::camera_ptr const&)
 .text._ZN2bn10camera_ptrD2Ev
                0x080072b4       0x38 bn_cameras_manager.o
                0x080072b4                bn::camera_ptr::~camera_ptr()
                0x080072b4                bn::camera_ptr::~camera_ptr()
 .text._ZNK2bn10camera_ptr1xEv
                0x080072ec       0x14 bn_cameras_manager.o
                0x080072ec                bn::camera_ptr::x() const
 .text._ZN2bn10camera_ptr5set_xENS_7fixed_tILi12EEE
                0x08007300       0x24 bn_cameras_manager.o
                0x08007300                bn::camera_ptr::set_x(bn::fixed_t<12>)
 .text._ZNK2bn10camera_ptr8positionEv
                0x08007324       0x14 bn_cameras_manager.o
                0x08007324                bn::camera_ptr::position() const
 .text._ZN2bn15cameras_manager4initEv
                0x08007338       0x24 bn_cameras_manager.o
                0x08007338                bn::cameras_manager::init()
 .text._ZN2bn15cameras_manager6updateEv
                0x0800735c       0x28 bn_cameras_manager.o
                0x0800735c                bn::cameras_manager::update()
 .text._ZN2bn10camera_ptr6createENS_7fixed_tILi12EEES2_
                0x08007384       0x58 bn_cameras_manager.o
                0x08007384                bn::camera_ptr::create(bn::fixed_t<12>, bn::fixed_t<12>)
 .text.startup._GLOBAL__sub_I__ZN2bn7cameras16used_items_countEv
                0x080073dc       0x24 bn_cameras_manager.o
 .text._ZN2bn4core12_GLOBAL__N_14stopEb
                0x08007400       0x54 bn_core.o
 .text._ZN2bn4core12_GLOBAL__N_111update_implEv
                0x08007454      0x110 bn_core.o
 .text._ZN2bn11string_viewC2EPKc
                0x08007564       0x1c bn_core.o
                0x08007564                bn::string_view::string_view(char const*)
                0x08007564                bn::string_view::string_view(char const*)
 .text._ZN3_bn6assert12_GLOBAL__N_110_show_implEPKcS3_S3_iRKN2bn11string_viewE
                0x08007580       0x80 bn_core.o
 .text._ZN2bn4core6updateEv
                0x08007600       0x78 bn_core.o
                0x08007600                bn::core::update()
 .text._ZN2bn4core4initERKNS_8optionalINS_5colorEEERKNS_11string_viewE
                0x08007678      0x128 bn_core.o
                0x08007678                bn::core::init(bn::optional<bn::color> const&, bn::string_view const&)
 .text._ZN2bn4core4initEv
                0x080077a0       0x24 bn_core.o
                0x080077a0                bn::core::init()
 .text._ZN2bn4core9on_vblankEv
                0x080077c4       0x2c bn_core.o
                0x080077c4                bn::core::on_vblank()
 .text._ZN3_bn6assert4showEPKcS2_S2_iRKN2bn12istring_baseE
                0x080077f0       0x18 bn_core.o
                0x080077f0                _bn::assert::show(char const*, char const*, char const*, int, bn::istring_base const&)
 .text.startup._GLOBAL__sub_I__ZN2bn4core4initEv
                0x08007808       0x4c bn_core.o
 .text._ZN2bn15display_manager12_GLOBAL__N_111static_dataD2Ev
                0x08007854       0x34 bn_display_manager.o
 .text._ZN2bn15display_manager12_GLOBAL__N_134_update_rect_windows_hw_boundariesEi
                0x08007888       0x7c bn_display_manager.o
 .text._ZN2bn15display_manager4initEv
                0x08007904       0xa4 bn_display_manager.o
                0x08007904                bn::display_manager::init()
 .text._ZN2bn15display_manager8set_modeEi
                0x080079a8       0x1c bn_display_manager.o
                0x080079a8                bn::display_manager::set_mode(int)
 .text._ZN2bn15display_manager14set_bg_enabledEib
                0x080079c4       0x18 bn_display_manager.o
                0x080079c4                bn::display_manager::set_bg_enabled(int, bool)
 .text._ZN2bn15display_manager15disable_all_bgsEv
                0x080079dc       0x14 bn_display_manager.o
                0x080079dc                bn::display_manager::disable_all_bgs()
 .text._ZN2bn15display_manager36fill_mosaic_hblank_effect_attributesEPKNS_17mosaic_attributesEPt
                0x080079f0       0xb4 bn_display_manager.o
                0x080079f0                bn::display_manager::fill_mosaic_hblank_effect_attributes(bn::mosaic_attributes const*, unsigned short*)
 .text._ZN2bn15display_manager27set_blending_top_bg_enabledEib
                0x08007aa4       0x20 bn_display_manager.o
                0x08007aa4                bn::display_manager::set_blending_top_bg_enabled(int, bool)
 .text._ZN2bn15display_manager30set_blending_bottom_bg_enabledEib
                0x08007ac4       0x20 bn_display_manager.o
                0x08007ac4                bn::display_manager::set_blending_bottom_bg_enabled(int, bool)
 .text._ZN2bn15display_manager32blending_transparency_top_weightEv
                0x08007ae4       0x18 bn_display_manager.o
                0x08007ae4                bn::display_manager::blending_transparency_top_weight()
 .text._ZN2bn15display_manager35blending_transparency_bottom_weightEv
                0x08007afc       0x28 bn_display_manager.o
                0x08007afc                bn::display_manager::blending_transparency_bottom_weight()
 .text._ZN2bn15display_manager51fill_blending_transparency_hblank_effect_attributesEPKNS_32blending_transparency_attributesEPt
                0x08007b24       0x30 bn_display_manager.o
                0x08007b24                bn::display_manager::fill_blending_transparency_hblank_effect_attributes(bn::blending_transparency_attributes const*, unsigned short*)
 .text._ZN2bn15display_manager21blending_fade_enabledEv
                0x08007b54        0xc bn_display_manager.o
                0x08007b54                bn::display_manager::blending_fade_enabled()
 .text._ZN2bn15display_manager39fill_blending_fade_hblank_effect_alphasEPKNS_19blending_fade_alphaEPt
                0x08007b60       0x24 bn_display_manager.o
                0x08007b60                bn::display_manager::fill_blending_fade_hblank_effect_alphas(bn::blending_fade_alpha const*, unsigned short*)
 .text._ZN2bn15display_manager26update_windows_visible_bgsEv
                0x08007b84       0x14 bn_display_manager.o
                0x08007b84                bn::display_manager::update_windows_visible_bgs()
 .text._ZN2bn15display_manager36rect_window_hw_horizontal_boundariesEi
                0x08007b98       0x18 bn_display_manager.o
                0x08007b98                bn::display_manager::rect_window_hw_horizontal_boundaries(int)
 .text._ZN2bn15display_manager34rect_window_hw_vertical_boundariesEi
                0x08007bb0       0x18 bn_display_manager.o
                0x08007bb0                bn::display_manager::rect_window_hw_vertical_boundaries(int)
 .text._ZN2bn15display_manager52fill_rect_window_hblank_effect_horizontal_boundariesERKSt4pairIiiEPKS1_INS_7fixed_tILi12EEES6_EPt
                0x08007bc8      0x134 bn_display_manager.o
                0x08007bc8                bn::display_manager::fill_rect_window_hblank_effect_horizontal_boundaries(std::pair<int, int> const&, std::pair<bn::fixed_t<12>, bn::fixed_t<12> > const*, unsigned short*)
 .text._ZN2bn15display_manager50fill_rect_window_hblank_effect_vertical_boundariesERKSt4pairIiiEPKS1_INS_7fixed_tILi12EEES6_EPt
                0x08007cfc      0x134 bn_display_manager.o
                0x08007cfc                bn::display_manager::fill_rect_window_hblank_effect_vertical_boundaries(std::pair<int, int> const&, std::pair<bn::fixed_t<12>, bn::fixed_t<12> > const*, unsigned short*)
 .text._ZN2bn15display_manager36fill_green_swap_hblank_effect_statesEPKbPt
                0x08007e30       0x38 bn_display_manager.o
                0x08007e30                bn::display_manager::fill_green_swap_hblank_effect_states(bool const*, unsigned short*)
 .text._ZN2bn15display_manager14update_camerasEv
                0x08007e68       0x40 bn_display_manager.o
                0x08007e68                bn::display_manager::update_cameras()
 .text._ZN2bn15display_manager6updateEv
                0x08007ea8      0x254 bn_display_manager.o
                0x08007ea8                bn::display_manager::update()
 .text._ZN2bn15display_manager6commitEv
                0x080080fc      0x12c bn_display_manager.o
                0x080080fc                bn::display_manager::commit()
 .text._ZN2bn15display_manager4stopEv
                0x08008228       0x28 bn_display_manager.o
                0x08008228                bn::display_manager::stop()
 .text._ZN3_bn6assert9show_argsIA66_cEEvPKcS4_S4_iRKT_
                0x08008250       0x48 bn_display_manager.o
                0x08008250                void _bn::assert::show_args<char [66]>(char const*, char const*, char const*, int, char const (&) [66])
 .text.startup._GLOBAL__sub_I__ZNK2bn6window7show_bgERKNS_14regular_bg_ptrE
                0x08008298       0xa4 bn_display_manager.o
 .text._ZN2bn12gpio_manager5sleepEv
                0x0800833c       0x28 bn_gpio_manager.o
                0x0800833c                bn::gpio_manager::sleep()
 .text._ZN2bn22hblank_effects_manager12_GLOBAL__N_19item_type18_output_values_ptrEv
                0x08008364       0x40 bn_hblank_effects_manager.o
 .text._ZN2bn22hblank_effects_manager7disableEv
                0x080083a4       0x24 bn_hblank_effects_manager.o
                0x080083a4                bn::hblank_effects_manager::disable()
 .text._ZN2bn22hblank_effects_manager6commitEv
                0x080083c8       0x78 bn_hblank_effects_manager.o
                0x080083c8                bn::hblank_effects_manager::commit()
 .text._ZN2bn22hblank_effects_manager12_GLOBAL__N_110_is_uint32ENS0_12handler_typeE
                0x08008440       0x64 bn_hblank_effects_manager.o
 .text._ZN2bn22hblank_effects_manager12_GLOBAL__N_19item_type12check_updateEv
                0x080084a4     0x1640 bn_hblank_effects_manager.o
 .text._ZN3_bn6assert9show_argsIA18_cEEvPKcS4_S4_iRKT_
                0x08009ae4       0x48 bn_hblank_effects_manager.o
                0x08009ae4                void _bn::assert::show_args<char [18]>(char const*, char const*, char const*, int, char const (&) [18])
 .text._ZN2bn22hblank_effects_manager6updateEv
                0x08009b2c      0x1ec bn_hblank_effects_manager.o
                0x08009b2c                bn::hblank_effects_manager::update()
 .text._ZN2bn22hblank_effects_manager4initEv
                0x08009d18      0x190 bn_hblank_effects_manager.o
                0x08009d18                bn::hblank_effects_manager::init()
 .text.startup._GLOBAL__sub_I__ZN2bn4hbes10used_countEv
                0x08009ea8       0xe8 bn_hblank_effects_manager.o
 .text._ZN2bn12hdma_manager4initEv
                0x08009f90       0x40 bn_hdma_manager.o
                0x08009f90                bn::hdma_manager::init()
 .text._ZN2bn12hdma_manager10force_stopEv
                0x08009fd0       0x3c bn_hdma_manager.o
                0x08009fd0                bn::hdma_manager::force_stop()
 .text._ZN2bn12hdma_manager7disableEv
                0x0800a00c       0x30 bn_hdma_manager.o
                0x0800a00c                bn::hdma_manager::disable()
 .text._ZN2bn12hdma_manager6updateEv
                0x0800a03c       0x6c bn_hdma_manager.o
                0x0800a03c                bn::hdma_manager::update()
 .text._ZN2bn12hdma_manager6commitEb
                0x0800a0a8      0x120 bn_hdma_manager.o
                0x0800a0a8                bn::hdma_manager::commit(bool)
 .text.startup._GLOBAL__sub_I__ZN2bn4hdma7runningEv
                0x0800a1c8       0x34 bn_hdma_manager.o
 .text._ZN2bn6keypad13start_pressedEv
                0x0800a1fc       0x10 bn_keypad_manager.o
                0x0800a1fc                bn::keypad::start_pressed()
 .text._ZN2bn6keypad10right_heldEv
                0x0800a20c       0x10 bn_keypad_manager.o
                0x0800a20c                bn::keypad::right_held()
 .text._ZN2bn6keypad9left_heldEv
                0x0800a21c       0x10 bn_keypad_manager.o
                0x0800a21c                bn::keypad::left_held()
 .text._ZN2bn6keypad7up_heldEv
                0x0800a22c       0x10 bn_keypad_manager.o
                0x0800a22c                bn::keypad::up_held()
 .text._ZN2bn6keypad9down_heldEv
                0x0800a23c        0xc bn_keypad_manager.o
                0x0800a23c                bn::keypad::down_held()
 .text._ZN2bn14keypad_manager4stopEv
                0x0800a248        0x4 bn_keypad_manager.o
                0x0800a248                bn::keypad_manager::stop()
 .text._ZN2bn14keypad_manager6updateEv
                0x0800a24c       0xa8 bn_keypad_manager.o
                0x0800a24c                bn::keypad_manager::update()
 .text._ZN2bn14keypad_manager4initERKNS_11string_viewE
                0x0800a2f4       0x64 bn_keypad_manager.o
                0x0800a2f4                bn::keypad_manager::init(bn::string_view const&)
 .text._ZN3_bn6assert9show_argsIA16_cEEvPKcS4_S4_iRKT_
                0x0800a358       0x48 bn_keypad_manager.o
                0x0800a358                void _bn::assert::show_args<char [16]>(char const*, char const*, char const*, int, char const (&) [16])
 .text._ZN2bn12link_manager4initEv
                0x0800a3a0        0xc bn_link_manager.o
                0x0800a3a0                bn::link_manager::init()
 .text._ZN2bn12link_manager6activeEv
                0x0800a3ac        0xc bn_link_manager.o
                0x0800a3ac                bn::link_manager::active()
 .text._ZN2bn12link_manager7disableEv
                0x0800a3b8       0x18 bn_link_manager.o
                0x0800a3b8                bn::link_manager::disable()
 .text._ZN2bn14memory_manager12_GLOBAL__N_111static_dataD2Ev
                0x0800a3d0       0x10 bn_memory_manager.o
 .text._ZN2bn14memory_manager4initEv
                0x0800a3e0       0x2c bn_memory_manager.o
                0x0800a3e0                bn::memory_manager::init()
 .text.startup._GLOBAL__sub_I__Znwj
                0x0800a40c       0x20 bn_memory_manager.o
 .text._ZN2bn16palettes_manager12_GLOBAL__N_111static_dataD2Ev
                0x0800a42c        0x4 bn_palettes_manager.o
 .text._ZN2bn2hw8palettes9grayscaleEPKNS_5colorEiiPS2_.part.0
                0x0800a430       0x40 bn_palettes_manager.o
 .text._ZN2bn11bg_palettes21set_transparent_colorENS_5colorE
                0x0800a470       0x40 bn_palettes_manager.o
                0x0800a470                bn::bg_palettes::set_transparent_color(bn::color)
 .text._ZN2bn14bg_palette_ptrC2ERKS0_
                0x0800a4b0       0x2c bn_palettes_manager.o
                0x0800a4b0                bn::bg_palette_ptr::bg_palette_ptr(bn::bg_palette_ptr const&)
                0x0800a4b0                bn::bg_palette_ptr::bg_palette_ptr(bn::bg_palette_ptr const&)
 .text._ZNK2bn14bg_palette_ptr3bppEv
                0x0800a4dc       0x20 bn_palettes_manager.o
                0x0800a4dc                bn::bg_palette_ptr::bpp() const
 .text._ZN2bn18sprite_palette_ptrC2ERKS0_
                0x0800a4fc       0x1c bn_palettes_manager.o
                0x0800a4fc                bn::sprite_palette_ptr::sprite_palette_ptr(bn::sprite_palette_ptr const&)
                0x0800a4fc                bn::sprite_palette_ptr::sprite_palette_ptr(bn::sprite_palette_ptr const&)
 .text._ZNK2bn18sprite_palette_ptr3bppEv
                0x0800a518       0x1c bn_palettes_manager.o
                0x0800a518                bn::sprite_palette_ptr::bpp() const
 .text._ZNK2bn13palettes_bank10log_statusEv
                0x0800a534      0x178 bn_palettes_manager.o
                0x0800a534                bn::palettes_bank::log_status() const
 .text._ZN2bn13palettes_bank10find_bpp_4ERKNS_4spanIKNS_5colorEEEt
                0x0800a6ac      0x118 bn_palettes_manager.o
                0x0800a6ac                bn::palettes_bank::find_bpp_4(bn::span<bn::color const> const&, unsigned short)
 .text._ZNK2bn13palettes_bank20retrieve_commit_dataEv
                0x0800a7c4       0x4c bn_palettes_manager.o
                0x0800a7c4                bn::palettes_bank::retrieve_commit_data() const
 .text._ZNK2bn13palettes_bank21_apply_global_effectsEiPNS_5colorE
                0x0800a810      0x13c bn_palettes_manager.o
                0x0800a810                bn::palettes_bank::_apply_global_effects(int, bn::color*) const
 .text._ZNK2bn13palettes_bank25fill_hblank_effect_colorsEPKNS_5colorEPt
                0x0800a94c       0x30 bn_palettes_manager.o
                0x0800a94c                bn::palettes_bank::fill_hblank_effect_colors(bn::color const*, unsigned short*) const
 .text._ZNK2bn13palettes_bank7palette13apply_effectsEiPNS_5colorE
                0x0800a97c       0xbc bn_palettes_manager.o
                0x0800a97c                bn::palettes_bank::palette::apply_effects(int, bn::color*) const
 .text._ZNK2bn13palettes_bank25fill_hblank_effect_colorsEiPKNS_5colorEPt
                0x0800aa38       0x44 bn_palettes_manager.o
                0x0800aa38                bn::palettes_bank::fill_hblank_effect_colors(int, bn::color const*, unsigned short*) const
 .text._ZN2bn13palettes_bank15_update_paletteEi
                0x0800aa7c       0x6c bn_palettes_manager.o
                0x0800aa7c                bn::palettes_bank::_update_palette(int)
 .text._ZN2bn13palettes_bank6updateEv
                0x0800aae8      0x130 bn_palettes_manager.o
                0x0800aae8                bn::palettes_bank::update()
 .text._ZN2bn13palettes_bankC2Ev
                0x0800ac18       0xd4 bn_palettes_manager.o
                0x0800ac18                bn::palettes_bank::palettes_bank()
                0x0800ac18                bn::palettes_bank::palettes_bank()
 .text._ZN2bn16palettes_manager4initERKNS_8optionalINS_5colorEEE
                0x0800acec      0x184 bn_palettes_manager.o
                0x0800acec                bn::palettes_manager::init(bn::optional<bn::color> const&)
 .text._ZN2bn16palettes_manager20sprite_palettes_bankEv
                0x0800ae70        0x8 bn_palettes_manager.o
                0x0800ae70                bn::palettes_manager::sprite_palettes_bank()
 .text._ZN2bn16palettes_manager16bg_palettes_bankEv
                0x0800ae78        0x8 bn_palettes_manager.o
                0x0800ae78                bn::palettes_manager::bg_palettes_bank()
 .text._ZN2bn16palettes_manager6updateEv
                0x0800ae80       0x20 bn_palettes_manager.o
                0x0800ae80                bn::palettes_manager::update()
 .text._ZN2bn16palettes_manager6commitEb
                0x0800aea0      0x104 bn_palettes_manager.o
                0x0800aea0                bn::palettes_manager::commit(bool)
 .text._ZN2bn16palettes_manager4stopEv
                0x0800afa4       0x20 bn_palettes_manager.o
                0x0800afa4                bn::palettes_manager::stop()
 .text._ZN3_bn6assert9show_argsIA35_cEEvPKcS4_S4_iRKT_
                0x0800afc4       0x48 bn_palettes_manager.o
                0x0800afc4                void _bn::assert::show_args<char [35]>(char const*, char const*, char const*, int, char const (&) [35])
 .text._ZN2bn13palettes_bank11colors_hashERKNS_4spanIKNS_5colorEEE
                0x0800b00c       0x48 bn_palettes_manager.o
                0x0800b00c                bn::palettes_bank::colors_hash(bn::span<bn::color const> const&)
 .text._ZN3_bn6assert9show_argsIJA43_ciA36_cA42_cEEEvPKcS6_S6_iDpRKT_
                0x0800b054       0x64 bn_palettes_manager.o
                0x0800b054                void _bn::assert::show_args<char [43], int, char [36], char [42]>(char const*, char const*, char const*, int, char const (&) [43], int const&, char const (&) [36], char const (&) [42])
 .text._ZN2bn13palettes_bank12create_bpp_8ERKNS_4spanIKNS_5colorEEENS_16compression_typeEb
                0x0800b0b8      0x22c bn_palettes_manager.o
                0x0800b0b8                bn::palettes_bank::create_bpp_8(bn::span<bn::color const> const&, bn::compression_type, bool)
 .text._ZNK2bn19sprite_palette_item10decompressENS_4spanINS_5colorEEE
                0x0800b2e4      0x16c bn_palettes_manager.o
                0x0800b2e4                bn::sprite_palette_item::decompress(bn::span<bn::color>) const
 .text._ZNK2bn15bg_palette_item10decompressENS_4spanINS_5colorEEE
                0x0800b450      0x16c bn_palettes_manager.o
                0x0800b450                bn::bg_palette_item::decompress(bn::span<bn::color>) const
 .text._ZN2bn13palettes_bank12create_bpp_4ERKNS_4spanIKNS_5colorEEEtb
                0x0800b5bc      0x27c bn_palettes_manager.o
                0x0800b5bc                bn::palettes_bank::create_bpp_4(bn::span<bn::color const> const&, unsigned short, bool)
 .text._ZN2bn12_GLOBAL__N_112_create_implERKNS_15bg_palette_itemEb
                0x0800b838       0x94 bn_palettes_manager.o
 .text._ZN2bn14bg_palette_ptr6createERKNS_15bg_palette_itemE
                0x0800b8cc       0x54 bn_palettes_manager.o
                0x0800b8cc                bn::bg_palette_ptr::create(bn::bg_palette_item const&)
 .text._ZNK2bn15bg_palette_item14create_paletteEv
                0x0800b920       0x10 bn_palettes_manager.o
                0x0800b920                bn::bg_palette_item::create_palette() const
 .text._ZN2bn12_GLOBAL__N_112_create_implERKNS_19sprite_palette_itemEb
                0x0800b930       0x7c bn_palettes_manager.o
 .text._ZNK2bn19sprite_palette_item14create_paletteEv
                0x0800b9ac       0x48 bn_palettes_manager.o
                0x0800b9ac                bn::sprite_palette_item::create_palette() const
 .text._ZN2bn14iunordered_mapItsNS_15identity_hasherENS_8equal_toItEEE5eraseERKNS4_14const_iteratorE.isra.0
                0x0800b9f4      0x1b4 bn_palettes_manager.o
 .text._ZN2bn13palettes_bank15decrease_usagesEi.part.0
                0x0800bba8       0xdc bn_palettes_manager.o
 .text._ZN2bn14bg_palette_ptrD2Ev
                0x0800bc84       0x3c bn_palettes_manager.o
                0x0800bc84                bn::bg_palette_ptr::~bg_palette_ptr()
                0x0800bc84                bn::bg_palette_ptr::~bg_palette_ptr()
 .text._ZN2bn18sprite_palette_ptrD2Ev
                0x0800bcc0       0x30 bn_palettes_manager.o
                0x0800bcc0                bn::sprite_palette_ptr::~sprite_palette_ptr()
                0x0800bcc0                bn::sprite_palette_ptr::~sprite_palette_ptr()
 .text._ZN2bn14bg_palette_ptraSERKS0_
                0x0800bcf0       0x5c bn_palettes_manager.o
                0x0800bcf0                bn::bg_palette_ptr::operator=(bn::bg_palette_ptr const&)
 .text.startup._GLOBAL__sub_I__ZN2bn11bg_palettes17used_colors_countEv
                0x0800bd4c       0x34 bn_palettes_manager.o
 .text._ZN2bn26sprite_affine_mats_manager12_GLOBAL__N_119_sprite_double_sizeILi32ELi16EEEbiiiii
                0x0800bd80       0x84 bn_sprite_affine_mats_manager.o
 .text._ZN2bn26sprite_affine_mats_manager12_GLOBAL__N_119_sprite_double_sizeILi16ELi32EEEbiiiii
                0x0800be04       0x84 bn_sprite_affine_mats_manager.o
 .text._ZN2bn26sprite_affine_mats_manager12_GLOBAL__N_111static_dataD2Ev
                0x0800be88       0x3c bn_sprite_affine_mats_manager.o
 .text._ZNK2bn26sprite_affine_mats_manager12_GLOBAL__N_19item_type18sprite_double_sizeEiRKNS_17sprite_shape_sizeE.isra.0
                0x0800bec4      0x1ac bn_sprite_affine_mats_manager.o
 .text._ZNK2bn21sprite_affine_mat_ptr15horizontal_flipEv
                0x0800c070       0x18 bn_sprite_affine_mats_manager.o
                0x0800c070                bn::sprite_affine_mat_ptr::horizontal_flip() const
 .text._ZNK2bn21sprite_affine_mat_ptr13vertical_flipEv
                0x0800c088       0x18 bn_sprite_affine_mats_manager.o
                0x0800c088                bn::sprite_affine_mat_ptr::vertical_flip() const
 .text._ZNK2bn21sprite_affine_mat_ptr16flipped_identityEv
                0x0800c0a0       0x14 bn_sprite_affine_mats_manager.o
                0x0800c0a0                bn::sprite_affine_mat_ptr::flipped_identity() const
 .text._ZN2bn26sprite_affine_mats_manager13attach_spriteEiRNS_24intrusive_list_node_typeE
                0x0800c0b4       0x2c bn_sprite_affine_mats_manager.o
                0x0800c0b4                bn::sprite_affine_mats_manager::attach_sprite(int, bn::intrusive_list_node_type&)
 .text._ZN2bn26sprite_affine_mats_manager18sprite_double_sizeEiRKNS_17sprite_shape_sizeE
                0x0800c0e0       0x4c bn_sprite_affine_mats_manager.o
                0x0800c0e0                bn::sprite_affine_mats_manager::sprite_double_size(int, bn::sprite_shape_size const&)
 .text._ZN2bn26sprite_affine_mats_manager20retrieve_commit_dataEv
                0x0800c12c       0x38 bn_sprite_affine_mats_manager.o
                0x0800c12c                bn::sprite_affine_mats_manager::retrieve_commit_data()
 .text._ZN3_bn6assert9show_argsIA37_cEEvPKcS4_S4_iRKT_
                0x0800c164       0x48 bn_sprite_affine_mats_manager.o
                0x0800c164                void _bn::assert::show_args<char [37]>(char const*, char const*, char const*, int, char const (&) [37])
 .text._ZN2bn26sprite_affine_mats_manager15decrease_usagesEi.part.0
                0x0800c1ac       0x70 bn_sprite_affine_mats_manager.o
 .text._ZN2bn21sprite_affine_mat_ptrD2Ev
                0x0800c21c       0x34 bn_sprite_affine_mats_manager.o
                0x0800c21c                bn::sprite_affine_mat_ptr::~sprite_affine_mat_ptr()
                0x0800c21c                bn::sprite_affine_mat_ptr::~sprite_affine_mat_ptr()
 .text._ZN2bn26sprite_affine_mats_manager6updateEv
                0x0800c250      0x2d0 bn_sprite_affine_mats_manager.o
                0x0800c250                bn::sprite_affine_mats_manager::update()
 .text._ZN2bn26sprite_affine_mats_manager4initEPv
                0x0800c520      0x108 bn_sprite_affine_mats_manager.o
                0x0800c520                bn::sprite_affine_mats_manager::init(void*)
 .text._ZN2bn26sprite_affine_mats_manager14dettach_spriteEiRNS_24intrusive_list_node_typeE
                0x0800c628       0x50 bn_sprite_affine_mats_manager.o
                0x0800c628                bn::sprite_affine_mats_manager::dettach_sprite(int, bn::intrusive_list_node_type&)
 .text.startup._GLOBAL__sub_I__ZN2bn18sprite_affine_mats10used_countEv
                0x0800c678       0xb4 bn_sprite_affine_mats_manager.o
 .text._ZN2bn21sprite_text_generator5_initEv
                0x0800c72c      0x180 bn_sprite_text_generator.o
                0x0800c72c                bn::sprite_text_generator::_init()
 .text._ZN2bn21sprite_text_generatorC2ERKNS_11sprite_fontE
                0x0800c8ac       0x2c bn_sprite_text_generator.o
                0x0800c8ac                bn::sprite_text_generator::sprite_text_generator(bn::sprite_font const&)
                0x0800c8ac                bn::sprite_text_generator::sprite_text_generator(bn::sprite_font const&)
 .text._ZN3_bn6assert9show_argsIA54_cEEvPKcS4_S4_iRKT_
                0x0800c8d8       0x48 bn_sprite_text_generator.o
                0x0800c8d8                void _bn::assert::show_args<char [54]>(char const*, char const*, char const*, int, char const (&) [54])
 .text._ZN3_bn6assert9show_argsIJA25_ciA4_ctEEEvPKcS5_S5_iDpRKT_
                0x0800c920       0x64 bn_sprite_text_generator.o
                0x0800c920                void _bn::assert::show_args<char [25], int, char [4], unsigned short>(char const*, char const*, char const*, int, char const (&) [25], int const&, char const (&) [4], unsigned short const&)
 .text._ZN2bn14utf8_characterC2ERKc
                0x0800c984      0x140 bn_sprite_text_generator.o
                0x0800c984                bn::utf8_character::utf8_character(char const&)
                0x0800c984                bn::utf8_character::utf8_character(char const&)
 .text._ZN2bn12_GLOBAL__N_115_graphics_indexEcRKNS_23utf8_characters_map_refEPKcRi.part.0
                0x0800cac4       0x8c bn_sprite_text_generator.o
 .text._ZN3_bn6assert9show_argsIJA20_ccA9_cN2bn11string_viewEA2_cEEEvPKcS8_S8_iDpRKT_
                0x0800cb50       0x6c bn_sprite_text_generator.o
                0x0800cb50                void _bn::assert::show_args<char [20], char, char [9], bn::string_view, char [2]>(char const*, char const*, char const*, int, char const (&) [20], char const&, char const (&) [9], bn::string_view const&, char const (&) [2])
 .text._ZNK2bn21sprite_text_generator5widthERKNS_11string_viewE
                0x0800cbbc      0x244 bn_sprite_text_generator.o
                0x0800cbbc                bn::sprite_text_generator::width(bn::string_view const&) const
 .text._ZN3_bn6assert9show_argsIA55_cEEvPKcS4_S4_iRKT_
                0x0800ce00       0x48 bn_sprite_text_generator.o
                0x0800ce00                void _bn::assert::show_args<char [55]>(char const*, char const*, char const*, int, char const (&) [55])
 .text._ZN2bn12_GLOBAL__N_120_build_sprite_assertILNS_11sprite_sizeE2EEEPNS_4tileERKNS_21sprite_text_generatorERKNS_18sprite_palette_ptrERKNS_13fixed_point_tILi12EEERNS_7ivectorINS_10sprite_ptrEEE
                0x0800ce48      0x1bc bn_sprite_text_generator.o
 .text._ZN2bn12_GLOBAL__N_120_build_sprite_assertILNS_11sprite_sizeE1EEEPNS_4tileERKNS_21sprite_text_generatorERKNS_18sprite_palette_ptrERKNS_13fixed_point_tILi12EEERNS_7ivectorINS_10sprite_ptrEEE
                0x0800d004      0x1bc bn_sprite_text_generator.o
 .text._ZN2bn12_GLOBAL__N_19_generateILb0EEEbRKNS_21sprite_text_generatorERKNS_13fixed_point_tILi12EEERKNS_11string_viewERKNS_23utf8_characters_map_refEiibRNS_7ivectorINS_10sprite_ptrEEE.isra.0
                0x0800d1c0     0x11c0 bn_sprite_text_generator.o
 .text._ZNK2bn21sprite_text_generator8generateENS_7fixed_tILi12EEES2_RKNS_11string_viewERNS_7ivectorINS_10sprite_ptrEEE
                0x0800e380       0x40 bn_sprite_text_generator.o
                0x0800e380                bn::sprite_text_generator::generate(bn::fixed_t<12>, bn::fixed_t<12>, bn::string_view const&, bn::ivector<bn::sprite_ptr>&) const
 .text._ZNK2bn16sprite_tiles_ptr2idEv
                0x0800e3c0       0x18 bn_sprite_tiles_manager.o
                0x0800e3c0                bn::sprite_tiles_ptr::id() const
 .text._ZNK2bn16sprite_tiles_ptr11tiles_countEv
                0x0800e3d8       0x18 bn_sprite_tiles_manager.o
                0x0800e3d8                bn::sprite_tiles_ptr::tiles_count() const
 .text._ZN2bn20sprite_tiles_manager10log_statusEv
                0x0800e3f0      0x1ec bn_sprite_tiles_manager.o
                0x0800e3f0                bn::sprite_tiles_manager::log_status()
 .text._ZN2bn20sprite_tiles_manager19commit_uncompressedEb
                0x0800e5dc       0xdc bn_sprite_tiles_manager.o
                0x0800e5dc                bn::sprite_tiles_manager::commit_uncompressed(bool)
 .text._ZN3_bn6assert9show_argsIA27_chEEvPKcS4_S4_iRKT_RKT0_
                0x0800e6b8       0x54 bn_sprite_tiles_manager.o
                0x0800e6b8                void _bn::assert::show_args<char [27], unsigned char>(char const*, char const*, char const*, int, char const (&) [27], unsigned char const&)
 .text._ZN3_bn6assert9show_argsIJA44_cPKN2bn4tileEA4_cS6_EEEvPKcS9_S9_iDpRKT_
                0x0800e70c       0x64 bn_sprite_tiles_manager.o
                0x0800e70c                void _bn::assert::show_args<char [44], bn::tile const*, char [4], bn::tile const*>(char const*, char const*, char const*, int, char const (&) [44], bn::tile const* const&, char const (&) [4], bn::tile const* const&)
 .text._ZN3_bn6assert9show_argsIJA46_ciA4_cjEEEvPKcS5_S5_iDpRKT_
                0x0800e770       0x64 bn_sprite_tiles_manager.o
                0x0800e770                void _bn::assert::show_args<char [46], int, char [4], unsigned int>(char const*, char const*, char const*, int, char const (&) [46], int const&, char const (&) [4], unsigned int const&)
 .text._ZN2bn20sprite_tiles_manager12_GLOBAL__N_110_hw_commitEPKNS_4tileENS_16compression_typeEii
                0x0800e7d4       0x9c bn_sprite_tiles_manager.o
 .text._ZN2bn20sprite_tiles_manager17commit_compressedEv
                0x0800e870       0x68 bn_sprite_tiles_manager.o
                0x0800e870                bn::sprite_tiles_manager::commit_compressed()
 .text._ZN3_bn6assert9show_argsIJA28_cA15_cPKN2bn4tileEA16_ciA34_cNS4_11string_viewEEEEvPKcSC_SC_iDpRKT_
                0x0800e8d8       0x7c bn_sprite_tiles_manager.o
                0x0800e8d8                void _bn::assert::show_args<char [28], char [15], bn::tile const*, char [16], int, char [34], bn::string_view>(char const*, char const*, char const*, int, char const (&) [28], char const (&) [15], bn::tile const* const&, char const (&) [16], int const&, char const (&) [34], bn::string_view const&)
 .text._ZN3_bn6assert9show_argsIJA44_ciA34_cN2bn11string_viewEEEEvPKcS7_S7_iDpRKT_
                0x0800e954       0x64 bn_sprite_tiles_manager.o
                0x0800e954                void _bn::assert::show_args<char [44], int, char [34], bn::string_view>(char const*, char const*, char const*, int, char const (&) [44], int const&, char const (&) [34], bn::string_view const&)
 .text._ZN2bn20sprite_tiles_manager4initEv
                0x0800e9b8      0x190 bn_sprite_tiles_manager.o
                0x0800e9b8                bn::sprite_tiles_manager::init()
 .text._ZN2bn20sprite_tiles_manager12_GLOBAL__N_122_insert_to_commit_itemEiRNS1_9item_typeE.part.0
                0x0800eb48       0x6c bn_sprite_tiles_manager.o
 .text._ZN2bn20sprite_tiles_manager12_GLOBAL__N_117_insert_free_itemEiPt
                0x0800ebb4       0xcc bn_sprite_tiles_manager.o
 .text._ZN2bn20sprite_tiles_manager12_GLOBAL__N_116_erase_free_itemEi
                0x0800ec80       0xe4 bn_sprite_tiles_manager.o
 .text._ZN2bn20sprite_tiles_manager12_GLOBAL__N_121_erase_to_commit_itemEiRNS1_9item_typeE
                0x0800ed64      0x100 bn_sprite_tiles_manager.o
 .text._ZN2bn20sprite_tiles_manager15decrease_usagesEi
                0x0800ee64      0x134 bn_sprite_tiles_manager.o
                0x0800ee64                bn::sprite_tiles_manager::decrease_usages(int)
 .text._ZN2bn16sprite_tiles_ptrD2Ev
                0x0800ef98       0x18 bn_sprite_tiles_manager.o
                0x0800ef98                bn::sprite_tiles_ptr::~sprite_tiles_ptr()
                0x0800ef98                bn::sprite_tiles_ptr::~sprite_tiles_ptr()
 .text._ZN2bn20sprite_tiles_manager12_GLOBAL__N_110_find_implEPKNS_4tileENS_16compression_typeEi
                0x0800efb0      0x28c bn_sprite_tiles_manager.o
 .text._ZN2bn20sprite_tiles_manager4vramEi
                0x0800f23c       0x4c bn_sprite_tiles_manager.o
                0x0800f23c                bn::sprite_tiles_manager::vram(int)
 .text._ZN2bn16sprite_tiles_ptr4vramEv
                0x0800f288       0x14 bn_sprite_tiles_manager.o
                0x0800f288                bn::sprite_tiles_ptr::vram()
 .text._ZN2bn14iunordered_mapIPKNS_4tileEiNS_4hashIS3_EENS_8equal_toIS3_EEE5eraseERKNS8_14const_iteratorE.isra.0
                0x0800f29c      0x1b4 bn_sprite_tiles_manager.o
 .text._ZN2bn20sprite_tiles_manager12_GLOBAL__N_112_create_itemEiPKNS_4tileENS_16compression_typeEib
                0x0800f450      0x268 bn_sprite_tiles_manager.o
 .text._ZN2bn20sprite_tiles_manager12_GLOBAL__N_114_allocate_implEi
                0x0800f6b8       0xf8 bn_sprite_tiles_manager.o
 .text._ZN2bn20sprite_tiles_manager8allocateEiNS_8bpp_modeE
                0x0800f7b0       0xc4 bn_sprite_tiles_manager.o
                0x0800f7b0                bn::sprite_tiles_manager::allocate(int, bn::bpp_mode)
 .text._ZN2bn16sprite_tiles_ptr8allocateEiNS_8bpp_modeE
                0x0800f874       0x18 bn_sprite_tiles_manager.o
                0x0800f874                bn::sprite_tiles_ptr::allocate(int, bn::bpp_mode)
 .text._ZN2bn20sprite_tiles_manager6updateEv
                0x0800f88c      0x238 bn_sprite_tiles_manager.o
                0x0800f88c                bn::sprite_tiles_manager::update()
 .text._ZN2bn20sprite_tiles_manager12_GLOBAL__N_112_create_implEPKNS_4tileENS_16compression_typeEi
                0x0800fac4      0x200 bn_sprite_tiles_manager.o
 .text._ZN2bn20sprite_tiles_manager6createERKNS_4spanIKNS_4tileEEENS_16compression_typeE
                0x0800fcc4      0x140 bn_sprite_tiles_manager.o
                0x0800fcc4                bn::sprite_tiles_manager::create(bn::span<bn::tile const> const&, bn::compression_type)
 .text._ZN2bn16sprite_tiles_ptr6createERKNS_17sprite_tiles_itemE
                0x0800fe04       0x84 bn_sprite_tiles_manager.o
                0x0800fe04                bn::sprite_tiles_ptr::create(bn::sprite_tiles_item const&)
 .text._ZNK2bn17sprite_tiles_item12create_tilesEv
                0x0800fe88       0x10 bn_sprite_tiles_manager.o
                0x0800fe88                bn::sprite_tiles_item::create_tiles() const
 .text._ZN2bn16sprite_tiles_ptr6createERKNS_17sprite_tiles_itemEi
                0x0800fe98       0xbc bn_sprite_tiles_manager.o
                0x0800fe98                bn::sprite_tiles_ptr::create(bn::sprite_tiles_item const&, int)
 .text._ZNK2bn17sprite_tiles_item12create_tilesEi
                0x0800ff54       0xbc bn_sprite_tiles_manager.o
                0x0800ff54                bn::sprite_tiles_item::create_tiles(int) const
 .text.startup._GLOBAL__sub_I__ZN2bn12sprite_tiles16used_tiles_countEv
                0x08010010      0x12c bn_sprite_tiles_manager.o
 .text._ZN2bn15sprites_manager12_GLOBAL__N_132_always_update_indexes_to_commitERKNS_20sprites_manager_itemE
                0x0801013c       0x48 bn_sprites_manager.o
 .text._ZN2bn15sprites_manager12_GLOBAL__N_111static_dataD2Ev
                0x08010184       0x44 bn_sprites_manager.o
 .text._ZN2bn13ostringstream11append_argsIiJA4_ciEEEvRKT_DpRKT0_.isra.0
                0x080101c8       0x24 bn_sprites_manager.o
 .text._ZN2bn15sprites_manager12_GLOBAL__N_123_update_item_dimensionsERNS_20sprites_manager_itemE
                0x080101ec       0xc8 bn_sprites_manager.o
 .text._ZN2bn10sprite_ptrC2ERKS0_
                0x080102b4        0xc bn_sprites_manager.o
                0x080102b4                bn::sprite_ptr::sprite_ptr(bn::sprite_ptr const&)
                0x080102b4                bn::sprite_ptr::sprite_ptr(bn::sprite_ptr const&)
 .text._ZN2bn10sprite_ptr5set_xENS_7fixed_tILi12EEE
                0x080102c0       0x48 bn_sprites_manager.o
                0x080102c0                bn::sprite_ptr::set_x(bn::fixed_t<12>)
 .text._ZN2bn10sprite_ptr5set_yENS_7fixed_tILi12EEE
                0x08010308       0x48 bn_sprites_manager.o
                0x08010308                bn::sprite_ptr::set_y(bn::fixed_t<12>)
 .text._ZN2bn10sprite_ptr11set_visibleEb
                0x08010350       0x64 bn_sprites_manager.o
                0x08010350                bn::sprite_ptr::set_visible(bool)
 .text._ZN2bn15sprites_manager4initEv
                0x080103b4       0xd0 bn_sprites_manager.o
                0x080103b4                bn::sprites_manager::init()
 .text._ZN2bn15sprites_manager5hw_idEPv
                0x08010484        0x8 bn_sprites_manager.o
                0x08010484                bn::sprites_manager::hw_id(void*)
 .text._ZN2bn15sprites_manager5shapeEPv
                0x0801048c        0x8 bn_sprites_manager.o
                0x0801048c                bn::sprites_manager::shape(void*)
 .text._ZN2bn15sprites_manager4sizeEPv
                0x08010494        0x8 bn_sprites_manager.o
                0x08010494                bn::sprites_manager::size(void*)
 .text._ZN2bn15sprites_manager10shape_sizeEPv
                0x0801049c       0x14 bn_sprites_manager.o
                0x0801049c                bn::sprites_manager::shape_size(void*)
 .text._ZN2bn15sprites_manager11hw_positionEPv
                0x080104b0        0x4 bn_sprites_manager.o
                0x080104b0                bn::sprites_manager::hw_position(void*)
 .text._ZN2bn15sprites_manager9view_modeEPv
                0x080104b4        0xc bn_sprites_manager.o
                0x080104b4                bn::sprites_manager::view_mode(void*)
 .text._ZN2bn15sprites_manager10affine_matEPv
                0x080104c0        0x4 bn_sprites_manager.o
                0x080104c0                bn::sprites_manager::affine_mat(void*)
 .text._ZN2bn15sprites_manager39fill_hblank_effect_horizontal_positionsEPviPKNS_7fixed_tILi12EEEPt
                0x080104c4       0x44 bn_sprites_manager.o
                0x080104c4                bn::sprites_manager::fill_hblank_effect_horizontal_positions(void*, int, bn::fixed_t<12> const*, unsigned short*)
 .text._ZN2bn15sprites_manager37fill_hblank_effect_vertical_positionsEPviPKNS_7fixed_tILi12EEEPt
                0x08010508       0x44 bn_sprites_manager.o
                0x08010508                bn::sprites_manager::fill_hblank_effect_vertical_positions(void*, int, bn::fixed_t<12> const*, unsigned short*)
 .text._ZN2bn15sprites_manager35fill_hblank_effect_first_attributesEiNS_12sprite_shapeENS_8bpp_modeEiPKNS_23sprite_first_attributesEPt
                0x0801054c       0xdc bn_sprites_manager.o
                0x0801054c                bn::sprites_manager::fill_hblank_effect_first_attributes(int, bn::sprite_shape, bn::bpp_mode, int, bn::sprite_first_attributes const*, unsigned short*)
 .text._ZN2bn15sprites_manager44fill_hblank_effect_regular_second_attributesEPviNS_11sprite_sizeEPKNS_32sprite_regular_second_attributesEPt
                0x08010628       0x60 bn_sprites_manager.o
                0x08010628                bn::sprites_manager::fill_hblank_effect_regular_second_attributes(void*, int, bn::sprite_size, bn::sprite_regular_second_attributes const*, unsigned short*)
 .text._ZN2bn15sprites_manager43fill_hblank_effect_affine_second_attributesEPviNS_11sprite_sizeEPKNS_31sprite_affine_second_attributesEPt
                0x08010688       0x58 bn_sprites_manager.o
                0x08010688                bn::sprites_manager::fill_hblank_effect_affine_second_attributes(void*, int, bn::sprite_size, bn::sprite_affine_second_attributes const*, unsigned short*)
 .text._ZN2bn15sprites_manager14update_camerasEv
                0x080106e0       0x20 bn_sprites_manager.o
                0x080106e0                bn::sprites_manager::update_cameras()
 .text._ZN2bn15sprites_manager23update_auto_double_sizeEPv
                0x08010700       0x2c bn_sprites_manager.o
                0x08010700                bn::sprites_manager::update_auto_double_size(void*)
 .text._ZN2bn15sprites_manager6commitEb
                0x0801072c       0xa4 bn_sprites_manager.o
                0x0801072c                bn::sprites_manager::commit(bool)
 .text._ZNK2bn17sprite_shape_size11tiles_countENS_8bpp_modeE.isra.0
                0x080107d0      0x150 bn_sprites_manager.o
 .text._ZN2bn15sprites_manager12_GLOBAL__N_118_remove_affine_matERNS_20sprites_manager_itemE
                0x08010920       0xe4 bn_sprites_manager.o
 .text._ZN2bn15sprites_manager42remove_identity_affine_mat_when_not_neededEPv
                0x08010a04        0xc bn_sprites_manager.o
                0x08010a04                bn::sprites_manager::remove_identity_affine_mat_when_not_needed(void*)
 .text._ZN2bn14sprite_builder15release_paletteEv
                0x08010a10       0x78 bn_sprites_manager.o
                0x08010a10                bn::sprite_builder::release_palette()
 .text._ZN2bn14sprite_builder13release_tilesEv
                0x08010a88       0x78 bn_sprites_manager.o
                0x08010a88                bn::sprite_builder::release_tiles()
 .text._ZN2bn15sprites_manager7paletteEPv
                0x08010b00       0x34 bn_sprites_manager.o
                0x08010b00                bn::sprites_manager::palette(void*)
 .text._ZN2bn20sprites_manager_item13_builder_initERKNS_14sprite_builderE
                0x08010b34      0x350 bn_sprites_manager.o
                0x08010b34                bn::sprites_manager_item::_builder_init(bn::sprite_builder const&)
 .text._ZN2bn14sprite_builder11set_z_orderEi
                0x08010e84       0x48 bn_sprites_manager.o
                0x08010e84                bn::sprite_builder::set_z_order(int)
 .text._ZN2bn14sprite_builderC2ERKNS_17sprite_shape_sizeENS_16sprite_tiles_ptrENS_18sprite_palette_ptrE
                0x08010ecc      0x120 bn_sprites_manager.o
                0x08010ecc                bn::sprite_builder::sprite_builder(bn::sprite_shape_size const&, bn::sprite_tiles_ptr, bn::sprite_palette_ptr)
                0x08010ecc                bn::sprite_builder::sprite_builder(bn::sprite_shape_size const&, bn::sprite_tiles_ptr, bn::sprite_palette_ptr)
 .text._ZN2bn14sprite_builder15set_bg_priorityEi
                0x08010fec       0x38 bn_sprites_manager.o
                0x08010fec                bn::sprite_builder::set_bg_priority(int)
 .text._ZN2bn15sprites_manager6updateEv
                0x08011024      0x158 bn_sprites_manager.o
                0x08011024                bn::sprites_manager::update()
 .text._ZN3_bn6assert9show_argsIJA27_ciA4_ciEEEvPKcS5_S5_iDpRKT_
                0x0801117c       0x58 bn_sprites_manager.o
                0x0801117c                void _bn::assert::show_args<char [27], int, char [4], int>(char const*, char const*, char const*, int, char const (&) [27], int const&, char const (&) [4], int const&)
 .text._ZN2bn15sprites_manager35fill_hblank_effect_third_attributesENS_17sprite_shape_sizeEPKNS_23sprite_third_attributesEPt
                0x080111d4       0xc4 bn_sprites_manager.o
                0x080111d4                bn::sprites_manager::fill_hblank_effect_third_attributes(bn::sprite_shape_size, bn::sprite_third_attributes const*, unsigned short*)
 .text._ZN2bn14sorted_sprites6sorter6insertERNS_20sprites_manager_itemE
                0x08011298      0x170 bn_sprites_manager.o
                0x08011298                bn::sorted_sprites::sorter::insert(bn::sprites_manager_item&)
 .text._ZN2bn15sprites_manager6createERKNS_13fixed_point_tILi12EEERKNS_17sprite_shape_sizeEONS_16sprite_tiles_ptrEONS_18sprite_palette_ptrE
                0x08011408      0x1dc bn_sprites_manager.o
                0x08011408                bn::sprites_manager::create(bn::fixed_point_t<12> const&, bn::sprite_shape_size const&, bn::sprite_tiles_ptr&&, bn::sprite_palette_ptr&&)
 .text._ZNK2bn11sprite_item13create_spriteENS_7fixed_tILi12EEES2_
                0x080115e4       0x44 bn_sprites_manager.o
                0x080115e4                bn::sprite_item::create_sprite(bn::fixed_t<12>, bn::fixed_t<12>) const
 .text._ZN2bn15sprites_manager6createEONS_14sprite_builderE
                0x08011628      0x180 bn_sprites_manager.o
                0x08011628                bn::sprites_manager::create(bn::sprite_builder&&)
 .text._ZN2bn10sprite_ptr6createEONS_14sprite_builderE
                0x080117a8       0x14 bn_sprites_manager.o
                0x080117a8                bn::sprite_ptr::create(bn::sprite_builder&&)
 .text._ZN2bn15sprites_manager9put_aboveEPv
                0x080117bc       0x74 bn_sprites_manager.o
                0x080117bc                bn::sprites_manager::put_above(void*)
 .text._ZN2bn10sprite_ptr9put_aboveEv
                0x08011830       0x10 bn_sprites_manager.o
                0x08011830                bn::sprite_ptr::put_above()
 .text._ZN2bn15sprites_manager15decrease_usagesEPv
                0x08011840      0x180 bn_sprites_manager.o
                0x08011840                bn::sprites_manager::decrease_usages(void*)
 .text._ZN2bn10sprite_ptrD2Ev
                0x080119c0       0x18 bn_sprites_manager.o
                0x080119c0                bn::sprite_ptr::~sprite_ptr()
                0x080119c0                bn::sprite_ptr::~sprite_ptr()
 .text.startup._GLOBAL__sub_I__ZN2bn7sprites16used_items_countEv
                0x080119d8       0xac bn_sprites_manager.o
 .text._ZN2bn13ostringstreamC2ERNS_12istring_baseE
                0x08011a84        0x8 bn_sstream.o
                0x08011a84                bn::ostringstream::ostringstream(bn::istring_base&)
                0x08011a84                bn::ostringstream::ostringstream(bn::istring_base&)
 .text._ZNK2bn13ostringstream4sizeEv
                0x08011a8c        0x8 bn_sstream.o
                0x08011a8c                bn::ostringstream::size() const
 .text._ZN2bn13ostringstream6appendEPKc
                0x08011a94       0x94 bn_sstream.o
                0x08011a94                bn::ostringstream::append(char const*)
 .text._ZN2bn13ostringstream6appendEi
                0x08011b28       0xb0 bn_sstream.o
                0x08011b28                bn::ostringstream::append(int)
 .text._ZN2bn13ostringstream6appendERKNS_11string_viewE
                0x08011bd8       0x9c bn_sstream.o
                0x08011bd8                bn::ostringstream::append(bn::string_view const&)
 .text._ZN2bn13ostringstream6appendEj
                0x08011c74       0xb0 bn_sstream.o
                0x08011c74                bn::ostringstream::append(unsigned int)
 .text._ZN2bn13ostringstream6appendEPKv
                0x08011d24      0x100 bn_sstream.o
                0x08011d24                bn::ostringstream::append(void const*)
 .text._ZN2bn13ostringstream16_append_fractionEji
                0x08011e24      0x114 bn_sstream.o
                0x08011e24                bn::ostringstream::_append_fraction(unsigned int, int)
 .text._ZN2bn13ostringstream6appendEc
                0x08011f38       0x44 bn_sstream.o
                0x08011f38                bn::ostringstream::append(char)
 .text._ZN2bn18igeneric_pool_baseC2EPci
                0x08011f7c       0x10 bn_translation_unit.o
                0x08011f7c                bn::igeneric_pool_base::igeneric_pool_base(char*, int)
                0x08011f7c                bn::igeneric_pool_base::igeneric_pool_base(char*, int)
 .text._ZN2bn18igeneric_pool_base5_freeEPc
                0x08011f8c       0x10 bn_translation_unit.o
                0x08011f8c                bn::igeneric_pool_base::_free(char*)
 .text._ZN2bn5timerC2Ev
                0x08011f9c       0x24 bn_translation_unit.o
                0x08011f9c                bn::timer::timer()
                0x08011f9c                bn::timer::timer()
 .text._ZNK2bn5timer13elapsed_ticksEv
                0x08011fc0       0x3c bn_translation_unit.o
                0x08011fc0                bn::timer::elapsed_ticks() const
 .text._ZN2bn5timer7restartEv
                0x08011ffc       0x24 bn_translation_unit.o
                0x08011ffc                bn::timer::restart()
 .text._ZN2bn3logERKNS_12istring_baseE
                0x08012020       0x58 bn_translation_unit.o
                0x08012020                bn::log(bn::istring_base const&)
 .text._ZN2bn18igeneric_pool_baseD2Ev
                0x08012078       0x30 bn_translation_unit.o
                0x08012078                bn::igeneric_pool_base::~igeneric_pool_base()
                0x08012078                bn::igeneric_pool_base::~igeneric_pool_base()
 .text._ZN2bn18igeneric_pool_base9_allocateEv
                0x080120a8       0x48 bn_translation_unit.o
                0x080120a8                bn::igeneric_pool_base::_allocate()
 .text._ZN2bn2hw5audio12_GLOBAL__N_111static_dataD2Ev
                0x080120f0       0x18 bn_hw_audio.o
 .text._ZN2bn2hw5audio12_GLOBAL__N_17_commitEv
                0x08012108       0x48 bn_hw_audio.o
 .text._ZN2bn2hw5audio12_GLOBAL__N_115_vblank_handlerEv
                0x08012150       0x24 bn_hw_audio.o
 .text._ZN2bn2hw5audio4initEv
                0x08012174       0x9c bn_hw_audio.o
                0x08012174                bn::hw::audio::init()
 .text._ZN2bn2hw5audio7disableEv
                0x08012210       0x34 bn_hw_audio.o
                0x08012210                bn::hw::audio::disable()
 .text._ZN2bn2hw5audio13music_playingEv
                0x08012244       0x20 bn_hw_audio.o
                0x08012244                bn::hw::audio::music_playing()
 .text._ZN2bn2hw5audio10play_musicEib
                0x08012264       0x1c bn_hw_audio.o
                0x08012264                bn::hw::audio::play_music(int, bool)
 .text._ZN2bn2hw5audio10stop_musicEv
                0x08012280       0x18 bn_hw_audio.o
                0x08012280                bn::hw::audio::stop_music()
 .text._ZN2bn2hw5audio11pause_musicEv
                0x08012298       0x18 bn_hw_audio.o
                0x08012298                bn::hw::audio::pause_music()
 .text._ZN2bn2hw5audio12resume_musicEv
                0x080122b0       0x18 bn_hw_audio.o
                0x080122b0                bn::hw::audio::resume_music()
 .text._ZN2bn2hw5audio17dmg_music_playingEv
                0x080122c8       0x2c bn_hw_audio.o
                0x080122c8                bn::hw::audio::dmg_music_playing()
 .text._ZN2bn2hw5audio14stop_dmg_musicEv
                0x080122f4       0x28 bn_hw_audio.o
                0x080122f4                bn::hw::audio::stop_dmg_music()
 .text._ZN2bn2hw5audio15pause_dmg_musicEv
                0x0801231c       0x28 bn_hw_audio.o
                0x0801231c                bn::hw::audio::pause_dmg_music()
 .text._ZN2bn2hw5audio16resume_dmg_musicEv
                0x08012344       0x28 bn_hw_audio.o
                0x08012344                bn::hw::audio::resume_dmg_music()
 .text._ZN2bn2hw5audio18dmg_music_positionERiS2_
                0x0801236c       0x2c bn_hw_audio.o
                0x0801236c                bn::hw::audio::dmg_music_position(int&, int&)
 .text._ZN2bn2hw5audio6updateEv
                0x08012398       0x14 bn_hw_audio.o
                0x08012398                bn::hw::audio::update()
 .text._ZN3_bn6assert9show_argsIA47_ciEEvPKcS4_S4_iRKT_RKT0_
                0x080123ac       0x54 bn_hw_audio.o
                0x080123ac                void _bn::assert::show_args<char [47], int>(char const*, char const*, char const*, int, char const (&) [47], int const&)
 .text._ZN2bn2hw5audio14play_dmg_musicEPKvNS_14dmg_music_typeEib
                0x08012400       0x8c bn_hw_audio.o
                0x08012400                bn::hw::audio::play_dmg_music(void const*, bn::dmg_music_type, int, bool)
 .text._ZN2bn2hw5audio22set_dmg_music_positionEii
                0x0801248c       0x54 bn_hw_audio.o
                0x0801248c                bn::hw::audio::set_dmg_music_position(int, int)
 .text._ZN2bn2hw5audio20set_dmg_music_volumeEii
                0x080124e0       0x40 bn_hw_audio.o
                0x080124e0                bn::hw::audio::set_dmg_music_volume(int, int)
 .text._ZN3_bn6assert9show_argsIA20_cjEEvPKcS4_S4_iRKT_RKT0_
                0x08012520       0x54 bn_hw_audio.o
                0x08012520                void _bn::assert::show_args<char [20], unsigned int>(char const*, char const*, char const*, int, char const (&) [20], unsigned int const&)
 .text._ZN2bn2hw5audio6commitEv
                0x08012574       0x58 bn_hw_audio.o
                0x08012574                bn::hw::audio::commit()
 .text._ZN2bn2hw5audio12_GLOBAL__N_119_add_sound_to_queueEit
                0x080125cc       0xa0 bn_hw_audio.o
 .text._ZN2bn2hw5audio12_GLOBAL__N_123_erase_sound_from_queueEt
                0x0801266c       0x90 bn_hw_audio.o
 .text._ZN2bn2hw5audio10stop_soundEt
                0x080126fc       0x20 bn_hw_audio.o
                0x080126fc                bn::hw::audio::stop_sound(unsigned short)
 .text._ZN2bn2hw5audio13release_soundEt
                0x0801271c       0x20 bn_hw_audio.o
                0x0801271c                bn::hw::audio::release_sound(unsigned short)
 .text._ZN2bn2hw5audio15stop_all_soundsEv
                0x0801273c       0x68 bn_hw_audio.o
                0x0801273c                bn::hw::audio::stop_all_sounds()
 .text._ZN2bn2hw5audio12_GLOBAL__N_119_check_sounds_queueEv.part.0
                0x080127a4       0x98 bn_hw_audio.o
 .text._ZN2bn2hw5audio10play_soundEiiiii
                0x0801283c       0x48 bn_hw_audio.o
                0x0801283c                bn::hw::audio::play_sound(int, int, int, int, int)
 .text._ZN2bn2hw5audio10play_soundEii
                0x08012884       0x34 bn_hw_audio.o
                0x08012884                bn::hw::audio::play_sound(int, int)
 .text._ZN2bn2hw5audio19update_sounds_queueEv
                0x080128b8       0x90 bn_hw_audio.o
                0x080128b8                bn::hw::audio::update_sounds_queue()
 .text.startup._GLOBAL__sub_I__ZN2bn2hw5audio4initEv
                0x08012948       0x40 bn_hw_audio.o
 .text.__libc_init_array
                0x08012988       0x50 bn_hw_common.bn_noflto.o
                0x08012988                __libc_init_array
 .text.__aeabi_atexit
                0x080129d8        0x4 bn_hw_common.bn_noflto.o
                0x080129d8                __aeabi_atexit
 .text._ZN3_bn6assert9show_argsIA40_cEEvPKcS4_S4_iRKT_
                0x080129dc       0x48 bn_hw_common.bn_noflto.o
                0x080129dc                void _bn::assert::show_args<char [40]>(char const*, char const*, char const*, int, char const (&) [40])
 .text.__aeabi_idiv0
                0x08012a24       0x24 bn_hw_common.bn_noflto.o
                0x08012a24                __aeabi_idiv0
 .text._ZN2bn2hw3irq4initEv
                0x08012a48        0xc bn_hw_irq.o
                0x08012a48                bn::hw::irq::init()
 .text._ZN2bn2hw3irq7set_isrENS1_2idEPFvvE
                0x08012a54       0x10 bn_hw_irq.o
                0x08012a54                bn::hw::irq::set_isr(bn::hw::irq::id, void (*)())
 .text._ZN2bn2hw3irq6enableENS1_2idE
                0x08012a64       0x10 bn_hw_irq.o
                0x08012a64                bn::hw::irq::enable(bn::hw::irq::id)